<?xml version="1.0" encoding="UTF-8"?><rss version="2.0" xmlns:content="http://purl.org/rss/1.0/modules/content/"><channel><title>Frank&apos;s Book Log</title><description>Reviews of current, cult, classic, and forgotten books.</description><link>https://www.franksbooklog.com/</link><image><url>https://www.franksbooklog.com/assets/favicon-128.png</url><title>Frank&apos;s Book Log</title><link>https://www.franksbooklog.com/</link></image><item><title>Fast Forward by Stephen Morris</title><link>https://www.franksbooklog.com/reviews/fast-forward-by-stephen-morris/</link><guid isPermaLink="true">https://www.franksbooklog.com/reviews/fast-forward-by-stephen-morris/</guid><pubDate>Mon, 01 Jul 2024 00:00:00 GMT</pubDate><content:encoded>&lt;img src=&quot;/_image?/content%2Fassets%2Fcovers%2Ffast-forward-by-stephen-morris.png%3ForigWidth%3D500%26origHeight%3D750%26origFormat%3Dpng&amp;w=500&amp;h=750&amp;q=80&amp;f=jpeg&quot; alt=&quot;A cover for Fast Forward: Confessions of a Post-Punk Percussionist: Volume II by Stephen Morris&quot;&gt;&lt;p&gt;&amp;#9733;&amp;#9733;&amp;#9733;&amp;#9733;&amp;#189;&lt;/p&gt;&lt;p&gt;Every bit as entertaining as his first volume, drummer Stephen Morris’s second volume of memoirs picks up where &lt;em&gt;Record Play Pause&lt;/em&gt; ended, chronicling New Order’s rise to super-stardom and the tensions that tore it apart. &lt;a class=&quot;!no-underline uppercase whitespace-nowrap text-accent text-sm leading-none&quot; href=&quot;/reviews/fast-forward-by-stephen-morris/&quot;&gt;Continue reading...&lt;/a&gt;&lt;/p&gt;</content:encoded></item><item><title>Gothic by Philip Fracassi</title><link>https://www.franksbooklog.com/reviews/gothic-by-philip-fracassi/</link><guid isPermaLink="true">https://www.franksbooklog.com/reviews/gothic-by-philip-fracassi/</guid><pubDate>Sun, 30 Jun 2024 00:00:00 GMT</pubDate><content:encoded>&lt;img src=&quot;/_image?/content%2Fassets%2Fcovers%2Fgothic-by-philip-fracassi.png%3ForigWidth%3D500%26origHeight%3D750%26origFormat%3Dpng&amp;w=500&amp;h=750&amp;q=80&amp;f=jpeg&quot; alt=&quot;A cover for Gothic by Philip Fracassi&quot;&gt;&lt;p&gt;&amp;#9733;&amp;#9733;&amp;#9733;&amp;#9733;&lt;/p&gt;&lt;blockquote&gt;
&lt;p&gt;“It’s like Christine… but wood!”&lt;/p&gt;
&lt;/blockquote&gt;
&lt;p&gt;So remarks a character in Philip Fracassi’s meta horror novel about a haunted desk. And while the statement is true per se, it doesn’t do justice to Fracassi’s work, which proves far leaner and meaner than King’s. &lt;a class=&quot;!no-underline uppercase whitespace-nowrap text-accent text-sm leading-none&quot; href=&quot;/reviews/gothic-by-philip-fracassi/&quot;&gt;Continue reading...&lt;/a&gt;&lt;/p&gt;</content:encoded></item><item><title>Record Play Pause by Stephen Morris</title><link>https://www.franksbooklog.com/reviews/record-play-pause-by-stephen-morris/</link><guid isPermaLink="true">https://www.franksbooklog.com/reviews/record-play-pause-by-stephen-morris/</guid><pubDate>Sat, 11 Nov 2023 00:00:00 GMT</pubDate><content:encoded>&lt;img src=&quot;/_image?/content%2Fassets%2Fcovers%2Frecord-play-pause-by-stephen-morris.png%3ForigWidth%3D500%26origHeight%3D750%26origFormat%3Dpng&amp;w=500&amp;h=750&amp;q=80&amp;f=jpeg&quot; alt=&quot;A cover for Record Play Pause by Stephen Morris&quot;&gt;&lt;p&gt;&amp;#9733;&amp;#9733;&amp;#9733;&amp;#9733;&amp;#9733;&lt;/p&gt;&lt;p&gt;Warm, witty, self-deprecating and self-aware, drummer Stephen Morris’s first volume of memoirs chronicles his formative years in the Manchester suburb of Macclesfield through joining Joy Division, its end, and the early days of New Order. &lt;a class=&quot;!no-underline uppercase whitespace-nowrap text-accent text-sm leading-none&quot; href=&quot;/reviews/record-play-pause-by-stephen-morris/&quot;&gt;Continue reading...&lt;/a&gt;&lt;/p&gt;</content:encoded></item><item><title>Fright Night Origins by Tom Holland and A. Jack Ulrich</title><link>https://www.franksbooklog.com/reviews/fright-night-origins-by-tom-holland-a-jack-ulrich/</link><guid isPermaLink="true">https://www.franksbooklog.com/reviews/fright-night-origins-by-tom-holland-a-jack-ulrich/</guid><pubDate>Mon, 06 Nov 2023 00:00:00 GMT</pubDate><content:encoded>&lt;img src=&quot;/_image?/content%2Fassets%2Fcovers%2Ffright-night-origins-by-tom-holland-a-jack-ulrich.png%3ForigWidth%3D500%26origHeight%3D750%26origFormat%3Dpng&amp;w=500&amp;h=750&amp;q=80&amp;f=jpeg&quot; alt=&quot;A cover for Fright Night Origins by Tom Holland and A. Jack Ulrich&quot;&gt;&lt;p&gt;&amp;#9733;&amp;#9733;&amp;#9733;&lt;/p&gt;&lt;p&gt;Tom Holland, director and screenwriter of the original &lt;em&gt;Fright Night&lt;/em&gt; film, partners with A. Jack Ulrich to craft an expanded novelization of the film, proffering more backstory and setting up an expanded universe and sequel. &lt;a class=&quot;!no-underline uppercase whitespace-nowrap text-accent text-sm leading-none&quot; href=&quot;/reviews/fright-night-origins-by-tom-holland-a-jack-ulrich/&quot;&gt;Continue reading...&lt;/a&gt;&lt;/p&gt;</content:encoded></item><item><title>Don&apos;t Let Them Get You Down by Philip Fracassi</title><link>https://www.franksbooklog.com/reviews/dont-let-them-get-you-down-by-philip-fracassi/</link><guid isPermaLink="true">https://www.franksbooklog.com/reviews/dont-let-them-get-you-down-by-philip-fracassi/</guid><pubDate>Sun, 29 Oct 2023 00:00:00 GMT</pubDate><content:encoded>&lt;img src=&quot;/_image?/content%2Fassets%2Fcovers%2Fdont-let-them-get-you-down-by-philip-fracassi.png%3ForigWidth%3D500%26origHeight%3D750%26origFormat%3Dpng&amp;w=500&amp;h=750&amp;q=80&amp;f=jpeg&quot; alt=&quot;A cover for Don&apos;t Let Them Get You Down by Philip Fracassi&quot;&gt;&lt;p&gt;&amp;#9733;&amp;#9733;&amp;#189;&lt;/p&gt;&lt;p&gt;&lt;em&gt;Don’t Let Them Get You Down&lt;/em&gt; follows Peter, a copywriter for a medical website, struggling to hold his life together while battling a spiraling depression triggered by his wife’s cancer death two years prior. &lt;a class=&quot;!no-underline uppercase whitespace-nowrap text-accent text-sm leading-none&quot; href=&quot;/reviews/dont-let-them-get-you-down-by-philip-fracassi/&quot;&gt;Continue reading...&lt;/a&gt;&lt;/p&gt;</content:encoded></item><item><title>The Creative Act by Rick Rubin</title><link>https://www.franksbooklog.com/reviews/the-creative-act-by-rick-rubin/</link><guid isPermaLink="true">https://www.franksbooklog.com/reviews/the-creative-act-by-rick-rubin/</guid><pubDate>Sun, 22 Oct 2023 00:00:00 GMT</pubDate><content:encoded>&lt;img src=&quot;/_image?/content%2Fassets%2Fcovers%2Fthe-creative-act-by-rick-rubin.png%3ForigWidth%3D500%26origHeight%3D750%26origFormat%3Dpng&amp;w=500&amp;h=750&amp;q=80&amp;f=jpeg&quot; alt=&quot;A cover for The Creative Act: A Way of Being by Rick Rubin&quot;&gt;&lt;p&gt;&amp;#9733;&amp;#9733;&amp;#9733;&lt;/p&gt;&lt;p&gt;Rick Rubin, the famed music producer of such disparate acts as the Beastie Boys, Slayer, Tom Petty, and Johnny Cash, proffers a meditation on creativity. &lt;a class=&quot;!no-underline uppercase whitespace-nowrap text-accent text-sm leading-none&quot; href=&quot;/reviews/the-creative-act-by-rick-rubin/&quot;&gt;Continue reading...&lt;/a&gt;&lt;/p&gt;</content:encoded></item><item><title>Sacculina by Philip Fracassi</title><link>https://www.franksbooklog.com/reviews/sacculina-by-philip-fracassi/</link><guid isPermaLink="true">https://www.franksbooklog.com/reviews/sacculina-by-philip-fracassi/</guid><pubDate>Mon, 09 Oct 2023 00:00:00 GMT</pubDate><content:encoded>&lt;img src=&quot;/_image?/content%2Fassets%2Fcovers%2Fsacculina-by-philip-fracassi.png%3ForigWidth%3D500%26origHeight%3D750%26origFormat%3Dpng&amp;w=500&amp;h=750&amp;q=80&amp;f=jpeg&quot; alt=&quot;A cover for Sacculina by Philip Fracassi&quot;&gt;&lt;p&gt;&amp;#9733;&amp;#9733;&amp;#9733;&amp;#9733;&lt;/p&gt;&lt;p&gt;To celebrate Jim’s older brother Jack’s release following a six-year prison stint, the brothers, their father Henry, and Jack’s hulking best friend Chris, charter a fishing boat in the Pacific. The choppy seas don’t bode well for an outing, but the group presses ahead, and their grizzled captain takes them a few miles offshore to a deep spot good for fishing. But the men soon realize they’re under threat by an unknown, overwhelming assailant—and how alone they are at sea. &lt;a class=&quot;!no-underline uppercase whitespace-nowrap text-accent text-sm leading-none&quot; href=&quot;/reviews/sacculina-by-philip-fracassi/&quot;&gt;Continue reading...&lt;/a&gt;&lt;/p&gt;</content:encoded></item><item><title>The Cipher by Kathe Koja</title><link>https://www.franksbooklog.com/reviews/the-cipher-by-kathe-koja/</link><guid isPermaLink="true">https://www.franksbooklog.com/reviews/the-cipher-by-kathe-koja/</guid><pubDate>Sun, 29 Jan 2023 00:00:00 GMT</pubDate><content:encoded>&lt;img src=&quot;/_image?/content%2Fassets%2Fcovers%2Fthe-cipher-by-kathe-koja.png%3ForigWidth%3D500%26origHeight%3D750%26origFormat%3Dpng&amp;w=500&amp;h=750&amp;q=80&amp;f=jpeg&quot; alt=&quot;A cover for The Cipher by Kathe Koja&quot;&gt;&lt;p&gt;&amp;#9733;&amp;#9733;&amp;#9733;&amp;#9733;&lt;/p&gt;&lt;p&gt;How to describe &lt;em&gt;The Cipher&lt;/em&gt;? The plot concerns Nicholas, an aimless twenty-something drifting through life, who discovers a mysterious hole inside a disused storage room in his derelict apartment building. Weird things ensue. &lt;a class=&quot;!no-underline uppercase whitespace-nowrap text-accent text-sm leading-none&quot; href=&quot;/reviews/the-cipher-by-kathe-koja/&quot;&gt;Continue reading...&lt;/a&gt;&lt;/p&gt;</content:encoded></item><item><title>Roadside Pickup by Richard Laymon</title><link>https://www.franksbooklog.com/reviews/roadside-pickup-by-richard-laymon/</link><guid isPermaLink="true">https://www.franksbooklog.com/reviews/roadside-pickup-by-richard-laymon/</guid><pubDate>Sat, 21 Jan 2023 00:00:00 GMT</pubDate><content:encoded>&lt;img src=&quot;/_image?/content%2Fassets%2Fcovers%2Fshort-stories-volume-one-by-richard-laymon.png%3ForigWidth%3D500%26origHeight%3D750%26origFormat%3Dpng&amp;w=500&amp;h=750&amp;q=80&amp;f=jpeg&quot; alt=&quot;A cover for Short Stories: Volume One: The Mystery and Men&apos;s Magazines by Richard Laymon&quot;&gt;&lt;p&gt;&amp;#9733;&amp;#9733;&amp;#189;&lt;/p&gt;&lt;p&gt;Early morning darkness. Colleen sits stranded in her car. Three hours have produced three cars. None have stopped. But the fourth does. A young man with fashionable clothes and booze on his breath. Won’t she let him give her a ride?&lt;/p&gt;
&lt;p&gt;Laymon’s second published story proffers a predictable twist, but at under two thousand words, it doesn’t drag.&lt;/p&gt;</content:encoded></item><item><title>Fright Night by John Skipp and Craig Spector</title><link>https://www.franksbooklog.com/reviews/fright-night-by-john-skipp-craig-spector/</link><guid isPermaLink="true">https://www.franksbooklog.com/reviews/fright-night-by-john-skipp-craig-spector/</guid><pubDate>Sat, 21 Jan 2023 00:00:00 GMT</pubDate><content:encoded>&lt;img src=&quot;/_image?/content%2Fassets%2Fcovers%2Ffright-night-by-john-skipp-craig-spector.png%3ForigWidth%3D500%26origHeight%3D750%26origFormat%3Dpng&amp;w=500&amp;h=750&amp;q=80&amp;f=jpeg&quot; alt=&quot;A cover for Fright Night by John Skipp and Craig Spector&quot;&gt;&lt;p&gt;&amp;#9733;&lt;/p&gt;&lt;p&gt;During a late-night make-out session with his girlfriend, high-schooler Charlie Brewster spies two men carrying a coffin into the basement of the house next-door. Charlie soon discovers his suave new neighbor, Jerry Dandrige, has fangs. When the police don’t believe him, Charlie appeals to the local creature-feature host, washed up horror icon Peter Vincent, for help. &lt;a class=&quot;!no-underline uppercase whitespace-nowrap text-accent text-sm leading-none&quot; href=&quot;/reviews/fright-night-by-john-skipp-craig-spector/&quot;&gt;Continue reading...&lt;/a&gt;&lt;/p&gt;</content:encoded></item></channel></rss>