<!DOCTYPE html><html lang="en"> <head><meta charset="UTF-8"><meta name="viewport" content="width=device-width"><link rel="icon" href="/favicon.ico" sizes="48x48"><link rel="icon" href="/favicon.svg" sizes="any" type="image/svg+xml"><link rel="apple-touch-icon" href="/apple-touch-icon.png"><link rel="manifest" href="/site.webmanifest"><link rel="sitemap" href="/sitemap-index.xml"><meta name="description" content="Reviews of current, cult, classic, and forgotten books."><meta name="og:image"><meta property="og:url" content="https://www.franksbooklog.com//"><meta property="og:title" content="Frank's Book Log"><meta property="og:description" content="Reviews of current, cult, classic, and forgotten books."><title>Frank&#39;s Book Log</title></head>  <div><a href="#content" class="absolute left-1/2 top-0.5 z-50 mx-auto bg-subtle px-6 py-2 text-center text-accent [transform:translate(-50%,calc(-100%_-_2px))] focus:[transform:translate(-50%,0%)]">Skip to content</a><div class="image-filter mx-auto min-h-4 w-full max-w-canvas bg-[url(&#x27;/assets/ripnotcomingsoon.avif&#x27;)] desktop:sticky desktop:top-0 desktop:z-40"></div><div class="mx-auto flex min-h-full max-w-canvas flex-col bg-default"><header class="flex flex-col items-center gap-6 bg-default px-pageMargin py-6 text-center shadow-bottom desktop:sticky desktop:top-4 desktop:z-40 desktop:flex-row desktop:justify-between desktop:gap-8 desktop:py-8 desktop:text-left"><div class="items-inherit justify-items-inherit flex flex-col"><h1 class="whitespace-nowrap text-[1.5625rem] font-normal leading-8"><a class="text-default" href="/">Frank&#x27;s Book Log</a></h1><p class="w-full text-sm italic leading-4 text-muted desktop:pl-px">Literature is a relative term.</p></div><div class="w-full max-w-prose desktop:order-4 desktop:w-44"><form action="https://www.google.com/search" accept-charset="UTF-8" method="get" role="search" class="mx-auto w-full max-w-[512px] overflow-hidden rounded shadow-all"><label for="search" class="flex overflow-hidden"><span class="sr-only">Search</span><input type="text" name="q" id="search" placeholder="Search..." class="min-w-0 grow border-0 bg-subtle px-4 py-2 text-base font-light leading-6 text-default"/><input type="hidden" name="q" value="site:www.franksbooklog.com"/><button type="submit" value="Search" aria-label="Search" class="border-0 border-l border-default bg-subtle px-3 py-1"><svg class="size-4 fill-subtle" viewBox="0 0 16 16"><path fill-rule="evenodd" d="M10.442 10.442a1 1 0 011.415 0l3.85 3.85a1 1 0 01-1.414 1.415l-3.85-3.85a1 1 0 010-1.415z"></path><path fill-rule="evenodd" d="M6.5 12a5.5 5.5 0 100-11 5.5 5.5 0 000 11zM13 6.5a6.5 6.5 0 11-13 0 6.5 6.5 0 0113 0z"></path></svg></button></label></form></div><nav class="w-full desktop:w-auto"><ul class="flex flex-wrap justify-center gap-x-4 gap-y-2 text-accent tablet:gap-x-6 desktop:flex-nowrap desktop:justify-start"><li class="block whitespace-nowrap tracking-0.5px"><a class="text-muted" href="/">Home</a></li><li class="block whitespace-nowrap tracking-0.5px"><a class="text-inherit" href="/how-i-grade/">How I Grade</a></li><li class="block whitespace-nowrap tracking-0.5px"><a class="text-inherit" href="/reviews/">Reviews</a></li><li class="block whitespace-nowrap tracking-0.5px"><a class="text-inherit" href="/readings/">Reading Log</a></li><li class="block whitespace-nowrap tracking-0.5px"><a class="text-inherit" href="/authors/">Authors</a></li><li class="block whitespace-nowrap tracking-0.5px"><a class="text-inherit" href="/shelf/">Shelf</a></li></ul></nav></header><div class="grow" id="content">  <main><ol class="flex flex-col"><li class="flex even:bg-subtle"><article class="mx-auto flex flex-col items-center px-pageMargin py-10 desktop:grid desktop:w-full desktop:grid-cols-8"><div class="text-center text-sm font-light uppercase leading-4 tracking-0.75px text-subtle desktop:self-start desktop:text-left desktop:leading-8">01 Jul 2024<div class="spacer-y-6"></div></div><a rel="canonical" href="/reviews/fast-forward-by-stephen-morris/" class="cover-clip-path mx-auto block max-w-prose border-8 border-solid border-default bg-default desktop:col-span-2 desktop:self-start desktop:justify-self-end"><img srcSet="/_image?/content%2Fassets%2Fcovers%2Ffast-forward-by-stephen-morris.png%3ForigWidth%3D500%26origHeight%3D750%26origFormat%3Dpng&amp;w=168&amp;q=80&amp;f=avif 1x, /_image?/content%2Fassets%2Fcovers%2Ffast-forward-by-stephen-morris.png%3ForigWidth%3D500%26origHeight%3D750%26origFormat%3Dpng&amp;w=336&amp;q=80&amp;f=avif 2x" src="/_image?/content%2Fassets%2Fcovers%2Ffast-forward-by-stephen-morris.png%3ForigWidth%3D500%26origHeight%3D750%26origFormat%3Dpng&amp;w=168&amp;h=252&amp;q=80&amp;f=avif" alt="A cover of Fast Forward by Stephen Morris" authors="[object Object]" title="Fast Forward" width="168" height="252" loading="eager" decoding="async" style="aspect-ratio:0.66666667"/></a><div class="flex flex-col items-center desktop:col-span-5 desktop:items-start desktop:pl-4"><div class="py-4 text-sm font-light uppercase leading-4 tracking-0.75px text-subtle desktop:pt-0 desktop:leading-8">2020<!-- --> | <!-- -->Nonfiction</div><h2 class="text-center text-2.5xl font-bold leading-8"><a href="/reviews/fast-forward-by-stephen-morris/" rel="canonical" class="inline-block">Fast Forward</a></h2><p class="text-center">by<!-- --> <span class="text-accent"><a href="/reviews/authors/stephen-morris/">Stephen Morris</a></span></p> <div class="spacer-y-4"></div><picture><source srcSet="/svg/4-half-stars-dark.svg" media="(prefers-color-scheme: dark)"/><img src="/svg/4-half-stars.svg" alt="A-: 4.5 stars (out of 5)" height="24" width="120"/></picture><div class="spacer-y-4"></div><div class="rendered-markdown font-light max-w-[34rem] text-lg leading-normal tracking-0.3px text-muted"><p>Every bit as entertaining as his first volume, drummer Stephen Morris’s second volume of memoirs picks up where <em>Record Play Pause</em> ended, chronicling New Order’s rise to super-stardom and the tensions that tore it apart. <a class="!no-underline uppercase whitespace-nowrap text-accent text-sm leading-none" href="/reviews/fast-forward-by-stephen-morris/">Continue reading...</a></p></div></div></article></li><li class="flex even:bg-subtle"><article class="mx-auto flex flex-col items-center px-pageMargin py-10 desktop:grid desktop:w-full desktop:grid-cols-8"><div class="text-center text-sm font-light uppercase leading-4 tracking-0.75px text-subtle desktop:self-start desktop:text-left desktop:leading-8">30 Jun 2024<div class="spacer-y-6"></div></div><a rel="canonical" href="/reviews/gothic-by-philip-fracassi/" class="cover-clip-path mx-auto block max-w-prose border-8 border-solid border-default bg-default desktop:col-span-2 desktop:self-start desktop:justify-self-end"><img srcSet="/_image?/content%2Fassets%2Fcovers%2Fgothic-by-philip-fracassi.png%3ForigWidth%3D500%26origHeight%3D750%26origFormat%3Dpng&amp;w=168&amp;q=80&amp;f=avif 1x, /_image?/content%2Fassets%2Fcovers%2Fgothic-by-philip-fracassi.png%3ForigWidth%3D500%26origHeight%3D750%26origFormat%3Dpng&amp;w=336&amp;q=80&amp;f=avif 2x" src="/_image?/content%2Fassets%2Fcovers%2Fgothic-by-philip-fracassi.png%3ForigWidth%3D500%26origHeight%3D750%26origFormat%3Dpng&amp;w=168&amp;h=252&amp;q=80&amp;f=avif" alt="A cover of Gothic by Philip Fracassi" authors="[object Object]" title="Gothic" width="168" height="252" loading="lazy" decoding="async" style="aspect-ratio:0.66666667"/></a><div class="flex flex-col items-center desktop:col-span-5 desktop:items-start desktop:pl-4"><div class="py-4 text-sm font-light uppercase leading-4 tracking-0.75px text-subtle desktop:pt-0 desktop:leading-8">2023<!-- --> | <!-- -->Novel</div><h2 class="text-center text-2.5xl font-bold leading-8"><a href="/reviews/gothic-by-philip-fracassi/" rel="canonical" class="inline-block">Gothic</a></h2><p class="text-center">by<!-- --> <span class="text-accent"><a href="/reviews/authors/philip-fracassi/">Philip Fracassi</a></span></p> <div class="spacer-y-4"></div><picture><source srcSet="/svg/4-stars-dark.svg" media="(prefers-color-scheme: dark)"/><img src="/svg/4-stars.svg" alt="B+: 4 stars (out of 5)" height="24" width="120"/></picture><div class="spacer-y-4"></div><div class="rendered-markdown font-light max-w-[34rem] text-lg leading-normal tracking-0.3px text-muted"><blockquote>
<p>“It’s like Christine… but wood!”</p>
</blockquote>
<p>So remarks a character in Philip Fracassi’s meta horror novel about a haunted desk. And while the statement is true per se, it doesn’t do justice to Fracassi’s work, which proves far leaner and meaner than King’s. <a class="!no-underline uppercase whitespace-nowrap text-accent text-sm leading-none" href="/reviews/gothic-by-philip-fracassi/">Continue reading...</a></p></div></div></article></li><li class="flex even:bg-subtle"><article class="mx-auto flex flex-col items-center px-pageMargin py-10 desktop:grid desktop:w-full desktop:grid-cols-8"><div class="text-center text-sm font-light uppercase leading-4 tracking-0.75px text-subtle desktop:self-start desktop:text-left desktop:leading-8">11 Nov 2023<div class="spacer-y-6"></div></div><a rel="canonical" href="/reviews/record-play-pause-by-stephen-morris/" class="cover-clip-path mx-auto block max-w-prose border-8 border-solid border-default bg-default desktop:col-span-2 desktop:self-start desktop:justify-self-end"><img srcSet="/_image?/content%2Fassets%2Fcovers%2Frecord-play-pause-by-stephen-morris.png%3ForigWidth%3D500%26origHeight%3D750%26origFormat%3Dpng&amp;w=168&amp;q=80&amp;f=avif 1x, /_image?/content%2Fassets%2Fcovers%2Frecord-play-pause-by-stephen-morris.png%3ForigWidth%3D500%26origHeight%3D750%26origFormat%3Dpng&amp;w=336&amp;q=80&amp;f=avif 2x" src="/_image?/content%2Fassets%2Fcovers%2Frecord-play-pause-by-stephen-morris.png%3ForigWidth%3D500%26origHeight%3D750%26origFormat%3Dpng&amp;w=168&amp;h=252&amp;q=80&amp;f=avif" alt="A cover of Record Play Pause by Stephen Morris" authors="[object Object]" title="Record Play Pause" width="168" height="252" loading="lazy" decoding="async" style="aspect-ratio:0.66666667"/></a><div class="flex flex-col items-center desktop:col-span-5 desktop:items-start desktop:pl-4"><div class="py-4 text-sm font-light uppercase leading-4 tracking-0.75px text-subtle desktop:pt-0 desktop:leading-8">2019<!-- --> | <!-- -->Nonfiction</div><h2 class="text-center text-2.5xl font-bold leading-8"><a href="/reviews/record-play-pause-by-stephen-morris/" rel="canonical" class="inline-block">Record Play Pause</a></h2><p class="text-center">by<!-- --> <span class="text-accent"><a href="/reviews/authors/stephen-morris/">Stephen Morris</a></span></p> <div class="spacer-y-4"></div><picture><source srcSet="/svg/5-stars-dark.svg" media="(prefers-color-scheme: dark)"/><img src="/svg/5-stars.svg" alt="A: 5 stars (out of 5)" height="24" width="120"/></picture><div class="spacer-y-4"></div><div class="rendered-markdown font-light max-w-[34rem] text-lg leading-normal tracking-0.3px text-muted"><p>Warm, witty, self-deprecating and self-aware, drummer Stephen Morris’s first volume of memoirs chronicles his formative years in the Manchester suburb of Macclesfield through joining Joy Division, its end, and the early days of New Order. <a class="!no-underline uppercase whitespace-nowrap text-accent text-sm leading-none" href="/reviews/record-play-pause-by-stephen-morris/">Continue reading...</a></p></div></div></article></li><li class="flex even:bg-subtle"><article class="mx-auto flex flex-col items-center px-pageMargin py-10 desktop:grid desktop:w-full desktop:grid-cols-8"><div class="text-center text-sm font-light uppercase leading-4 tracking-0.75px text-subtle desktop:self-start desktop:text-left desktop:leading-8">06 Nov 2023<div class="spacer-y-6"></div></div><a rel="canonical" href="/reviews/fright-night-origins-by-tom-holland-a-jack-ulrich/" class="cover-clip-path mx-auto block max-w-prose border-8 border-solid border-default bg-default desktop:col-span-2 desktop:self-start desktop:justify-self-end"><img srcSet="/_image?/content%2Fassets%2Fcovers%2Ffright-night-origins-by-tom-holland-a-jack-ulrich.png%3ForigWidth%3D500%26origHeight%3D750%26origFormat%3Dpng&amp;w=168&amp;q=80&amp;f=avif 1x, /_image?/content%2Fassets%2Fcovers%2Ffright-night-origins-by-tom-holland-a-jack-ulrich.png%3ForigWidth%3D500%26origHeight%3D750%26origFormat%3Dpng&amp;w=336&amp;q=80&amp;f=avif 2x" src="/_image?/content%2Fassets%2Fcovers%2Ffright-night-origins-by-tom-holland-a-jack-ulrich.png%3ForigWidth%3D500%26origHeight%3D750%26origFormat%3Dpng&amp;w=168&amp;h=252&amp;q=80&amp;f=avif" alt="A cover of Fright Night Origins by Tom Holland and A. Jack Ulrich" authors="[object Object],[object Object]" title="Fright Night Origins" width="168" height="252" loading="lazy" decoding="async" style="aspect-ratio:0.66666667"/></a><div class="flex flex-col items-center desktop:col-span-5 desktop:items-start desktop:pl-4"><div class="py-4 text-sm font-light uppercase leading-4 tracking-0.75px text-subtle desktop:pt-0 desktop:leading-8">2023<!-- --> | <!-- -->Novel</div><h2 class="text-center text-2.5xl font-bold leading-8"><a href="/reviews/fright-night-origins-by-tom-holland-a-jack-ulrich/" rel="canonical" class="inline-block">Fright Night Origins</a></h2><p class="text-center">by<!-- --> <span class="text-accent"><a href="/reviews/authors/tom-holland/">Tom Holland</a></span> and <span class="text-accent"><a href="/reviews/authors/a-jack-ulrich/">A. Jack Ulrich</a></span></p> <div class="spacer-y-4"></div><picture><source srcSet="/svg/3-stars-dark.svg" media="(prefers-color-scheme: dark)"/><img src="/svg/3-stars.svg" alt="C+: 3 stars (out of 5)" height="24" width="120"/></picture><div class="spacer-y-4"></div><div class="rendered-markdown font-light max-w-[34rem] text-lg leading-normal tracking-0.3px text-muted"><p>Tom Holland, director and screenwriter of the original <em>Fright Night</em> film, partners with A. Jack Ulrich to craft an expanded novelization of the film, proffering more backstory and setting up an expanded universe and sequel. <a class="!no-underline uppercase whitespace-nowrap text-accent text-sm leading-none" href="/reviews/fright-night-origins-by-tom-holland-a-jack-ulrich/">Continue reading...</a></p></div></div></article></li><li class="flex even:bg-subtle"><article class="mx-auto flex flex-col items-center px-pageMargin py-10 desktop:grid desktop:w-full desktop:grid-cols-8"><div class="text-center text-sm font-light uppercase leading-4 tracking-0.75px text-subtle desktop:self-start desktop:text-left desktop:leading-8">29 Oct 2023<div class="spacer-y-6"></div></div><a rel="canonical" href="/reviews/dont-let-them-get-you-down-by-philip-fracassi/" class="cover-clip-path mx-auto block max-w-prose border-8 border-solid border-default bg-default desktop:col-span-2 desktop:self-start desktop:justify-self-end"><img srcSet="/_image?/content%2Fassets%2Fcovers%2Fdont-let-them-get-you-down-by-philip-fracassi.png%3ForigWidth%3D500%26origHeight%3D750%26origFormat%3Dpng&amp;w=168&amp;q=80&amp;f=avif 1x, /_image?/content%2Fassets%2Fcovers%2Fdont-let-them-get-you-down-by-philip-fracassi.png%3ForigWidth%3D500%26origHeight%3D750%26origFormat%3Dpng&amp;w=336&amp;q=80&amp;f=avif 2x" src="/_image?/content%2Fassets%2Fcovers%2Fdont-let-them-get-you-down-by-philip-fracassi.png%3ForigWidth%3D500%26origHeight%3D750%26origFormat%3Dpng&amp;w=168&amp;h=252&amp;q=80&amp;f=avif" alt="A cover of Don&#x27;t Let Them Get You Down by Philip Fracassi" authors="[object Object]" title="Don&#x27;t Let Them Get You Down" width="168" height="252" loading="lazy" decoding="async" style="aspect-ratio:0.66666667"/></a><div class="flex flex-col items-center desktop:col-span-5 desktop:items-start desktop:pl-4"><div class="py-4 text-sm font-light uppercase leading-4 tracking-0.75px text-subtle desktop:pt-0 desktop:leading-8">2022<!-- --> | <!-- -->Novel</div><h2 class="text-center text-2.5xl font-bold leading-8"><a href="/reviews/dont-let-them-get-you-down-by-philip-fracassi/" rel="canonical" class="inline-block">Don&#x27;t Let Them Get You Down</a></h2><p class="text-center">by<!-- --> <span class="text-accent"><a href="/reviews/authors/philip-fracassi/">Philip Fracassi</a></span></p> <div class="spacer-y-4"></div><picture><source srcSet="/svg/2-half-stars-dark.svg" media="(prefers-color-scheme: dark)"/><img src="/svg/2-half-stars.svg" alt="C-: 2.5 stars (out of 5)" height="24" width="120"/></picture><div class="spacer-y-4"></div><div class="rendered-markdown font-light max-w-[34rem] text-lg leading-normal tracking-0.3px text-muted"><p><em>Don’t Let Them Get You Down</em> follows Peter, a copywriter for a medical website, struggling to hold his life together while battling a spiraling depression triggered by his wife’s cancer death two years prior. <a class="!no-underline uppercase whitespace-nowrap text-accent text-sm leading-none" href="/reviews/dont-let-them-get-you-down-by-philip-fracassi/">Continue reading...</a></p></div></div></article></li><li class="flex even:bg-subtle"><article class="mx-auto flex flex-col items-center px-pageMargin py-10 desktop:grid desktop:w-full desktop:grid-cols-8"><div class="text-center text-sm font-light uppercase leading-4 tracking-0.75px text-subtle desktop:self-start desktop:text-left desktop:leading-8">22 Oct 2023<div class="spacer-y-6"></div></div><a rel="canonical" href="/reviews/the-creative-act-by-rick-rubin/" class="cover-clip-path mx-auto block max-w-prose border-8 border-solid border-default bg-default desktop:col-span-2 desktop:self-start desktop:justify-self-end"><img srcSet="/_image?/content%2Fassets%2Fcovers%2Fthe-creative-act-by-rick-rubin.png%3ForigWidth%3D500%26origHeight%3D750%26origFormat%3Dpng&amp;w=168&amp;q=80&amp;f=avif 1x, /_image?/content%2Fassets%2Fcovers%2Fthe-creative-act-by-rick-rubin.png%3ForigWidth%3D500%26origHeight%3D750%26origFormat%3Dpng&amp;w=336&amp;q=80&amp;f=avif 2x" src="/_image?/content%2Fassets%2Fcovers%2Fthe-creative-act-by-rick-rubin.png%3ForigWidth%3D500%26origHeight%3D750%26origFormat%3Dpng&amp;w=168&amp;h=252&amp;q=80&amp;f=avif" alt="A cover of The Creative Act by Rick Rubin" authors="[object Object]" title="The Creative Act" width="168" height="252" loading="lazy" decoding="async" style="aspect-ratio:0.66666667"/></a><div class="flex flex-col items-center desktop:col-span-5 desktop:items-start desktop:pl-4"><div class="py-4 text-sm font-light uppercase leading-4 tracking-0.75px text-subtle desktop:pt-0 desktop:leading-8">2023<!-- --> | <!-- -->Nonfiction</div><h2 class="text-center text-2.5xl font-bold leading-8"><a href="/reviews/the-creative-act-by-rick-rubin/" rel="canonical" class="inline-block">The Creative Act</a></h2><p class="text-center">by<!-- --> <span class="text-accent"><a href="/reviews/authors/rick-rubin/">Rick Rubin</a></span></p> <div class="spacer-y-4"></div><picture><source srcSet="/svg/3-stars-dark.svg" media="(prefers-color-scheme: dark)"/><img src="/svg/3-stars.svg" alt="C+: 3 stars (out of 5)" height="24" width="120"/></picture><div class="spacer-y-4"></div><div class="rendered-markdown font-light max-w-[34rem] text-lg leading-normal tracking-0.3px text-muted"><p>Rick Rubin, the famed music producer of such disparate acts as the Beastie Boys, Slayer, Tom Petty, and Johnny Cash, proffers a meditation on creativity. <a class="!no-underline uppercase whitespace-nowrap text-accent text-sm leading-none" href="/reviews/the-creative-act-by-rick-rubin/">Continue reading...</a></p></div></div></article></li><li class="flex even:bg-subtle"><article class="mx-auto flex flex-col items-center px-pageMargin py-10 desktop:grid desktop:w-full desktop:grid-cols-8"><div class="text-center text-sm font-light uppercase leading-4 tracking-0.75px text-subtle desktop:self-start desktop:text-left desktop:leading-8">09 Oct 2023<div class="spacer-y-6"></div></div><a rel="canonical" href="/reviews/sacculina-by-philip-fracassi/" class="cover-clip-path mx-auto block max-w-prose border-8 border-solid border-default bg-default desktop:col-span-2 desktop:self-start desktop:justify-self-end"><img srcSet="/_image?/content%2Fassets%2Fcovers%2Fsacculina-by-philip-fracassi.png%3ForigWidth%3D500%26origHeight%3D750%26origFormat%3Dpng&amp;w=168&amp;q=80&amp;f=avif 1x, /_image?/content%2Fassets%2Fcovers%2Fsacculina-by-philip-fracassi.png%3ForigWidth%3D500%26origHeight%3D750%26origFormat%3Dpng&amp;w=336&amp;q=80&amp;f=avif 2x" src="/_image?/content%2Fassets%2Fcovers%2Fsacculina-by-philip-fracassi.png%3ForigWidth%3D500%26origHeight%3D750%26origFormat%3Dpng&amp;w=168&amp;h=252&amp;q=80&amp;f=avif" alt="A cover of Sacculina by Philip Fracassi" authors="[object Object]" title="Sacculina" width="168" height="252" loading="lazy" decoding="async" style="aspect-ratio:0.66666667"/></a><div class="flex flex-col items-center desktop:col-span-5 desktop:items-start desktop:pl-4"><div class="py-4 text-sm font-light uppercase leading-4 tracking-0.75px text-subtle desktop:pt-0 desktop:leading-8">2017<!-- --> | <!-- -->Novella</div><h2 class="text-center text-2.5xl font-bold leading-8"><a href="/reviews/sacculina-by-philip-fracassi/" rel="canonical" class="inline-block">Sacculina</a></h2><p class="text-center">by<!-- --> <span class="text-accent"><a href="/reviews/authors/philip-fracassi/">Philip Fracassi</a></span></p> <div class="spacer-y-4"></div><picture><source srcSet="/svg/4-stars-dark.svg" media="(prefers-color-scheme: dark)"/><img src="/svg/4-stars.svg" alt="B: 4 stars (out of 5)" height="24" width="120"/></picture><div class="spacer-y-4"></div><div class="rendered-markdown font-light max-w-[34rem] text-lg leading-normal tracking-0.3px text-muted"><p>To celebrate Jim’s older brother Jack’s release following a six-year prison stint, the brothers, their father Henry, and Jack’s hulking best friend Chris, charter a fishing boat in the Pacific. The choppy seas don’t bode well for an outing, but the group presses ahead, and their grizzled captain takes them a few miles offshore to a deep spot good for fishing. But the men soon realize they’re under threat by an unknown, overwhelming assailant—and how alone they are at sea. <a class="!no-underline uppercase whitespace-nowrap text-accent text-sm leading-none" href="/reviews/sacculina-by-philip-fracassi/">Continue reading...</a></p></div></div></article></li><li class="flex even:bg-subtle"><article class="mx-auto flex flex-col items-center px-pageMargin py-10 desktop:grid desktop:w-full desktop:grid-cols-8"><div class="text-center text-sm font-light uppercase leading-4 tracking-0.75px text-subtle desktop:self-start desktop:text-left desktop:leading-8">29 Jan 2023<div class="spacer-y-6"></div></div><a rel="canonical" href="/reviews/the-cipher-by-kathe-koja/" class="cover-clip-path mx-auto block max-w-prose border-8 border-solid border-default bg-default desktop:col-span-2 desktop:self-start desktop:justify-self-end"><img srcSet="/_image?/content%2Fassets%2Fcovers%2Fthe-cipher-by-kathe-koja.png%3ForigWidth%3D500%26origHeight%3D750%26origFormat%3Dpng&amp;w=168&amp;q=80&amp;f=avif 1x, /_image?/content%2Fassets%2Fcovers%2Fthe-cipher-by-kathe-koja.png%3ForigWidth%3D500%26origHeight%3D750%26origFormat%3Dpng&amp;w=336&amp;q=80&amp;f=avif 2x" src="/_image?/content%2Fassets%2Fcovers%2Fthe-cipher-by-kathe-koja.png%3ForigWidth%3D500%26origHeight%3D750%26origFormat%3Dpng&amp;w=168&amp;h=252&amp;q=80&amp;f=avif" alt="A cover of The Cipher by Kathe Koja" authors="[object Object]" title="The Cipher" width="168" height="252" loading="lazy" decoding="async" style="aspect-ratio:0.66666667"/></a><div class="flex flex-col items-center desktop:col-span-5 desktop:items-start desktop:pl-4"><div class="py-4 text-sm font-light uppercase leading-4 tracking-0.75px text-subtle desktop:pt-0 desktop:leading-8">1991<!-- --> | <!-- -->Novel</div><h2 class="text-center text-2.5xl font-bold leading-8"><a href="/reviews/the-cipher-by-kathe-koja/" rel="canonical" class="inline-block">The Cipher</a></h2><p class="text-center">by<!-- --> <span class="text-accent"><a href="/reviews/authors/kathe-koja/">Kathe Koja</a></span></p> <div class="spacer-y-4"></div><picture><source srcSet="/svg/4-stars-dark.svg" media="(prefers-color-scheme: dark)"/><img src="/svg/4-stars.svg" alt="B: 4 stars (out of 5)" height="24" width="120"/></picture><div class="spacer-y-4"></div><div class="rendered-markdown font-light max-w-[34rem] text-lg leading-normal tracking-0.3px text-muted"><p>How to describe <em>The Cipher</em>? The plot concerns Nicholas, an aimless twenty-something drifting through life, who discovers a mysterious hole inside a disused storage room in his derelict apartment building. Weird things ensue. <a class="!no-underline uppercase whitespace-nowrap text-accent text-sm leading-none" href="/reviews/the-cipher-by-kathe-koja/">Continue reading...</a></p></div></div></article></li><li class="flex even:bg-subtle"><article class="mx-auto flex flex-col items-center px-pageMargin py-10 desktop:grid desktop:w-full desktop:grid-cols-8"><div class="text-center text-sm font-light uppercase leading-4 tracking-0.75px text-subtle desktop:self-start desktop:text-left desktop:leading-8">21 Jan 2023<div class="spacer-y-6"></div></div><a rel="canonical" href="/reviews/roadside-pickup-by-richard-laymon/" class="cover-clip-path mx-auto block max-w-prose border-8 border-solid border-default bg-default desktop:col-span-2 desktop:self-start desktop:justify-self-end"><img srcSet="/_image?/content%2Fassets%2Fcovers%2Fshort-stories-volume-one-by-richard-laymon.png%3ForigWidth%3D500%26origHeight%3D750%26origFormat%3Dpng&amp;w=168&amp;q=80&amp;f=avif 1x, /_image?/content%2Fassets%2Fcovers%2Fshort-stories-volume-one-by-richard-laymon.png%3ForigWidth%3D500%26origHeight%3D750%26origFormat%3Dpng&amp;w=336&amp;q=80&amp;f=avif 2x" src="/_image?/content%2Fassets%2Fcovers%2Fshort-stories-volume-one-by-richard-laymon.png%3ForigWidth%3D500%26origHeight%3D750%26origFormat%3Dpng&amp;w=168&amp;h=252&amp;q=80&amp;f=avif" alt="A cover of Roadside Pickup by Richard Laymon" authors="[object Object]" title="Roadside Pickup" width="168" height="252" loading="lazy" decoding="async" style="aspect-ratio:0.66666667"/></a><div class="flex flex-col items-center desktop:col-span-5 desktop:items-start desktop:pl-4"><div class="py-4 text-sm font-light uppercase leading-4 tracking-0.75px text-subtle desktop:pt-0 desktop:leading-8">1974<!-- --> | <!-- -->Short Story</div><h2 class="text-center text-2.5xl font-bold leading-8"><a href="/reviews/roadside-pickup-by-richard-laymon/" rel="canonical" class="inline-block">Roadside Pickup</a></h2><p class="text-center">by<!-- --> <span class="text-accent"><a href="/reviews/authors/richard-laymon/">Richard Laymon</a></span></p> <div class="spacer-y-4"></div><picture><source srcSet="/svg/2-half-stars-dark.svg" media="(prefers-color-scheme: dark)"/><img src="/svg/2-half-stars.svg" alt="C-: 2.5 stars (out of 5)" height="24" width="120"/></picture><div class="spacer-y-4"></div><div class="rendered-markdown font-light max-w-[34rem] text-lg leading-normal tracking-0.3px text-muted"><p>Early morning darkness. Colleen sits stranded in her car. Three hours have produced three cars. None have stopped. But the fourth does. A young man with fashionable clothes and booze on his breath. Won’t she let him give her a ride?</p>
<p>Laymon’s second published story proffers a predictable twist, but at under two thousand words, it doesn’t drag.</p></div></div></article></li><li class="flex even:bg-subtle"><article class="mx-auto flex flex-col items-center px-pageMargin py-10 desktop:grid desktop:w-full desktop:grid-cols-8"><div class="text-center text-sm font-light uppercase leading-4 tracking-0.75px text-subtle desktop:self-start desktop:text-left desktop:leading-8">21 Jan 2023<div class="spacer-y-6"></div></div><a rel="canonical" href="/reviews/fright-night-by-john-skipp-craig-spector/" class="cover-clip-path mx-auto block max-w-prose border-8 border-solid border-default bg-default desktop:col-span-2 desktop:self-start desktop:justify-self-end"><img srcSet="/_image?/content%2Fassets%2Fcovers%2Ffright-night-by-john-skipp-craig-spector.png%3ForigWidth%3D500%26origHeight%3D750%26origFormat%3Dpng&amp;w=168&amp;q=80&amp;f=avif 1x, /_image?/content%2Fassets%2Fcovers%2Ffright-night-by-john-skipp-craig-spector.png%3ForigWidth%3D500%26origHeight%3D750%26origFormat%3Dpng&amp;w=336&amp;q=80&amp;f=avif 2x" src="/_image?/content%2Fassets%2Fcovers%2Ffright-night-by-john-skipp-craig-spector.png%3ForigWidth%3D500%26origHeight%3D750%26origFormat%3Dpng&amp;w=168&amp;h=252&amp;q=80&amp;f=avif" alt="A cover of Fright Night by John Skipp and Craig Spector" authors="[object Object],[object Object]" title="Fright Night" width="168" height="252" loading="lazy" decoding="async" style="aspect-ratio:0.66666667"/></a><div class="flex flex-col items-center desktop:col-span-5 desktop:items-start desktop:pl-4"><div class="py-4 text-sm font-light uppercase leading-4 tracking-0.75px text-subtle desktop:pt-0 desktop:leading-8">1985<!-- --> | <!-- -->Novel</div><h2 class="text-center text-2.5xl font-bold leading-8"><a href="/reviews/fright-night-by-john-skipp-craig-spector/" rel="canonical" class="inline-block">Fright Night</a></h2><p class="text-center">by<!-- --> <span class="text-accent"><a href="/reviews/authors/john-skipp/">John Skipp</a></span> and <span class="text-accent"><a href="/reviews/authors/craig-spector/">Craig Spector</a></span></p> <div class="spacer-y-4"></div><picture><source srcSet="/svg/1-star-dark.svg" media="(prefers-color-scheme: dark)"/><img src="/svg/1-star.svg" alt="F: 1 star (out of 5)" height="24" width="120"/></picture><div class="spacer-y-4"></div><div class="rendered-markdown font-light max-w-[34rem] text-lg leading-normal tracking-0.3px text-muted"><p>During a late-night make-out session with his girlfriend, high-schooler Charlie Brewster spies two men carrying a coffin into the basement of the house next-door. Charlie soon discovers his suave new neighbor, Jerry Dandrige, has fangs. When the police don’t believe him, Charlie appeals to the local creature-feature host, washed up horror icon Peter Vincent, for help. <a class="!no-underline uppercase whitespace-nowrap text-accent text-sm leading-none" href="/reviews/fright-night-by-john-skipp-craig-spector/">Continue reading...</a></p></div></div></article></li></ol><a href="/reviews/" class="flex justify-end px-pageMargin py-10 text-lg text-accent">All Reviews →</a></main>  </div><footer class="flex flex-col items-center gap-y-6 bg-[url(&#x27;/assets/ripnotcomingsoon.avif&#x27;)] px-pageMargin py-8 text-inverse"><ul class="flex w-full flex-wrap justify-center gap-x-4 gap-y-2 text-inverse tablet:gap-x-6 max:w-auto"><li class="block whitespace-nowrap tracking-0.5px"><a class="text-inverse" href="/">Home</a></li><li class="block whitespace-nowrap tracking-0.5px"><a class="text-inherit" href="/how-i-grade/">How I Grade</a></li><li class="block whitespace-nowrap tracking-0.5px"><a class="text-inherit" href="/reviews/">Reviews</a></li><li class="block whitespace-nowrap tracking-0.5px"><a class="text-inherit" href="/readings/">Reading Log</a></li><li class="block whitespace-nowrap tracking-0.5px"><a class="text-inherit" href="/authors/">Authors</a></li><li class="block whitespace-nowrap tracking-0.5px"><a class="text-inherit" href="/shelf/">Shelf</a></li></ul><p class="text-sm font-light leading-4">All images used in accordance with the<!-- --> <a href="http://www.copyright.gov/title17/92chap1.html#107" class="text-inherit">Fair Use Law.</a></p><a href="#top" class="sr-only">To the top ↑</a></footer></div></div> </html>