<!DOCTYPE html><html lang="en"> <head><meta charset="UTF-8"><meta name="viewport" content="width=device-width"><link rel="icon" href="/favicon.ico" sizes="48x48"><link rel="icon" href="/favicon.svg" sizes="any" type="image/svg+xml"><link rel="apple-touch-icon" href="/apple-touch-icon.png"><link rel="manifest" href="/site.webmanifest"><link rel="sitemap" href="/sitemap-index.xml"><meta name="description" content="My most-read authors and other stats for 2024."><meta name="og:image"><meta property="og:url" content="https://www.franksbooklog.com//"><meta property="og:title" content="2024 Stats"><meta property="og:description" content="My most-read authors and other stats for 2024."><title>2024 Stats | Frank&#39;s Book Log</title></head>  <div><a href="#content" class="absolute left-1/2 top-0.5 z-50 mx-auto bg-subtle px-6 py-2 text-center text-accent [transform:translate(-50%,calc(-100%_-_2px))] focus:[transform:translate(-50%,0%)]">Skip to content</a><div class="image-filter mx-auto min-h-4 w-full max-w-canvas bg-[url(&#x27;/assets/ripnotcomingsoon.avif&#x27;)] desktop:sticky desktop:top-0 desktop:z-40"></div><div class="mx-auto flex min-h-full max-w-canvas flex-col bg-default"><header class="flex flex-col items-center gap-6 bg-default px-pageMargin py-6 text-center shadow-bottom desktop:sticky desktop:top-4 desktop:z-40 desktop:flex-row desktop:justify-between desktop:gap-8 desktop:py-8 desktop:text-left"><div class="items-inherit justify-items-inherit flex flex-col"><h1 class="whitespace-nowrap text-[1.5625rem] font-normal leading-8"><a class="text-default" href="/">Frank&#x27;s Book Log</a></h1><p class="w-full text-sm italic leading-4 text-muted desktop:pl-px">Literature is a relative term.</p></div><div class="w-full max-w-prose desktop:order-4 desktop:w-44"><form action="https://www.google.com/search" accept-charset="UTF-8" method="get" role="search" class="mx-auto w-full max-w-[512px] overflow-hidden rounded shadow-all"><label for="search" class="flex overflow-hidden"><span class="sr-only">Search</span><input type="text" name="q" id="search" placeholder="Search..." class="min-w-0 grow border-0 bg-subtle px-4 py-2 text-base font-light leading-6 text-default"/><input type="hidden" name="q" value="site:www.franksbooklog.com"/><button type="submit" value="Search" aria-label="Search" class="border-0 border-l border-default bg-subtle px-3 py-1"><svg class="size-4 fill-subtle" viewBox="0 0 16 16"><path fill-rule="evenodd" d="M10.442 10.442a1 1 0 011.415 0l3.85 3.85a1 1 0 01-1.414 1.415l-3.85-3.85a1 1 0 010-1.415z"></path><path fill-rule="evenodd" d="M6.5 12a5.5 5.5 0 100-11 5.5 5.5 0 000 11zM13 6.5a6.5 6.5 0 11-13 0 6.5 6.5 0 0113 0z"></path></svg></button></label></form></div><nav class="w-full desktop:w-auto"><ul class="flex flex-wrap justify-center gap-x-4 gap-y-2 text-accent tablet:gap-x-6 desktop:flex-nowrap desktop:justify-start"><li class="block whitespace-nowrap tracking-0.5px"><a class="text-muted" href="/">Home</a></li><li class="block whitespace-nowrap tracking-0.5px"><a class="text-inherit" href="/how-i-grade/">How I Grade</a></li><li class="block whitespace-nowrap tracking-0.5px"><a class="text-inherit" href="/reviews/">Reviews</a></li><li class="block whitespace-nowrap tracking-0.5px"><a class="text-inherit" href="/readings/">Reading Log</a></li><li class="block whitespace-nowrap tracking-0.5px"><a class="text-inherit" href="/authors/">Authors</a></li><li class="block whitespace-nowrap tracking-0.5px"><a class="text-inherit" href="/shelf/">Shelf</a></li></ul></nav></header><div class="grow" id="content">  <main class="flex flex-col items-center"><header class="flex flex-col flex-wrap justify-between px-pageMargin"><div class="flex flex-col items-center"><h1 class="text-[2rem] font-normal leading-none desktop:text-[2.25rem] pt-6 desktop:pt-8">2024 Stats</h1><p class="text-subtle">A year in progress...</p><div class="spacer-y-6"></div><ul class="flex flex-wrap justify-center gap-4 text-md"><li class="block"><a class="text-accent" href="/readings/stats/">All-Time</a></li><li class="block">2024</li><li class="block"><a class="text-accent" href="/readings/stats/2023/">2023</a></li><li class="block"><a class="text-accent" href="/readings/stats/2022/">2022</a></li></ul></div><div><div class="spacer-y-8"></div><div class="flex flex-wrap justify-center gap-6 desktop:flex-nowrap"><div class="flex size-36 flex-col justify-center rounded-[50%] text-center shadow-all"><div class="text-[2rem] leading-8">2</div> <div class="text-subtle">Titles</div></div><div class="flex size-36 flex-col justify-center rounded-[50%] text-center shadow-all"><div class="text-[2rem] leading-8">2</div> <div class="text-subtle">Books</div></div></div></div></header><div class="flex w-full max-w-[960px] flex-col items-stretch gap-y-8 py-8 tablet:px-gutter desktop:px-pageMargin"><section><h3 class="sticky top-[var(--header-offset)] z-30 bg-canvas px-gutter py-2 text-md font-normal">By Year Published</h3><table class="relative w-full border-collapse shadow-all tablet:whitespace-nowrap"><thead class="sticky top-10 z-10 bg-default px-6 leading-[calc(2.5rem_-_2px)] desktop:top-[calc(var(--header-offset)_+_2.5rem)]"><tr><th class="pl-gutter text-left">Decade</th><th> </th><th class="pr-gutter text-right">Titles</th></tr></thead><tbody><tr class="leading-10 odd:bg-subtle"><td class="px-gutter py-0 text-left">2020s</td><td class="w-full py-0"><div class="progress-bar-bg leading-[38px]" style="--bar-percent:100%"> </div></td><td class="px-gutter py-0 text-right">2</td></tr></tbody></table></section><section><h3 class="sticky top-[var(--header-offset)] z-30 bg-canvas px-gutter py-2 text-md font-normal">By Kind</h3><table class="relative w-full border-collapse shadow-all tablet:whitespace-nowrap"><thead class="sticky top-10 z-10 bg-default px-6 leading-[calc(2.5rem_-_2px)] desktop:top-[calc(var(--header-offset)_+_2.5rem)]"><tr><th class="pl-gutter text-left">Kind</th><th> </th><th class="pr-gutter text-right">Titles</th></tr></thead><tbody><tr class="leading-10 odd:bg-subtle"><td class="px-gutter py-0 text-left">Nonfiction</td><td class="w-full py-0 max-tablet:w-0 max-tablet:*:hidden"><div class="progress-bar-bg leading-[38px]" style="--bar-percent:100%"> </div></td><td class="px-gutter py-0 text-right">1</td></tr><tr class="leading-10 odd:bg-subtle"><td class="px-gutter py-0 text-left">Novel</td><td class="w-full py-0 max-tablet:w-0 max-tablet:*:hidden"><div class="progress-bar-bg leading-[38px]" style="--bar-percent:100%"> </div></td><td class="px-gutter py-0 text-right">1</td></tr></tbody></table></section><section><h3 class="sticky top-[var(--header-offset)] z-30 bg-canvas px-gutter py-2 text-md font-normal">By Edition</h3><table class="relative w-full border-collapse shadow-all tablet:whitespace-nowrap"><thead class="sticky top-10 z-10 bg-default px-6 leading-[calc(2.5rem_-_2px)] desktop:top-[calc(var(--header-offset)_+_2.5rem)]"><tr><th class="pl-gutter text-left">Edition</th><th> </th><th class="pr-gutter text-right">Titles</th></tr></thead><tbody><tr class="leading-10 odd:bg-subtle"><td class="px-gutter py-0 text-left">Audible</td><td class="w-full py-0 max-tablet:w-0 max-tablet:*:hidden"><div class="progress-bar-bg leading-[38px]" style="--bar-percent:100%"> </div></td><td class="px-gutter py-0 text-right">1</td></tr><tr class="leading-10 odd:bg-subtle"><td class="px-gutter py-0 text-left">Kindle</td><td class="w-full py-0 max-tablet:w-0 max-tablet:*:hidden"><div class="progress-bar-bg leading-[38px]" style="--bar-percent:100%"> </div></td><td class="px-gutter py-0 text-right">1</td></tr></tbody></table></section></div></main>  </div><footer class="flex flex-col items-center gap-y-6 bg-[url(&#x27;/assets/ripnotcomingsoon.avif&#x27;)] px-pageMargin py-8 text-inverse"><ul class="flex w-full flex-wrap justify-center gap-x-4 gap-y-2 text-inverse tablet:gap-x-6 max:w-auto"><li class="block whitespace-nowrap tracking-0.5px"><a class="text-inverse" href="/">Home</a></li><li class="block whitespace-nowrap tracking-0.5px"><a class="text-inherit" href="/how-i-grade/">How I Grade</a></li><li class="block whitespace-nowrap tracking-0.5px"><a class="text-inherit" href="/reviews/">Reviews</a></li><li class="block whitespace-nowrap tracking-0.5px"><a class="text-inherit" href="/readings/">Reading Log</a></li><li class="block whitespace-nowrap tracking-0.5px"><a class="text-inherit" href="/authors/">Authors</a></li><li class="block whitespace-nowrap tracking-0.5px"><a class="text-inherit" href="/shelf/">Shelf</a></li></ul><p class="text-sm font-light leading-4">All images used in accordance with the<!-- --> <a href="http://www.copyright.gov/title17/92chap1.html#107" class="text-inherit">Fair Use Law.</a></p><a href="#top" class="sr-only">To the top ↑</a></footer></div></div> </html>