<!DOCTYPE html><html lang="en"> <head><meta charset="UTF-8"><meta name="viewport" content="width=device-width"><link rel="icon" href="/favicon.ico" sizes="48x48"><link rel="icon" href="/favicon.svg" sizes="any" type="image/svg+xml"><link rel="apple-touch-icon" href="/apple-touch-icon.png"><link rel="manifest" href="/site.webmanifest"><link rel="sitemap" href="/sitemap-index.xml"><meta name="description" content="&#38;#9733;&#38;#9733;&#38;#9733; Tom Holland, director and screenwriter of the original Fright Night film, partners with A. Jack Ulrich to craft an expanded novelization of the film, proffering more backstory and setting up an expanded universe and sequel.
"><meta name="og:image"><meta property="og:url" content="https://www.franksbooklog.com//"><meta property="og:type" content="article"><meta property="og:title" content="Fright Night Origins by Tom Holland and A. Jack Ulrich"><meta property="og:description" content="&#38;#9733;&#38;#9733;&#38;#9733; Tom Holland, director and screenwriter of the original Fright Night film, partners with A. Jack Ulrich to craft an expanded novelization of the film, proffering more backstory and setting up an expanded universe and sequel.
"><title>Fright Night Origins by Tom Holland and A. Jack Ulrich | Frank&#39;s Book Log</title></head>  <div><a href="#content" class="absolute left-1/2 top-0.5 z-50 mx-auto bg-subtle px-6 py-2 text-center text-accent [transform:translate(-50%,calc(-100%_-_2px))] focus:[transform:translate(-50%,0%)]">Skip to content</a><div class="image-filter mx-auto min-h-4 w-full max-w-canvas bg-[url(&#x27;/assets/ripnotcomingsoon.avif&#x27;)] desktop:sticky desktop:top-0 desktop:z-40"></div><div class="mx-auto flex min-h-full max-w-canvas flex-col bg-default"><header class="flex flex-col items-center gap-6 bg-default px-pageMargin py-6 text-center shadow-bottom desktop:sticky desktop:top-4 desktop:z-40 desktop:flex-row desktop:justify-between desktop:gap-8 desktop:py-8 desktop:text-left"><div class="items-inherit justify-items-inherit flex flex-col"><h1 class="whitespace-nowrap text-[1.5625rem] font-normal leading-8"><a class="text-default" href="/">Frank&#x27;s Book Log</a></h1><p class="w-full text-sm italic leading-4 text-muted desktop:pl-px">Literature is a relative term.</p></div><div class="w-full max-w-prose desktop:order-4 desktop:w-44"><form action="https://www.google.com/search" accept-charset="UTF-8" method="get" role="search" class="mx-auto w-full max-w-[512px] overflow-hidden rounded shadow-all"><label for="search" class="flex overflow-hidden"><span class="sr-only">Search</span><input type="text" name="q" id="search" placeholder="Search..." class="min-w-0 grow border-0 bg-subtle px-4 py-2 text-base font-light leading-6 text-default"/><input type="hidden" name="q" value="site:www.franksbooklog.com"/><button type="submit" value="Search" aria-label="Search" class="border-0 border-l border-default bg-subtle px-3 py-1"><svg class="size-4 fill-subtle" viewBox="0 0 16 16"><path fill-rule="evenodd" d="M10.442 10.442a1 1 0 011.415 0l3.85 3.85a1 1 0 01-1.414 1.415l-3.85-3.85a1 1 0 010-1.415z"></path><path fill-rule="evenodd" d="M6.5 12a5.5 5.5 0 100-11 5.5 5.5 0 000 11zM13 6.5a6.5 6.5 0 11-13 0 6.5 6.5 0 0113 0z"></path></svg></button></label></form></div><nav class="w-full desktop:w-auto"><ul class="flex flex-wrap justify-center gap-x-4 gap-y-2 text-accent tablet:gap-x-6 desktop:flex-nowrap desktop:justify-start"><li class="block whitespace-nowrap tracking-0.5px"><a class="text-muted" href="/">Home</a></li><li class="block whitespace-nowrap tracking-0.5px"><a class="text-inherit" href="/how-i-grade/">How I Grade</a></li><li class="block whitespace-nowrap tracking-0.5px"><a class="text-inherit" href="/reviews/">Reviews</a></li><li class="block whitespace-nowrap tracking-0.5px"><a class="text-inherit" href="/readings/">Reading Log</a></li><li class="block whitespace-nowrap tracking-0.5px"><a class="text-inherit" href="/authors/">Authors</a></li><li class="block whitespace-nowrap tracking-0.5px"><a class="text-inherit" href="/shelf/">Shelf</a></li></ul></nav></header><div class="grow" id="content">  <main id="top" class="flex flex-col items-center pt-6 desktop:pt-12"><header class="flex w-full flex-col items-center px-pageMargin"><div class="text-center"><h1 class="text-[2rem] font-normal leading-none desktop:text-[2.25rem]">Fright Night Origins</h1></div><div class="spacer-y-2"></div><div class="text-center text-md text-muted">by<!-- --> <div class="inline-block text-accent"><a href="/reviews/authors/tom-holland/">Tom Holland</a></div> and <div class="inline-block text-accent"><a href="/reviews/authors/a-jack-ulrich/">A. Jack Ulrich</a></div></div><div class="spacer-y-2 desktop:spacer-y-4"></div><div class="uppercase tracking-1px text-subtle"><span class="tracking-0.25px">2023</span> | <!-- -->Novel</div><div class="spacer-y-8"></div><div class="relative flex h-[340px] w-full max-w-popout flex-col items-center"><div class="cover-clip-path absolute inset-0 overflow-hidden"><div style="background-color:var(--bg-default);background-image:linear-gradient(90deg, rgba(var(--bg-default-rgb),1) 0%, rgba(var(--bg-default-rgb),var(--bg-default-alpha)) 30%, rgba(var(--bg-default-rgb),0) 50%, rgba(var(--bg-default-rgb),var(--bg-default-alpha)) 70%, rgba(var(--bg-default-rgb),1) 100%), url(/_image?/content%2Fassets%2Fcovers%2Ffright-night-origins-by-tom-holland-a-jack-ulrich.png%3ForigWidth%3D500%26origHeight%3D750%26origFormat%3Dpng&amp;w=248&amp;h=372&amp;q=80&amp;f=avif)" class="absolute left-[-5%] top-[-5%] size-[110%] bg-default bg-cover bg-center"></div><div class="absolute size-full backdrop-blur"></div></div><div class="relative -top-4 z-10 h-[372px] shadow-[0_5px_20px_rgba(49,46,42,0.22)]"><img srcSet="/_image?/content%2Fassets%2Fcovers%2Ffright-night-origins-by-tom-holland-a-jack-ulrich.png%3ForigWidth%3D500%26origHeight%3D750%26origFormat%3Dpng&amp;w=248&amp;q=80&amp;f=avif 1x, /_image?/content%2Fassets%2Fcovers%2Ffright-night-origins-by-tom-holland-a-jack-ulrich.png%3ForigWidth%3D500%26origHeight%3D750%26origFormat%3Dpng&amp;w=496&amp;q=80&amp;f=avif 2x" src="/_image?/content%2Fassets%2Fcovers%2Ffright-night-origins-by-tom-holland-a-jack-ulrich.png%3ForigWidth%3D500%26origHeight%3D750%26origFormat%3Dpng&amp;w=248&amp;h=372&amp;q=80&amp;f=avif" alt="A cover for Fright Night Origins by Tom Holland and A. Jack Ulrich" width="248" height="372" class="safari-border-radius-fix shadow-[0_5px_20px_rgba(49,46,42,0.22)]" loading="eager" decoding="async" style="aspect-ratio:0.66666667"/></div></div><div class="spacer-y-12"></div><picture><source srcSet="/svg/3-stars-dark.svg" media="(prefers-color-scheme: dark)"/><img src="/svg/3-stars.svg" alt="C+: 3 stars (out of 5)" height="32" width="160"/></picture><div class="flex flex-col items-center tracking-0.5px text-subtle"><span>on</span> <!-- -->Mon, Nov 6, 2023</div><div class="spacer-y-8"></div></header><div class="flex flex-col px-pageMargin desktop:px-gutter"><div class="rendered-markdown font-light text-md/7 tracking-0.3px tablet:text-xl/8 max-w-prose"><p>Tom Holland, director and screenwriter of the original <em>Fright Night</em> film, partners with A. Jack Ulrich to craft an expanded novelization of the film, proffering more backstory and setting up an expanded universe and sequel.</p>
<!-- end -->
<p>Like the movie, the novel focuses on teenager Charlie Brewster, who discovers his new suave next-door neighbor Jerry Dandrige is a vampire and recruits aging creature-feature host Peter Vincent for help.</p>
<p>Unlike the film, the novel transplants the action from Iowa to Rancho Corvallis, a small California town near Sonoma, and proffers additional scenes and backstory for Dandrige, real name Gellert cel Catura, and his servant, Billy, real name Wilhelm.</p>
<p>We also get details about Charlie’s absent father. He’d been an auto mechanic, a trade he learned in the Army. He died from injuries sustained saving a woman and her daughter from a burning car.</p>
<p>The result proves uneven.</p>
<p>I enjoyed the added scenes chronicling the police investigation into the rash of murders following Dandrige’s arrival. It lends a procedural angle absent in the film. A scene where two cops try to reconstruct what happened in the nightclub between Charlie and Dandrige and proffers one of the book’s best self-deprecating moments:</p>
<blockquote>
<p>“What do you have?” Dent asked.</p>
<p>“Not a lot. Initial interviews are sketchy, but this is what I’ve pieced together.  A well-dressed man in his thirties, dark hair, intense eyes, was dancing with a girl, a bit on the young side.  Some kid rolled up and took a swing at our well-dressed man and he caught the punch mid-swing,” Gonzales paused.</p>
<p>“Bullshit,” Det. Deshawn managed.</p>
<p>“I’ve seen it, once or twice, an amateur swinging on a pro, but yeah, it’s rare outside the movies,” Gonzales said.</p>
</blockquote>
<p>Another great in-joke comes when Peter Vincent bemoans how “even a stupid red-haired doll was more commercially viable than vampires…”</p>
<p>But Dandrige’s added backstory—like most villain backstories—robs him of mystery and edge. Likewise, the backstory for Charlie’s father helps explain Charlie’s motivation for standing up to Dandrige, but proves unnecessary.</p>
<p>Worst of all, the writing teems with lazy, awkward sentences. Consider:</p>
<blockquote>
<p>Suddenly, the huge shadow of what might be a flying creature, a bat perhaps, was seen through his window. If only he were awake to see it, but he wasn’t.</p>
</blockquote>
<p>Or the adverb-rich:</p>
<blockquote>
<p>Peter stared at him and saw he was totally sincere, which meant the teen was crazy, certifiably insane.</p>
</blockquote>
<p>And some chapters show signs of lazy editing. Chapter 57 opens with:</p>
<blockquote>
<p>Peter smashed through the front door into the Brewster house after having just escaped Jerry and his ghoul, Billy Cole, on the stairway in their house.</p>
</blockquote>
<p>Which recaps the prior chapter’s last sentence, reeking of outline splicing.</p>
<p>All that said, for <em>Fright Night</em> fans, the audio book makes it worthwhile. Chris Sarandon, who played Dandrige in the film, narrates.</p>
<p>The thrill of hearing him read the story overshadows the novel’s faults. This despite the glaring re-dubs in the narration where, for a sentence or two, Sarandon sounds like he’s in an echo chamber.</p>
<p>Disappointing, yes, but nothing <em>Fright Night</em> fans can’t overcome.</p></div></div><div class="spacer-y-20"></div><div class="w-full max-w-popout"><h2 class="px-gutter text-md font-normal text-subtle shadow-bottom">Reading History<div class="spacer-y-2"></div></h2><ul><li class="grid auto-rows-auto grid-cols-[16px_1ch_1fr] px-gutter pt-4 even:bg-subtle"><div class="mt-1"><svg width="1em" height="1em" viewBox="0 0 16 16" class="fill-subtle mr-[1ch] min-h-4 min-w-4" xmlns="http://www.w3.org/2000/svg"><title>Watched on</title><path fill-rule="evenodd" d="M14 2H2a1 1 0 0 0-1 1v11a1 1 0 0 0 1 1h12a1 1 0 0 0 1-1V3a1 1 0 0 0-1-1zM2 1a2 2 0 0 0-2 2v11a2 2 0 0 0 2 2h12a2 2 0 0 0 2-2V3a2 2 0 0 0-2-2H2z"></path><path fill-rule="evenodd" d="M14 2H2a1 1 0 0 0-1 1v1h14V3a1 1 0 0 0-1-1zM2 1a2 2 0 0 0-2 2v2h16V3a2 2 0 0 0-2-2H2z"></path><path fill-rule="evenodd" d="M3.5 0a.5.5 0 0 1 .5.5V1a.5.5 0 0 1-1 0V.5a.5.5 0 0 1 .5-.5zm9 0a.5.5 0 0 1 .5.5V1a.5.5 0 0 1-1 0V.5a.5.5 0 0 1 .5-.5z"></path></svg> </div><div class="col-start-3"><span class="inline-block text-default">Mon, Nov 6, 2023</span> <span class="font-light text-muted"><span>via</span> <span>Audible</span></span> <span class="text-sm font-light leading-none text-subtle">(<span class="rendered-markdown font-light text-sm leading-none"><span>Read by Chris Sarandon</span></span>)</span></div><div class="col-start-3 row-start-2"><details class="font-light text-subtle"><summary>Listened to over<!-- --> <!-- -->9<!-- --> Days</summary><ol class="-ml-gutter grid w-full grid-cols-[auto_1fr_auto] items-center pt-2"><li class="contents *:odd:bg-subtle"><div class="whitespace-nowrap px-gutter leading-10">29 Oct 2023</div><div class="h-10 w-full"><div class="progress-bar-bg leading-[38px]" style="--bar-percent:36%"> </div></div><div class="px-gutter text-right leading-10">36%</div></li><li class="contents *:odd:bg-subtle"><div class="whitespace-nowrap px-gutter leading-10">31 Oct 2023</div><div class="h-10 w-full"><div class="progress-bar-bg leading-[38px]" style="--bar-percent:47%"> </div></div><div class="px-gutter text-right leading-10">47%</div></li><li class="contents *:odd:bg-subtle"><div class="whitespace-nowrap px-gutter leading-10">4 Nov 2023</div><div class="h-10 w-full"><div class="progress-bar-bg leading-[38px]" style="--bar-percent:50%"> </div></div><div class="px-gutter text-right leading-10">50%</div></li><li class="contents *:odd:bg-subtle"><div class="whitespace-nowrap px-gutter leading-10">5 Nov 2023</div><div class="h-10 w-full"><div class="progress-bar-bg leading-[38px]" style="--bar-percent:75%"> </div></div><div class="px-gutter text-right leading-10">75%</div></li><li class="contents *:odd:bg-subtle"><div class="whitespace-nowrap px-gutter leading-10">6 Nov 2023</div><div class="h-10 w-full"><div class="progress-bar-bg leading-[38px]" style="--bar-percent:100%"> </div></div><div class="px-gutter text-right leading-10">Finished</div></li></ol></details></div><div class="col-span-3 col-start-1 row-start-3 pt-4"></div></li></ul></div><div class="spacer-y-32"></div><div class="flex w-full flex-col items-center gap-y-12 bg-default tablet:bg-subtle tablet:pb-32 tablet:pt-8 desktop:gap-y-24"><nav class="relative flex w-full flex-col items-center tablet:w-auto"><div class="w-full px-gutter py-2 shadow-bottom tablet:py-4 tablet:shadow-none desktop:px-pageMargin desktop:py-4"><span class="font-semibold text-muted">More<!-- --> </span><a class="text-accent" href="/reviews/">Reviews</a></div><ul class="w-full tablet:grid tablet:grid-cols-[repeat(4,minmax(78px,248px))] tablet:gap-8 tablet:px-gutter desktop:grid-cols-[repeat(4,1fr)] desktop:gap-x-16 desktop:px-pageMargin desktop:pt-2"><li class="flex flex-row items-center gap-x-4 px-gutter py-4 even:bg-subtle tablet:flex-col tablet:items-start tablet:p-0 even:tablet:bg-unset"><a href="/reviews/fight-club-by-chuck-palahniuk/" class="min-w-20 max-w-20 shrink-0 tablet:max-w-poster safari-border-radius-fix overflow-hidden"><img srcSet="/_image?/content%2Fassets%2Fcovers%2Ffight-club-by-chuck-palahniuk.png%3ForigWidth%3D500%26origHeight%3D750%26origFormat%3Dpng&amp;w=62&amp;q=80&amp;f=avif 62w, /_image?/content%2Fassets%2Fcovers%2Ffight-club-by-chuck-palahniuk.png%3ForigWidth%3D500%26origHeight%3D750%26origFormat%3Dpng&amp;w=124&amp;q=80&amp;f=avif 124w, /_image?/content%2Fassets%2Fcovers%2Ffight-club-by-chuck-palahniuk.png%3ForigWidth%3D500%26origHeight%3D750%26origFormat%3Dpng&amp;w=248&amp;q=80&amp;f=avif 248w, /_image?/content%2Fassets%2Fcovers%2Ffight-club-by-chuck-palahniuk.png%3ForigWidth%3D500%26origHeight%3D750%26origFormat%3Dpng&amp;w=496&amp;q=80&amp;f=avif 496w" src="/_image?/content%2Fassets%2Fcovers%2Ffight-club-by-chuck-palahniuk.png%3ForigWidth%3D500%26origHeight%3D750%26origFormat%3Dpng&amp;w=248&amp;h=372&amp;q=80&amp;f=avif" alt="A cover for Fight Club by Chuck Palahniuk" title="Fight Club" authors="[object Object]" height="372" width="248" class="aspect-[0.66666667]" loading="lazy" decoding="async" style="aspect-ratio:0.66666667"/></a><div class="tablet:spacer-y-2"></div><div class="flex grow flex-col tablet:w-full tablet:items-center"><div class="tablet:spacer-y-1"></div><a href="/reviews/fight-club-by-chuck-palahniuk/" class="block text-md leading-5 text-accent tablet:text-center tablet:text-base tablet:leading-5 desktop:text-md">Fight Club</a><div class="spacer-y-1 tablet:spacer-y-2"></div><div class="text-base leading-5 text-muted text-left tablet:text-center">Chuck Palahniuk</div><div class="spacer-y-3"></div><div class="text-sm leading-4 tracking-0.5px text-subtle text-left tablet:text-center"><span>1996<!-- --> | </span>Novel</div><div class="spacer-y-3"></div><picture><source srcSet="/svg/4-half-stars-dark.svg" media="(prefers-color-scheme: dark)"/><img src="/svg/4-half-stars.svg" alt="A-: 4.5 stars (out of 5)" height="16" width="80"/></picture><div class="spacer-y-2"></div></div></li><li class="flex flex-row items-center gap-x-4 px-gutter py-4 even:bg-subtle tablet:flex-col tablet:items-start tablet:p-0 even:tablet:bg-unset"><a href="/reviews/fright-night-by-john-skipp-craig-spector/" class="min-w-20 max-w-20 shrink-0 tablet:max-w-poster safari-border-radius-fix overflow-hidden"><img srcSet="/_image?/content%2Fassets%2Fcovers%2Ffright-night-by-john-skipp-craig-spector.png%3ForigWidth%3D500%26origHeight%3D750%26origFormat%3Dpng&amp;w=62&amp;q=80&amp;f=avif 62w, /_image?/content%2Fassets%2Fcovers%2Ffright-night-by-john-skipp-craig-spector.png%3ForigWidth%3D500%26origHeight%3D750%26origFormat%3Dpng&amp;w=124&amp;q=80&amp;f=avif 124w, /_image?/content%2Fassets%2Fcovers%2Ffright-night-by-john-skipp-craig-spector.png%3ForigWidth%3D500%26origHeight%3D750%26origFormat%3Dpng&amp;w=248&amp;q=80&amp;f=avif 248w, /_image?/content%2Fassets%2Fcovers%2Ffright-night-by-john-skipp-craig-spector.png%3ForigWidth%3D500%26origHeight%3D750%26origFormat%3Dpng&amp;w=496&amp;q=80&amp;f=avif 496w" src="/_image?/content%2Fassets%2Fcovers%2Ffright-night-by-john-skipp-craig-spector.png%3ForigWidth%3D500%26origHeight%3D750%26origFormat%3Dpng&amp;w=248&amp;h=372&amp;q=80&amp;f=avif" alt="A cover for Fright Night by John Skipp and Craig Spector" title="Fright Night" authors="[object Object],[object Object]" height="372" width="248" class="aspect-[0.66666667]" loading="lazy" decoding="async" style="aspect-ratio:0.66666667"/></a><div class="tablet:spacer-y-2"></div><div class="flex grow flex-col tablet:w-full tablet:items-center"><div class="tablet:spacer-y-1"></div><a href="/reviews/fright-night-by-john-skipp-craig-spector/" class="block text-md leading-5 text-accent tablet:text-center tablet:text-base tablet:leading-5 desktop:text-md">Fright Night</a><div class="spacer-y-1 tablet:spacer-y-2"></div><div class="text-base leading-5 text-muted text-left tablet:text-center">John Skipp<!-- --> and <!-- -->Craig Spector</div><div class="spacer-y-3"></div><div class="text-sm leading-4 tracking-0.5px text-subtle text-left tablet:text-center"><span>1985<!-- --> | </span>Novel</div><div class="spacer-y-3"></div><picture><source srcSet="/svg/1-star-dark.svg" media="(prefers-color-scheme: dark)"/><img src="/svg/1-star.svg" alt="F: 1 star (out of 5)" height="16" width="80"/></picture><div class="spacer-y-2"></div></div></li><li class="flex flex-row items-center gap-x-4 px-gutter py-4 even:bg-subtle tablet:flex-col tablet:items-start tablet:p-0 even:tablet:bg-unset"><a href="/reviews/gothic-by-philip-fracassi/" class="min-w-20 max-w-20 shrink-0 tablet:max-w-poster safari-border-radius-fix overflow-hidden"><img srcSet="/_image?/content%2Fassets%2Fcovers%2Fgothic-by-philip-fracassi.png%3ForigWidth%3D500%26origHeight%3D750%26origFormat%3Dpng&amp;w=62&amp;q=80&amp;f=avif 62w, /_image?/content%2Fassets%2Fcovers%2Fgothic-by-philip-fracassi.png%3ForigWidth%3D500%26origHeight%3D750%26origFormat%3Dpng&amp;w=124&amp;q=80&amp;f=avif 124w, /_image?/content%2Fassets%2Fcovers%2Fgothic-by-philip-fracassi.png%3ForigWidth%3D500%26origHeight%3D750%26origFormat%3Dpng&amp;w=248&amp;q=80&amp;f=avif 248w, /_image?/content%2Fassets%2Fcovers%2Fgothic-by-philip-fracassi.png%3ForigWidth%3D500%26origHeight%3D750%26origFormat%3Dpng&amp;w=496&amp;q=80&amp;f=avif 496w" src="/_image?/content%2Fassets%2Fcovers%2Fgothic-by-philip-fracassi.png%3ForigWidth%3D500%26origHeight%3D750%26origFormat%3Dpng&amp;w=248&amp;h=372&amp;q=80&amp;f=avif" alt="A cover for Gothic by Philip Fracassi" title="Gothic" authors="[object Object]" height="372" width="248" class="aspect-[0.66666667]" loading="lazy" decoding="async" style="aspect-ratio:0.66666667"/></a><div class="tablet:spacer-y-2"></div><div class="flex grow flex-col tablet:w-full tablet:items-center"><div class="tablet:spacer-y-1"></div><a href="/reviews/gothic-by-philip-fracassi/" class="block text-md leading-5 text-accent tablet:text-center tablet:text-base tablet:leading-5 desktop:text-md">Gothic</a><div class="spacer-y-1 tablet:spacer-y-2"></div><div class="text-base leading-5 text-muted text-left tablet:text-center">Philip Fracassi</div><div class="spacer-y-3"></div><div class="text-sm leading-4 tracking-0.5px text-subtle text-left tablet:text-center"><span>2023<!-- --> | </span>Novel</div><div class="spacer-y-3"></div><picture><source srcSet="/svg/4-stars-dark.svg" media="(prefers-color-scheme: dark)"/><img src="/svg/4-stars.svg" alt="B+: 4 stars (out of 5)" height="16" width="80"/></picture><div class="spacer-y-2"></div></div></li><li class="flex flex-row items-center gap-x-4 px-gutter py-4 even:bg-subtle tablet:flex-col tablet:items-start tablet:p-0 even:tablet:bg-unset"><a href="/reviews/hawk-mountain-by-conner-habib/" class="min-w-20 max-w-20 shrink-0 tablet:max-w-poster safari-border-radius-fix overflow-hidden"><img srcSet="/_image?/content%2Fassets%2Fcovers%2Fhawk-mountain-by-conner-habib.png%3ForigWidth%3D500%26origHeight%3D750%26origFormat%3Dpng&amp;w=62&amp;q=80&amp;f=avif 62w, /_image?/content%2Fassets%2Fcovers%2Fhawk-mountain-by-conner-habib.png%3ForigWidth%3D500%26origHeight%3D750%26origFormat%3Dpng&amp;w=124&amp;q=80&amp;f=avif 124w, /_image?/content%2Fassets%2Fcovers%2Fhawk-mountain-by-conner-habib.png%3ForigWidth%3D500%26origHeight%3D750%26origFormat%3Dpng&amp;w=248&amp;q=80&amp;f=avif 248w, /_image?/content%2Fassets%2Fcovers%2Fhawk-mountain-by-conner-habib.png%3ForigWidth%3D500%26origHeight%3D750%26origFormat%3Dpng&amp;w=496&amp;q=80&amp;f=avif 496w" src="/_image?/content%2Fassets%2Fcovers%2Fhawk-mountain-by-conner-habib.png%3ForigWidth%3D500%26origHeight%3D750%26origFormat%3Dpng&amp;w=248&amp;h=372&amp;q=80&amp;f=avif" alt="A cover for Hawk Mountain by Conner Habib" title="Hawk Mountain" authors="[object Object]" height="372" width="248" class="aspect-[0.66666667]" loading="lazy" decoding="async" style="aspect-ratio:0.66666667"/></a><div class="tablet:spacer-y-2"></div><div class="flex grow flex-col tablet:w-full tablet:items-center"><div class="tablet:spacer-y-1"></div><a href="/reviews/hawk-mountain-by-conner-habib/" class="block text-md leading-5 text-accent tablet:text-center tablet:text-base tablet:leading-5 desktop:text-md">Hawk Mountain</a><div class="spacer-y-1 tablet:spacer-y-2"></div><div class="text-base leading-5 text-muted text-left tablet:text-center">Conner Habib</div><div class="spacer-y-3"></div><div class="text-sm leading-4 tracking-0.5px text-subtle text-left tablet:text-center"><span>2022<!-- --> | </span>Novel</div><div class="spacer-y-3"></div><picture><source srcSet="/svg/3-stars-dark.svg" media="(prefers-color-scheme: dark)"/><img src="/svg/3-stars.svg" alt="C+: 3 stars (out of 5)" height="16" width="80"/></picture><div class="spacer-y-2"></div></div></li><li class="col-span-full block px-gutter py-4 text-right shadow-bottom tablet:absolute tablet:right-0 tablet:top-0 tablet:shadow-none desktop:right-[var(--gutter-width)]"><a href="/reviews/" class="text-accent">All<!-- --> <span class="inline tablet:hidden desktop:inline">Reviews</span> <!-- -->→</a></li></ul></nav></div><script type="application/ld+json">{"@context":"http://schema.org","@type":"Review","itemReviewed":{"@type":"Book","name":"Fright Night Origins","image":"/_image?/content%2Fassets%2Fcovers%2Ffright-night-origins-by-tom-holland-a-jack-ulrich.png%3ForigWidth%3D500%26origHeight%3D750%26origFormat%3Dpng&w=1200&h=630&q=80&f=jpeg"},"reviewRating":{"@type":"Rating","ratingValue":3},"author":{"@type":"Person","name":"Frank Showalter"}}</script></main>  </div><footer class="flex flex-col items-center gap-y-6 bg-[url(&#x27;/assets/ripnotcomingsoon.avif&#x27;)] px-pageMargin py-8 text-inverse"><ul class="flex w-full flex-wrap justify-center gap-x-4 gap-y-2 text-inverse tablet:gap-x-6 max:w-auto"><li class="block whitespace-nowrap tracking-0.5px"><a class="text-inverse" href="/">Home</a></li><li class="block whitespace-nowrap tracking-0.5px"><a class="text-inherit" href="/how-i-grade/">How I Grade</a></li><li class="block whitespace-nowrap tracking-0.5px"><a class="text-inherit" href="/reviews/">Reviews</a></li><li class="block whitespace-nowrap tracking-0.5px"><a class="text-inherit" href="/readings/">Reading Log</a></li><li class="block whitespace-nowrap tracking-0.5px"><a class="text-inherit" href="/authors/">Authors</a></li><li class="block whitespace-nowrap tracking-0.5px"><a class="text-inherit" href="/shelf/">Shelf</a></li></ul><p class="text-sm font-light leading-4">All images used in accordance with the<!-- --> <a href="http://www.copyright.gov/title17/92chap1.html#107" class="text-inherit">Fair Use Law.</a></p><a href="#top" class="sr-only">To the top ↑</a></footer></div></div> </html>