<!DOCTYPE html><html lang="en"> <head><meta charset="UTF-8"><meta name="viewport" content="width=device-width"><link rel="icon" href="/favicon.ico" sizes="48x48"><link rel="icon" href="/favicon.svg" sizes="any" type="image/svg+xml"><link rel="apple-touch-icon" href="/apple-touch-icon.png"><link rel="manifest" href="/site.webmanifest"><link rel="sitemap" href="/sitemap-index.xml"><meta name="description" content="&#38;#9733;&#38;#9733;&#38;#9733;&#38;#9733; “It’s like Christine… but wood!”

So remarks a character in Philip Fracassi’s meta horror novel about a haunted desk. And while the statement is true per se, it doesn’t do justice to Fracassi’s work, which proves far leaner and meaner than King’s.
"><meta name="og:image" content="/_image?/content%2Fassets%2Fcovers%2Fgothic-by-philip-fracassi.png%3ForigWidth%3D500%26origHeight%3D750%26origFormat%3Dpng&#38;w=1200&#38;h=630&#38;q=80&#38;f=jpeg"><meta property="og:url" content="https://www.franksbooklog.com//"><meta property="og:type" content="article"><meta property="og:title" content="Gothic by Philip Fracassi"><meta property="og:description" content="&#38;#9733;&#38;#9733;&#38;#9733;&#38;#9733; “It’s like Christine… but wood!”

So remarks a character in Philip Fracassi’s meta horror novel about a haunted desk. And while the statement is true per se, it doesn’t do justice to Fracassi’s work, which proves far leaner and meaner than King’s.
"><title>Gothic by Philip Fracassi | Frank&#39;s Book Log</title></head>  <div><a href="#content" class="absolute left-1/2 top-0.5 z-50 mx-auto bg-subtle px-6 py-2 text-center text-accent [transform:translate(-50%,calc(-100%_-_2px))] focus:[transform:translate(-50%,0%)]">Skip to content</a><div class="image-filter mx-auto min-h-4 w-full max-w-canvas bg-[url(&#x27;/assets/ripnotcomingsoon.avif&#x27;)] desktop:sticky desktop:top-0 desktop:z-40"></div><div class="mx-auto flex min-h-full max-w-canvas flex-col bg-default"><header class="flex flex-col items-center gap-6 bg-default px-pageMargin py-6 text-center shadow-bottom desktop:sticky desktop:top-4 desktop:z-40 desktop:flex-row desktop:justify-between desktop:gap-8 desktop:py-8 desktop:text-left"><div class="items-inherit justify-items-inherit flex flex-col"><h1 class="whitespace-nowrap text-[1.5625rem] font-normal leading-8"><a class="text-default" href="/">Frank&#x27;s Book Log</a></h1><p class="w-full text-sm italic leading-4 text-muted desktop:pl-px">Literature is a relative term.</p></div><div class="w-full max-w-prose desktop:order-4 desktop:w-44"><form action="https://www.google.com/search" accept-charset="UTF-8" method="get" role="search" class="mx-auto w-full max-w-[512px] overflow-hidden rounded shadow-all"><label for="search" class="flex overflow-hidden"><span class="sr-only">Search</span><input type="text" name="q" id="search" placeholder="Search..." class="min-w-0 grow border-0 bg-subtle px-4 py-2 text-base font-light leading-6 text-default"/><input type="hidden" name="q" value="site:www.franksbooklog.com"/><button type="submit" value="Search" aria-label="Search" class="border-0 border-l border-default bg-subtle px-3 py-1"><svg class="size-4 fill-subtle" viewBox="0 0 16 16"><path fill-rule="evenodd" d="M10.442 10.442a1 1 0 011.415 0l3.85 3.85a1 1 0 01-1.414 1.415l-3.85-3.85a1 1 0 010-1.415z"></path><path fill-rule="evenodd" d="M6.5 12a5.5 5.5 0 100-11 5.5 5.5 0 000 11zM13 6.5a6.5 6.5 0 11-13 0 6.5 6.5 0 0113 0z"></path></svg></button></label></form></div><nav class="w-full desktop:w-auto"><ul class="flex flex-wrap justify-center gap-x-4 gap-y-2 text-accent tablet:gap-x-6 desktop:flex-nowrap desktop:justify-start"><li class="block whitespace-nowrap tracking-0.5px"><a class="text-muted" href="/">Home</a></li><li class="block whitespace-nowrap tracking-0.5px"><a class="text-inherit" href="/how-i-grade/">How I Grade</a></li><li class="block whitespace-nowrap tracking-0.5px"><a class="text-inherit" href="/reviews/">Reviews</a></li><li class="block whitespace-nowrap tracking-0.5px"><a class="text-inherit" href="/readings/">Reading Log</a></li><li class="block whitespace-nowrap tracking-0.5px"><a class="text-inherit" href="/authors/">Authors</a></li><li class="block whitespace-nowrap tracking-0.5px"><a class="text-inherit" href="/shelf/">Shelf</a></li></ul></nav></header><div class="grow" id="content">  <main id="top" class="flex flex-col items-center pt-6 desktop:pt-12"><header class="flex w-full flex-col items-center px-pageMargin"><div class="text-center"><h1 class="text-[2rem] font-normal leading-none desktop:text-[2.25rem]">Gothic</h1></div><div class="spacer-y-2"></div><div class="text-center text-md text-muted">by<!-- --> <div class="inline-block text-accent"><a href="/reviews/authors/philip-fracassi/">Philip Fracassi</a></div></div><div class="spacer-y-2 desktop:spacer-y-4"></div><div class="uppercase tracking-1px text-subtle"><span class="tracking-0.25px">2023</span> | <!-- -->Novel</div><div class="spacer-y-8"></div><div class="relative flex h-[340px] w-full max-w-popout flex-col items-center"><div class="cover-clip-path absolute inset-0 overflow-hidden"><div style="background-color:var(--bg-default);background-image:linear-gradient(90deg, rgba(var(--bg-default-rgb),1) 0%, rgba(var(--bg-default-rgb),var(--bg-default-alpha)) 30%, rgba(var(--bg-default-rgb),0) 50%, rgba(var(--bg-default-rgb),var(--bg-default-alpha)) 70%, rgba(var(--bg-default-rgb),1) 100%), url(/_image?/content%2Fassets%2Fcovers%2Fgothic-by-philip-fracassi.png%3ForigWidth%3D500%26origHeight%3D750%26origFormat%3Dpng&amp;w=248&amp;h=372&amp;q=80&amp;f=avif)" class="absolute left-[-5%] top-[-5%] size-[110%] bg-default bg-cover bg-center"></div><div class="absolute size-full backdrop-blur"></div></div><div class="relative -top-4 z-10 h-[372px] shadow-[0_5px_20px_rgba(49,46,42,0.22)]"><img srcSet="/_image?/content%2Fassets%2Fcovers%2Fgothic-by-philip-fracassi.png%3ForigWidth%3D500%26origHeight%3D750%26origFormat%3Dpng&amp;w=248&amp;q=80&amp;f=avif 1x, /_image?/content%2Fassets%2Fcovers%2Fgothic-by-philip-fracassi.png%3ForigWidth%3D500%26origHeight%3D750%26origFormat%3Dpng&amp;w=496&amp;q=80&amp;f=avif 2x" src="/_image?/content%2Fassets%2Fcovers%2Fgothic-by-philip-fracassi.png%3ForigWidth%3D500%26origHeight%3D750%26origFormat%3Dpng&amp;w=248&amp;h=372&amp;q=80&amp;f=avif" alt="A cover for Gothic by Philip Fracassi" width="248" height="372" class="safari-border-radius-fix shadow-[0_5px_20px_rgba(49,46,42,0.22)]" loading="eager" decoding="async" style="aspect-ratio:0.66666667"/></div></div><div class="spacer-y-12"></div><picture><source srcSet="/svg/4-stars-dark.svg" media="(prefers-color-scheme: dark)"/><img src="/svg/4-stars.svg" alt="B+: 4 stars (out of 5)" height="32" width="160"/></picture><div class="flex flex-col items-center tracking-0.5px text-subtle"><span>on</span> <!-- -->Sun, Jun 30, 2024</div><div class="spacer-y-8"></div></header><div class="flex flex-col px-pageMargin desktop:px-gutter"><div class="rendered-markdown font-light text-md/7 tracking-0.3px tablet:text-xl/8 max-w-prose"><blockquote>
<p>“It’s like Christine… but wood!”</p>
</blockquote>
<p>So remarks a character in Philip Fracassi’s meta horror novel about a haunted desk. And while the statement is true per se, it doesn’t do justice to Fracassi’s work, which proves far leaner and meaner than King’s.</p>
<!-- end -->
<p>The plot follows horror author Tyson Parks. Decades prior, he rose to the top of the publishing world with a string of best-sellers. But his last few books have flopped and writing has become a gruelling endeavor.</p>
<p>For his upcoming 59th birthday, his live-in girlfriend buys him an antique desk.</p>
<p>Soon Tyson is cranking out a new novel. Marathon sessions at a finger-bleeding pace leave him exhausted with no memory of what he’s written, as though he were scrambling to take dictation instead of crafting the story himself. The novel proves a huge hit, vaulting him back into the publishing stratosphere.</p>
<p>But this success comes with a cost. The desk demands a terrible price and Tyson will have to decide how much he’s willing to pay.</p>
<p>Indeed, this setup proves reminiscent of Stephen King’s <em>Christine</em>. But Fracassi’s narrative proves more streamlined.</p>
<p>Consider the opening. Tyson meets his agent Harry to present his latest manuscript.</p>
<blockquote>
<p>“Come on, man,” he says, reaching a hand toward his once-prized cash cow. “Let me see the goods.”</p>
</blockquote>
<p>It’s an anxiety-filled sequence brimming with an awkward tension that conveys Tyson’s status as a borderline has-been with minimal exposition.</p>
<p>Fracassi also delivers more subtext. Consider when Tyson returns home, nerves jangling:</p>
<blockquote>
<p>He walks to the kitchen, pours himself a scotch—hesitates a fraction of a second—then pours himself some more.</p>
<p><em>Two fingers is a handshake, buddy. I need a hug.</em></p>
<p>He smiles, recalling the line from a short story he’d written a few years ago as the scotch gurgles into the glass.</p>
</blockquote>
<p>Besides the terrific line, Fracassi meta-contextualizes Tyson’s inner-monologue to a story-<em>within</em>-the-story, foreshadowing the novel’s reference to other contemporary horror authors and works.</p>
<p>Besides the aforementioned reference to <em>Christine</em>, Fracassi later describes a sound as:</p>
<blockquote>
<p>As if she’d heard it through the thin walls of an old house, the kind you might find in a John Saul novel, where whispered secrets are carried to prying ears through antiquated ventilation shafts.</p>
</blockquote>
<p>And later a character’s appearance as:</p>
<blockquote>
<p>He reminds Tyson of a zombie. And not the fast Max Brooks <em>World War Z</em>-type, but more the old George Romero, shuffle-and-groan, brain-eating variety.</p>
</blockquote>
<p>And in a reference that elicited a broad smile from your reviewer, there’s this bit of dialog:</p>
<blockquote>
<p>“Second, to be blunt, it’s sexist. Completely tone-deaf. Describing a woman’s breasts for a paragraph may have flown in the ’80s and ’90s, Mr. Parks, but in today’s society we’ll get crucified for this stuff. I won’t even get into the extreme sexual violence. I mean, there’s a reason Richard Laymon’s novels were exiled to the UK.”</p>
</blockquote>
<p>Most of these name drops allow Fracassi to wink at genre tropes while still exploiting them. But the Laymon scene allows him to poke the bear of political correctness and censorship. The only sexual violence in <em>Gothic</em> occurs “off screen” so to speak, but in referencing Laymon, Fracassi imbues his story with the graphic nature of Laymon’s work without being graphic himself. A deft trick. But by having the publisher berate Tyson, Fracassi can lament the idea of “dangerous” books and publishers getting cancelled for publishing fiction, all while proposing—in the narrative context—a book that <em>is</em> dangerous, thus forcing the reader into an interesting moral dilemma.</p>
<p>Amidst these myriad author references, Clive Barker’s omission surprised me, as this story’s shifting point-of-views and dark-fantasy elements reminded me most of Barker’s early works.</p>
<p>Fracassi brings all this subtext to bear with minimal overhead. The plot races. At 316 pages, act one concludes on page fifty-nine, with Tyson’s birthday party and Fracassi’s trademark sense of dread.</p>
<blockquote>
<p>The crowded room cheers once more, the music from the room’s stereo pops on, and Tyson Parks is happier than he will ever be again.</p>
</blockquote>
<p>I love lines like this. Foreshadowing that everything <em>will not</em> be okay raises the emotional stakes and resets our expectations.</p>
<p>From here things get mean quick. Veteran horror readers may think characters with their own point-of-view and inner monologue are safe. Fracassi proffers several such narrators, including Tyson’s girlfriend and college-age daughter, both of whom could have served as protagonists in a Laymon novel given their charisma and agency. But Fracassi also channels Laymon’s liberal and abrupt dispatching of his characters. <em>No one</em> is safe.</p>
<p>Indeed, the plot rolls along at such a fast pace it wasn’t until after I’d finished the story that I appreciated how Fracassi resisted the temptation to overwrite. The ending surprises with its abruptness. Readers expect the various plot threads to culminate in a dramatic conclusion. Rather than wrap up every thread, Fracassi cuts several short. These provided false hopes for happier ends. Rather than draw them out, Fracassi abandons them.</p>
<p>It’s only in hindsight that you realize their futility. If Fracassi wrote his version of <em>The Stand</em>, it would be half as long, Flagg would win, and you’d need a stiff hug of a drink afterwards to get to sleep.</p>
<p>That said, part of me yearned for something even darker in <em>Gothic</em>. While Fracassi delivers a visceral set-piece involving the desk mangling a character’s hand, the sequence didn’t make me squirm the way I suspect Fracassi intended. He’s mastered the ability to manufacture dread, but his graphic violence lacks the uncomfortable punch of a Chuck Palahniuk or a Bret Easton Ellis.</p>
<p>Still, Fracassi’s still growing as a talent. As the desk’s influence grows on Tyson, he becomes more cynical, and Fracassi delivers lines like:</p>
<blockquote>
<p>He’s nothing but regret in a nice suit, Tyson thinks.</p>
</blockquote>
<p>Which make me think he could write a Dashiell Hammett-esque detective story with aplomb. Indeed, his detective character here intrigues, and Fracassi invites the comparison by having him quote a line from Hammett’s <em>The Thin Man</em>.</p>
<p>Fracassi is fast becoming a favorite author of mine. I love how all of his works feel part of a shared universe without referencing each other. His brand of horror blends the existential dread of Lovecraft, the brisk narrative of Hammett, and the anxiety of Laymon, resulting in a gripping, dread-filled ride tinged with bits of black humor (<em>Gothic</em>’s penultimate line had me laughing out loud). Recommended for horror fans, with the caveat that splatter-punk fans may lament the lack of explicit gore.</p></div></div><div class="spacer-y-20"></div><div class="w-full max-w-popout"><h2 class="px-gutter text-md font-normal text-subtle shadow-bottom">Reading History<div class="spacer-y-2"></div></h2><ul><li class="grid auto-rows-auto grid-cols-[16px_1ch_1fr] px-gutter pt-4 even:bg-subtle"><div class="mt-1"><svg width="1em" height="1em" viewBox="0 0 16 16" class="fill-subtle mr-[1ch] min-h-4 min-w-4" xmlns="http://www.w3.org/2000/svg"><title>Watched on</title><path fill-rule="evenodd" d="M14 2H2a1 1 0 0 0-1 1v11a1 1 0 0 0 1 1h12a1 1 0 0 0 1-1V3a1 1 0 0 0-1-1zM2 1a2 2 0 0 0-2 2v11a2 2 0 0 0 2 2h12a2 2 0 0 0 2-2V3a2 2 0 0 0-2-2H2z"></path><path fill-rule="evenodd" d="M14 2H2a1 1 0 0 0-1 1v1h14V3a1 1 0 0 0-1-1zM2 1a2 2 0 0 0-2 2v2h16V3a2 2 0 0 0-2-2H2z"></path><path fill-rule="evenodd" d="M3.5 0a.5.5 0 0 1 .5.5V1a.5.5 0 0 1-1 0V.5a.5.5 0 0 1 .5-.5zm9 0a.5.5 0 0 1 .5.5V1a.5.5 0 0 1-1 0V.5a.5.5 0 0 1 .5-.5z"></path></svg> </div><div class="col-start-3"><span class="inline-block text-default">Sun, Jun 30, 2024</span> <span class="font-light text-muted"><span>via</span> <span>Kindle</span></span> <span class="text-sm font-light leading-none text-subtle">(<span class="rendered-markdown font-light text-sm leading-none"><span>Cemetery Dance Publications, 2023</span></span>)</span></div><div class="col-start-3 row-start-2"><details class="font-light text-subtle"><summary>Read over<!-- --> <!-- -->3<!-- --> Days</summary><ol class="-ml-gutter grid w-full grid-cols-[auto_1fr_auto] items-center pt-2"><li class="contents *:odd:bg-subtle"><div class="whitespace-nowrap px-gutter leading-10">28 Jun 2024</div><div class="h-10 w-full"><div class="progress-bar-bg leading-[38px]" style="--bar-percent:28.999999999999996%"> </div></div><div class="px-gutter text-right leading-10">29%</div></li><li class="contents *:odd:bg-subtle"><div class="whitespace-nowrap px-gutter leading-10">29 Jun 2024</div><div class="h-10 w-full"><div class="progress-bar-bg leading-[38px]" style="--bar-percent:59%"> </div></div><div class="px-gutter text-right leading-10">59%</div></li><li class="contents *:odd:bg-subtle"><div class="whitespace-nowrap px-gutter leading-10">30 Jun 2024</div><div class="h-10 w-full"><div class="progress-bar-bg leading-[38px]" style="--bar-percent:100%"> </div></div><div class="px-gutter text-right leading-10">Finished</div></li></ol></details></div><div class="col-span-3 col-start-1 row-start-3 pt-4"></div></li></ul></div><div class="spacer-y-32"></div><div class="flex w-full flex-col items-center gap-y-12 bg-default tablet:bg-subtle tablet:pb-32 tablet:pt-8 desktop:gap-y-24"><nav class="relative flex w-full flex-col items-center tablet:w-auto"><div class="w-full px-gutter py-2 shadow-bottom tablet:py-4 tablet:shadow-none desktop:px-pageMargin desktop:py-4"><span class="font-semibold text-muted">More<!-- --> </span><a class="text-accent" href="/reviews/">Reviews</a></div><ul class="w-full tablet:grid tablet:grid-cols-[repeat(4,minmax(78px,248px))] tablet:gap-8 tablet:px-gutter desktop:grid-cols-[repeat(4,1fr)] desktop:gap-x-16 desktop:px-pageMargin desktop:pt-2"><li class="flex flex-row items-center gap-x-4 px-gutter py-4 even:bg-subtle tablet:flex-col tablet:items-start tablet:p-0 even:tablet:bg-unset"><a href="/reviews/fright-night-by-john-skipp-craig-spector/" class="min-w-20 max-w-20 shrink-0 tablet:max-w-poster safari-border-radius-fix overflow-hidden"><img srcSet="/_image?/content%2Fassets%2Fcovers%2Ffright-night-by-john-skipp-craig-spector.png%3ForigWidth%3D500%26origHeight%3D750%26origFormat%3Dpng&amp;w=62&amp;q=80&amp;f=avif 62w, /_image?/content%2Fassets%2Fcovers%2Ffright-night-by-john-skipp-craig-spector.png%3ForigWidth%3D500%26origHeight%3D750%26origFormat%3Dpng&amp;w=124&amp;q=80&amp;f=avif 124w, /_image?/content%2Fassets%2Fcovers%2Ffright-night-by-john-skipp-craig-spector.png%3ForigWidth%3D500%26origHeight%3D750%26origFormat%3Dpng&amp;w=248&amp;q=80&amp;f=avif 248w, /_image?/content%2Fassets%2Fcovers%2Ffright-night-by-john-skipp-craig-spector.png%3ForigWidth%3D500%26origHeight%3D750%26origFormat%3Dpng&amp;w=496&amp;q=80&amp;f=avif 496w" src="/_image?/content%2Fassets%2Fcovers%2Ffright-night-by-john-skipp-craig-spector.png%3ForigWidth%3D500%26origHeight%3D750%26origFormat%3Dpng&amp;w=248&amp;h=372&amp;q=80&amp;f=avif" alt="A cover for Fright Night by John Skipp and Craig Spector" height="372" width="248" class="aspect-[0.66666667]" loading="lazy" decoding="async" style="aspect-ratio:0.66666667"/></a><div class="tablet:spacer-y-2"></div><div class="flex grow flex-col tablet:w-full tablet:items-center"><div class="tablet:spacer-y-1"></div><a href="/reviews/fright-night-by-john-skipp-craig-spector/" class="block text-md leading-5 text-accent tablet:text-center tablet:text-base tablet:leading-5 desktop:text-md">Fright Night</a><div class="spacer-y-1 tablet:spacer-y-2"></div><div class="text-base leading-5 text-muted text-left tablet:text-center">John Skipp<!-- --> and <!-- -->Craig Spector</div><div class="spacer-y-3"></div><div class="text-sm leading-4 tracking-0.5px text-subtle text-left tablet:text-center"><span>1985<!-- --> | </span>Novel</div><div class="spacer-y-3"></div><picture><source srcSet="/svg/1-star-dark.svg" media="(prefers-color-scheme: dark)"/><img src="/svg/1-star.svg" alt="F: 1 star (out of 5)" height="16" width="80"/></picture><div class="spacer-y-2"></div></div></li><li class="flex flex-row items-center gap-x-4 px-gutter py-4 even:bg-subtle tablet:flex-col tablet:items-start tablet:p-0 even:tablet:bg-unset"><a href="/reviews/fright-night-origins-by-tom-holland-a-jack-ulrich/" class="min-w-20 max-w-20 shrink-0 tablet:max-w-poster safari-border-radius-fix overflow-hidden"><img srcSet="/_image?/content%2Fassets%2Fcovers%2Ffright-night-origins-by-tom-holland-a-jack-ulrich.png%3ForigWidth%3D500%26origHeight%3D750%26origFormat%3Dpng&amp;w=62&amp;q=80&amp;f=avif 62w, /_image?/content%2Fassets%2Fcovers%2Ffright-night-origins-by-tom-holland-a-jack-ulrich.png%3ForigWidth%3D500%26origHeight%3D750%26origFormat%3Dpng&amp;w=124&amp;q=80&amp;f=avif 124w, /_image?/content%2Fassets%2Fcovers%2Ffright-night-origins-by-tom-holland-a-jack-ulrich.png%3ForigWidth%3D500%26origHeight%3D750%26origFormat%3Dpng&amp;w=248&amp;q=80&amp;f=avif 248w, /_image?/content%2Fassets%2Fcovers%2Ffright-night-origins-by-tom-holland-a-jack-ulrich.png%3ForigWidth%3D500%26origHeight%3D750%26origFormat%3Dpng&amp;w=496&amp;q=80&amp;f=avif 496w" src="/_image?/content%2Fassets%2Fcovers%2Ffright-night-origins-by-tom-holland-a-jack-ulrich.png%3ForigWidth%3D500%26origHeight%3D750%26origFormat%3Dpng&amp;w=248&amp;h=372&amp;q=80&amp;f=avif" alt="A cover for Fright Night Origins by Tom Holland and A. Jack Ulrich" height="372" width="248" class="aspect-[0.66666667]" loading="lazy" decoding="async" style="aspect-ratio:0.66666667"/></a><div class="tablet:spacer-y-2"></div><div class="flex grow flex-col tablet:w-full tablet:items-center"><div class="tablet:spacer-y-1"></div><a href="/reviews/fright-night-origins-by-tom-holland-a-jack-ulrich/" class="block text-md leading-5 text-accent tablet:text-center tablet:text-base tablet:leading-5 desktop:text-md">Fright Night Origins</a><div class="spacer-y-1 tablet:spacer-y-2"></div><div class="text-base leading-5 text-muted text-left tablet:text-center">Tom Holland<!-- --> and <!-- -->A. Jack Ulrich</div><div class="spacer-y-3"></div><div class="text-sm leading-4 tracking-0.5px text-subtle text-left tablet:text-center"><span>2023<!-- --> | </span>Novel</div><div class="spacer-y-3"></div><picture><source srcSet="/svg/3-stars-dark.svg" media="(prefers-color-scheme: dark)"/><img src="/svg/3-stars.svg" alt="C+: 3 stars (out of 5)" height="16" width="80"/></picture><div class="spacer-y-2"></div></div></li><li class="flex flex-row items-center gap-x-4 px-gutter py-4 even:bg-subtle tablet:flex-col tablet:items-start tablet:p-0 even:tablet:bg-unset"><a href="/reviews/hawk-mountain-by-conner-habib/" class="min-w-20 max-w-20 shrink-0 tablet:max-w-poster safari-border-radius-fix overflow-hidden"><img srcSet="/_image?/content%2Fassets%2Fcovers%2Fhawk-mountain-by-conner-habib.png%3ForigWidth%3D500%26origHeight%3D750%26origFormat%3Dpng&amp;w=62&amp;q=80&amp;f=avif 62w, /_image?/content%2Fassets%2Fcovers%2Fhawk-mountain-by-conner-habib.png%3ForigWidth%3D500%26origHeight%3D750%26origFormat%3Dpng&amp;w=124&amp;q=80&amp;f=avif 124w, /_image?/content%2Fassets%2Fcovers%2Fhawk-mountain-by-conner-habib.png%3ForigWidth%3D500%26origHeight%3D750%26origFormat%3Dpng&amp;w=248&amp;q=80&amp;f=avif 248w, /_image?/content%2Fassets%2Fcovers%2Fhawk-mountain-by-conner-habib.png%3ForigWidth%3D500%26origHeight%3D750%26origFormat%3Dpng&amp;w=496&amp;q=80&amp;f=avif 496w" src="/_image?/content%2Fassets%2Fcovers%2Fhawk-mountain-by-conner-habib.png%3ForigWidth%3D500%26origHeight%3D750%26origFormat%3Dpng&amp;w=248&amp;h=372&amp;q=80&amp;f=avif" alt="A cover for Hawk Mountain by Conner Habib" height="372" width="248" class="aspect-[0.66666667]" loading="lazy" decoding="async" style="aspect-ratio:0.66666667"/></a><div class="tablet:spacer-y-2"></div><div class="flex grow flex-col tablet:w-full tablet:items-center"><div class="tablet:spacer-y-1"></div><a href="/reviews/hawk-mountain-by-conner-habib/" class="block text-md leading-5 text-accent tablet:text-center tablet:text-base tablet:leading-5 desktop:text-md">Hawk Mountain</a><div class="spacer-y-1 tablet:spacer-y-2"></div><div class="text-base leading-5 text-muted text-left tablet:text-center">Conner Habib</div><div class="spacer-y-3"></div><div class="text-sm leading-4 tracking-0.5px text-subtle text-left tablet:text-center"><span>2022<!-- --> | </span>Novel</div><div class="spacer-y-3"></div><picture><source srcSet="/svg/3-stars-dark.svg" media="(prefers-color-scheme: dark)"/><img src="/svg/3-stars.svg" alt="C+: 3 stars (out of 5)" height="16" width="80"/></picture><div class="spacer-y-2"></div></div></li><li class="flex flex-row items-center gap-x-4 px-gutter py-4 even:bg-subtle tablet:flex-col tablet:items-start tablet:p-0 even:tablet:bg-unset"><a href="/reviews/the-horse-thief-by-philip-fracassi/" class="min-w-20 max-w-20 shrink-0 tablet:max-w-poster safari-border-radius-fix overflow-hidden"><img srcSet="/_image?/content%2Fassets%2Fcovers%2Fbehold-the-void-by-philip-fracassi.png%3ForigWidth%3D500%26origHeight%3D750%26origFormat%3Dpng&amp;w=62&amp;q=80&amp;f=avif 62w, /_image?/content%2Fassets%2Fcovers%2Fbehold-the-void-by-philip-fracassi.png%3ForigWidth%3D500%26origHeight%3D750%26origFormat%3Dpng&amp;w=124&amp;q=80&amp;f=avif 124w, /_image?/content%2Fassets%2Fcovers%2Fbehold-the-void-by-philip-fracassi.png%3ForigWidth%3D500%26origHeight%3D750%26origFormat%3Dpng&amp;w=248&amp;q=80&amp;f=avif 248w, /_image?/content%2Fassets%2Fcovers%2Fbehold-the-void-by-philip-fracassi.png%3ForigWidth%3D500%26origHeight%3D750%26origFormat%3Dpng&amp;w=496&amp;q=80&amp;f=avif 496w" src="/_image?/content%2Fassets%2Fcovers%2Fbehold-the-void-by-philip-fracassi.png%3ForigWidth%3D500%26origHeight%3D750%26origFormat%3Dpng&amp;w=248&amp;h=372&amp;q=80&amp;f=avif" alt="A cover for Behold the Void by Philip Fracassi" height="372" width="248" class="aspect-[0.66666667]" loading="lazy" decoding="async" style="aspect-ratio:0.66666667"/></a><div class="tablet:spacer-y-2"></div><div class="flex grow flex-col tablet:w-full tablet:items-center"><div class="tablet:spacer-y-1"></div><a href="/reviews/the-horse-thief-by-philip-fracassi/" class="block text-md leading-5 text-accent tablet:text-center tablet:text-base tablet:leading-5 desktop:text-md">The Horse Thief</a><div class="spacer-y-1 tablet:spacer-y-2"></div><div class="text-base leading-5 text-muted text-left tablet:text-center">Philip Fracassi</div><div class="spacer-y-3"></div><div class="text-sm leading-4 tracking-0.5px text-subtle text-left tablet:text-center"><span>2017<!-- --> | </span>Short Story</div><div class="spacer-y-3"></div><picture><source srcSet="/svg/4-stars-dark.svg" media="(prefers-color-scheme: dark)"/><img src="/svg/4-stars.svg" alt="B: 4 stars (out of 5)" height="16" width="80"/></picture><div class="spacer-y-2"></div></div></li><li class="col-span-full block px-gutter py-4 text-right shadow-bottom tablet:absolute tablet:right-0 tablet:top-0 tablet:shadow-none desktop:right-[var(--gutter-width)]"><a href="/reviews/" class="text-accent">All<!-- --> <span class="inline tablet:hidden desktop:inline">Reviews</span> <!-- -->→</a></li></ul></nav></div><script type="application/ld+json">{"@context":"http://schema.org","@type":"Review","itemReviewed":{"@type":"Book","name":"Gothic","image":"/_image?/content%2Fassets%2Fcovers%2Fgothic-by-philip-fracassi.png%3ForigWidth%3D500%26origHeight%3D750%26origFormat%3Dpng&w=1200&h=630&q=80&f=jpeg"},"reviewRating":{"@type":"Rating","ratingValue":4},"author":{"@type":"Person","name":"Frank Showalter"}}</script></main>  </div><footer class="flex flex-col items-center gap-y-6 bg-[url(&#x27;/assets/ripnotcomingsoon.avif&#x27;)] px-pageMargin py-8 text-inverse"><ul class="flex w-full flex-wrap justify-center gap-x-4 gap-y-2 text-inverse tablet:gap-x-6 max:w-auto"><li class="block whitespace-nowrap tracking-0.5px"><a class="text-inverse" href="/">Home</a></li><li class="block whitespace-nowrap tracking-0.5px"><a class="text-inherit" href="/how-i-grade/">How I Grade</a></li><li class="block whitespace-nowrap tracking-0.5px"><a class="text-inherit" href="/reviews/">Reviews</a></li><li class="block whitespace-nowrap tracking-0.5px"><a class="text-inherit" href="/readings/">Reading Log</a></li><li class="block whitespace-nowrap tracking-0.5px"><a class="text-inherit" href="/authors/">Authors</a></li><li class="block whitespace-nowrap tracking-0.5px"><a class="text-inherit" href="/shelf/">Shelf</a></li></ul><p class="text-sm font-light leading-4">All images used in accordance with the<!-- --> <a href="http://www.copyright.gov/title17/92chap1.html#107" class="text-inherit">Fair Use Law.</a></p><a href="#top" class="sr-only">To the top ↑</a></footer></div></div> </html>