<!DOCTYPE html><html lang="en"> <head><meta charset="UTF-8"><meta name="viewport" content="width=device-width"><link rel="icon" href="/favicon.ico" sizes="48x48"><link rel="icon" href="/favicon.svg" sizes="any" type="image/svg+xml"><link rel="apple-touch-icon" href="/apple-touch-icon.png"><link rel="manifest" href="/site.webmanifest"><link rel="sitemap" href="/sitemap-index.xml"><meta name="description" content="&#38;#9733;&#38;#9733; The second James Bond novel. A disappointing sequel to Casino Royale that sees Bond transplanted to America to investigate a Harlem gangster known as Mr. Big who’s smuggling pirate treasure from Jamaica into the states via Florida.
"><meta name="og:image" content="/_image?/content%2Fassets%2Fcovers%2Flive-and-let-die-by-ian-fleming.png%3ForigWidth%3D500%26origHeight%3D750%26origFormat%3Dpng&#38;w=1200&#38;h=630&#38;q=80&#38;f=jpeg"><meta property="og:url" content="https://www.franksbooklog.com//"><meta property="og:type" content="article"><meta property="og:title" content="Live and Let Die by Ian Fleming"><meta property="og:description" content="&#38;#9733;&#38;#9733; The second James Bond novel. A disappointing sequel to Casino Royale that sees Bond transplanted to America to investigate a Harlem gangster known as Mr. Big who’s smuggling pirate treasure from Jamaica into the states via Florida.
"><title>Live and Let Die by Ian Fleming | Frank&#39;s Book Log</title></head>  <div><a href="#content" class="absolute left-1/2 top-0.5 z-50 mx-auto bg-subtle px-6 py-2 text-center text-accent [transform:translate(-50%,calc(-100%_-_2px))] focus:[transform:translate(-50%,0%)]">Skip to content</a><div class="image-filter mx-auto min-h-4 w-full max-w-canvas bg-[url(&#x27;/assets/ripnotcomingsoon.avif&#x27;)] desktop:sticky desktop:top-0 desktop:z-40"></div><div class="mx-auto flex min-h-full max-w-canvas flex-col bg-default"><header class="flex flex-col items-center gap-6 bg-default px-pageMargin py-6 text-center shadow-bottom desktop:sticky desktop:top-4 desktop:z-40 desktop:flex-row desktop:justify-between desktop:gap-8 desktop:py-8 desktop:text-left"><div class="items-inherit justify-items-inherit flex flex-col"><h1 class="whitespace-nowrap text-[1.5625rem] font-normal leading-8"><a class="text-default" href="/">Frank&#x27;s Book Log</a></h1><p class="w-full text-sm italic leading-4 text-muted desktop:pl-px">Literature is a relative term.</p></div><div class="w-full max-w-prose desktop:order-4 desktop:w-44"><form action="https://www.google.com/search" accept-charset="UTF-8" method="get" role="search" class="mx-auto w-full max-w-[512px] overflow-hidden rounded shadow-all"><label for="search" class="flex overflow-hidden"><span class="sr-only">Search</span><input type="text" name="q" id="search" placeholder="Search..." class="min-w-0 grow border-0 bg-subtle px-4 py-2 text-base font-light leading-6 text-default"/><input type="hidden" name="q" value="site:www.franksbooklog.com"/><button type="submit" value="Search" aria-label="Search" class="border-0 border-l border-default bg-subtle px-3 py-1"><svg class="size-4 fill-subtle" viewBox="0 0 16 16"><path fill-rule="evenodd" d="M10.442 10.442a1 1 0 011.415 0l3.85 3.85a1 1 0 01-1.414 1.415l-3.85-3.85a1 1 0 010-1.415z"></path><path fill-rule="evenodd" d="M6.5 12a5.5 5.5 0 100-11 5.5 5.5 0 000 11zM13 6.5a6.5 6.5 0 11-13 0 6.5 6.5 0 0113 0z"></path></svg></button></label></form></div><nav class="w-full desktop:w-auto"><ul class="flex flex-wrap justify-center gap-x-4 gap-y-2 text-accent tablet:gap-x-6 desktop:flex-nowrap desktop:justify-start"><li class="block whitespace-nowrap tracking-0.5px"><a class="text-muted" href="/">Home</a></li><li class="block whitespace-nowrap tracking-0.5px"><a class="text-inherit" href="/how-i-grade/">How I Grade</a></li><li class="block whitespace-nowrap tracking-0.5px"><a class="text-inherit" href="/reviews/">Reviews</a></li><li class="block whitespace-nowrap tracking-0.5px"><a class="text-inherit" href="/readings/">Reading Log</a></li><li class="block whitespace-nowrap tracking-0.5px"><a class="text-inherit" href="/authors/">Authors</a></li><li class="block whitespace-nowrap tracking-0.5px"><a class="text-inherit" href="/shelf/">Shelf</a></li></ul></nav></header><div class="grow" id="content">  <main id="top" class="flex flex-col items-center pt-6 desktop:pt-12"><header class="flex w-full flex-col items-center px-pageMargin"><div class="text-center"><h1 class="text-[2rem] font-normal leading-none desktop:text-[2.25rem]">Live and Let Die</h1></div><div class="spacer-y-2"></div><div class="text-center text-md text-muted">by<!-- --> <div class="inline-block text-accent"><a href="/reviews/authors/ian-fleming/">Ian Fleming</a></div></div><div class="spacer-y-2 desktop:spacer-y-4"></div><div class="uppercase tracking-1px text-subtle"><span class="tracking-0.25px">1954</span> | <!-- -->Novel</div><div class="spacer-y-8"></div><div class="relative flex h-[340px] w-full max-w-popout flex-col items-center"><div class="cover-clip-path absolute inset-0 overflow-hidden"><div style="background-color:var(--bg-default);background-image:linear-gradient(90deg, rgba(var(--bg-default-rgb),1) 0%, rgba(var(--bg-default-rgb),var(--bg-default-alpha)) 30%, rgba(var(--bg-default-rgb),0) 50%, rgba(var(--bg-default-rgb),var(--bg-default-alpha)) 70%, rgba(var(--bg-default-rgb),1) 100%), url(/_image?/content%2Fassets%2Fcovers%2Flive-and-let-die-by-ian-fleming.png%3ForigWidth%3D500%26origHeight%3D750%26origFormat%3Dpng&amp;w=248&amp;h=372&amp;q=80&amp;f=avif)" class="absolute left-[-5%] top-[-5%] size-[110%] bg-default bg-cover bg-center"></div><div class="absolute size-full backdrop-blur"></div></div><div class="relative -top-4 z-10 h-[372px] shadow-[0_5px_20px_rgba(49,46,42,0.22)]"><img srcSet="/_image?/content%2Fassets%2Fcovers%2Flive-and-let-die-by-ian-fleming.png%3ForigWidth%3D500%26origHeight%3D750%26origFormat%3Dpng&amp;w=248&amp;q=80&amp;f=avif 1x, /_image?/content%2Fassets%2Fcovers%2Flive-and-let-die-by-ian-fleming.png%3ForigWidth%3D500%26origHeight%3D750%26origFormat%3Dpng&amp;w=496&amp;q=80&amp;f=avif 2x" src="/_image?/content%2Fassets%2Fcovers%2Flive-and-let-die-by-ian-fleming.png%3ForigWidth%3D500%26origHeight%3D750%26origFormat%3Dpng&amp;w=248&amp;h=372&amp;q=80&amp;f=avif" alt="A cover for Live and Let Die by Ian Fleming" width="248" height="372" class="safari-border-radius-fix shadow-[0_5px_20px_rgba(49,46,42,0.22)]" loading="eager" decoding="async" style="aspect-ratio:0.66666667"/></div></div><div class="spacer-y-12"></div><picture><source srcSet="/svg/2-stars-dark.svg" media="(prefers-color-scheme: dark)"/><img src="/svg/2-stars.svg" alt="D: 2 stars (out of 5)" height="32" width="160"/></picture><div class="flex flex-col items-center tracking-0.5px text-subtle"><span>on</span> <!-- -->Thu, Jun 30, 2022</div><div class="spacer-y-8"></div></header><div class="flex flex-col px-pageMargin desktop:px-gutter"><div class="rendered-markdown font-light text-md/7 tracking-0.3px tablet:text-xl/8 max-w-prose"><p><strong>The second James Bond novel.</strong> A disappointing sequel to <a href="/reviews/casino-royale-by-ian-fleming/"><em>Casino Royale</em></a> that sees Bond transplanted to America to investigate a Harlem gangster known as Mr. Big who’s smuggling pirate treasure from Jamaica into the states via Florida.</p>
<!-- end -->
<p>Out of the gate, this book proves challenging. What should be a terrific scene where Bond and Mr. Big stare each other down across a busy New York City street, grinds to a halt:</p>
<blockquote>
<p>It was a smart, decisive bit of driving, but what startled Bond was that it had been a negress at the wheel, a fine-looking negress in a black chauffeur’s uniform, and through the rear window he had caught a glimpse of the single passenger – a huge grey-black face which had turned slowly towards him and looked directly back at him, Bond was sure of it, as the car accelerated towards the Avenue.</p>
</blockquote>
<p>Language like this litters the book. Fleming was racist—a product of a Victorian education that taught him a race hierarchy with European whites at the top—but not a malicious one. Not knowing better isn’t an excuse, but an explanation. Moreover, it’s important to note Fleming is portraying then-contemporary America, which, in 1954, promoted racial stereotypes. It’s telling that once Bond gets to Jamaica, his sidekick Quarrel displays none of the broken English and dim wit ascribed to all the American characters of color, save Mr. Big.</p>
<p>Further, Fleming proffers two moments of subtle but poignant commentary, one when Bond’s friend and ally, CIA agent Felix Leiter comments on the plight of blacks in America:</p>
<blockquote>
<p>…And I admire the way they’re getting on in the world, though God knows I can’t see the end of it.</p>
</blockquote>
<p>The “it” is ambiguous, but I read it as America’s rampant racism, which Fleming reflects back at Bond and Leiter when they venture into Harlem after dark:</p>
<blockquote>
<p>Bond suddenly felt the force of what Leiter had told him. They were trespassing. They just weren’t wanted.</p>
</blockquote>
<p>This awareness doesn’t excuse Fleming’s other insensitivity and ignorance, but intent factors when examining yesterday’s world through today’s lens.</p>
<p>Back to the story. Besides the uncomfortable racism, we also get a softer Bond. The ice-cold, borderline sociopath of the first book is gone, replaced with a more sensitive man who faints when a goon breaks his finger and breaks out in a sweat when his plane hits turbulence. This Bond proves quick to fall for this story’s love interest, despite having ended the last novel—set just six months prior—with “The bitch is dead.”</p>
<p>His original stoic persona makes appearances, but it’s no longer the norm.</p>
<p>As mentioned, Felix returns, his character consistent with the prior novel, though Fleming struggles to avoid British idioms in his dialog, such as when he tells Bond:</p>
<blockquote>
<p>I ordered lunch directly I got the word you were downstairs and it’ll be on its way.</p>
</blockquote>
<p>Or later when a New York cabbie argues about a fare saying:</p>
<blockquote>
<p>‘Two bits for three.’</p>
</blockquote>
<p>And once, we get the reverse, with Bond slipping into an American dialect:</p>
<blockquote>
<p>‘Christ,’ said Bond, ‘I gotta sit down. My leg won’t hold me.’</p>
</blockquote>
<p>Anyway, Felix and Bond team up to take down Mr. Big, who, as mentioned early, is SMERSH agent, though this detail seems forgotten by the book’s end.</p>
<p>Prior to a reconnaissance mission into Harlem, the pair rendezvous at the King Cole Bar at the St. Regis. I appreciated the familiar setting.</p>
<p>The Harlem excursion provides Fleming the aforementioned opportunity to both celebrate American black culture and reflect the racism it suffers. It also introduces Mr. Big’s secret network of eyes and ears, a trope still surfacing today in the <em>John Wick</em> franchise.</p>
<p>After Harlem, the story switches to a train taking Bond and this novel’s love interest, Solitaire, to Florida. I relished Bond’s commentary on arriving in the sunshine state:</p>
<blockquote>
<p>He suddenly felt depressed by the thought of their four-hour wait in this unwashed, dog-eared atmosphere.</p>
</blockquote>
<p>Regarding Solitaire, she proves enigmatic, maybe psychic, and throws herself at Bond at first sight. Bond responds in kind, though Fleming makes a token attempt at consistent characterization:</p>
<blockquote>
<p>His growing warmth towards Solitaire and his desire for her body were in a compartment which had no communicating door with his professional life.</p>
</blockquote>
<p>Only to have Bond abandon this sentiment by the story’s end.</p>
<p>Throughout, Fleming takes subtle digs at American culture:</p>
<blockquote>
<p>To Bond, American cars were just beetle-shaped Dodgems in which you motored along with one hand on the wheel, the radio full on, and the power-operated windows closed to keep out the draughts.</p>
</blockquote>
<p>From Florida, the story shifts to Jamaica, where Bond must infiltrate Mr. Big’s island compound. He’s scared.</p>
<blockquote>
<p>That night Bond’s dreams were full of terrifying encounters with giant squids and sting rays, hammer heads and the saw-teeth of barracuda, so that he whimpered and sweated in his sleep.</p>
</blockquote>
<p>Whimpered in his sleep? Bond, what’s happened to you? Lacking the edge present in the prior novel, Bond proves less compelling than Mr. Big, who gets one of the book’s best lines as he’s pointing a pistol at Bond’s midsection:</p>
<blockquote>
<p>‘Let him go,’ he said, quietly. ‘If you want an extra navel, Mister Bond, you can have one. I have six of them in this gun.’</p>
</blockquote>
<p>Fleming again flashes a moment of poetic brilliance:</p>
<blockquote>
<p>The evening awaited him, to be opened and read, page by page, word by word. In front of his eyes, the rain came down in swift, slanting strokes – italic script across the unopened black cover that hid the secret hours that lay ahead.</p>
</blockquote>
<p>But it’s not enough to overcome the missteps. The neutered Bond, the casual racism, the low narrative stakes involving pirate treasure, they combine to drag down what should have been a tight thriller. Where <em>Casino Royale</em> left me eager for more Bond adventures, perhaps I’ll wait to try <a href="/reviews/moonraker-by-ian-fleming/"><em>Moonraker</em></a>.</p></div></div><div class="spacer-y-20"></div><div class="w-full max-w-popout"><h2 class="px-gutter text-md font-normal text-subtle shadow-bottom">Reading History<div class="spacer-y-2"></div></h2><ul><li class="grid auto-rows-auto grid-cols-[16px_1ch_1fr] px-gutter pt-4 even:bg-subtle"><div class="mt-1"><svg width="1em" height="1em" viewBox="0 0 16 16" class="fill-subtle mr-[1ch] min-h-4 min-w-4" xmlns="http://www.w3.org/2000/svg"><title>Watched on</title><path fill-rule="evenodd" d="M14 2H2a1 1 0 0 0-1 1v11a1 1 0 0 0 1 1h12a1 1 0 0 0 1-1V3a1 1 0 0 0-1-1zM2 1a2 2 0 0 0-2 2v11a2 2 0 0 0 2 2h12a2 2 0 0 0 2-2V3a2 2 0 0 0-2-2H2z"></path><path fill-rule="evenodd" d="M14 2H2a1 1 0 0 0-1 1v1h14V3a1 1 0 0 0-1-1zM2 1a2 2 0 0 0-2 2v2h16V3a2 2 0 0 0-2-2H2z"></path><path fill-rule="evenodd" d="M3.5 0a.5.5 0 0 1 .5.5V1a.5.5 0 0 1-1 0V.5a.5.5 0 0 1 .5-.5zm9 0a.5.5 0 0 1 .5.5V1a.5.5 0 0 1-1 0V.5a.5.5 0 0 1 .5-.5z"></path></svg> </div><div class="col-start-3"><span class="inline-block text-default">Thu, Jun 30, 2022</span> <span class="font-light text-muted"><span>via</span> <span>Kindle</span></span> <span class="text-sm font-light leading-none text-subtle">(<span class="rendered-markdown font-light text-sm leading-none"><span>Thomas &#x26; Mercer, 2012</span></span>)</span></div><div class="col-start-3 row-start-2"><details class="font-light text-subtle"><summary>Read over<!-- --> <!-- -->14<!-- --> Days</summary><ol class="-ml-gutter grid w-full grid-cols-[auto_1fr_auto] items-center pt-2"><li class="contents *:odd:bg-subtle"><div class="whitespace-nowrap px-gutter leading-10">17 Jun 2022</div><div class="h-10 w-full"><div class="progress-bar-bg leading-[38px]" style="--bar-percent:15%"> </div></div><div class="px-gutter text-right leading-10">15%</div></li><li class="contents *:odd:bg-subtle"><div class="whitespace-nowrap px-gutter leading-10">23 Jun 2022</div><div class="h-10 w-full"><div class="progress-bar-bg leading-[38px]" style="--bar-percent:27%"> </div></div><div class="px-gutter text-right leading-10">27%</div></li><li class="contents *:odd:bg-subtle"><div class="whitespace-nowrap px-gutter leading-10">24 Jun 2022</div><div class="h-10 w-full"><div class="progress-bar-bg leading-[38px]" style="--bar-percent:36%"> </div></div><div class="px-gutter text-right leading-10">36%</div></li><li class="contents *:odd:bg-subtle"><div class="whitespace-nowrap px-gutter leading-10">25 Jun 2022</div><div class="h-10 w-full"><div class="progress-bar-bg leading-[38px]" style="--bar-percent:44%"> </div></div><div class="px-gutter text-right leading-10">44%</div></li><li class="contents *:odd:bg-subtle"><div class="whitespace-nowrap px-gutter leading-10">26 Jun 2022</div><div class="h-10 w-full"><div class="progress-bar-bg leading-[38px]" style="--bar-percent:59%"> </div></div><div class="px-gutter text-right leading-10">59%</div></li><li class="contents *:odd:bg-subtle"><div class="whitespace-nowrap px-gutter leading-10">27 Jun 2022</div><div class="h-10 w-full"><div class="progress-bar-bg leading-[38px]" style="--bar-percent:69%"> </div></div><div class="px-gutter text-right leading-10">69%</div></li><li class="contents *:odd:bg-subtle"><div class="whitespace-nowrap px-gutter leading-10">28 Jun 2022</div><div class="h-10 w-full"><div class="progress-bar-bg leading-[38px]" style="--bar-percent:85%"> </div></div><div class="px-gutter text-right leading-10">85%</div></li><li class="contents *:odd:bg-subtle"><div class="whitespace-nowrap px-gutter leading-10">30 Jun 2022</div><div class="h-10 w-full"><div class="progress-bar-bg leading-[38px]" style="--bar-percent:100%"> </div></div><div class="px-gutter text-right leading-10">Finished</div></li></ol></details></div><div class="col-span-3 col-start-1 row-start-3 pt-4"></div></li></ul></div><div class="spacer-y-32"></div><div class="flex w-full flex-col items-center gap-y-12 bg-default tablet:bg-subtle tablet:pb-32 tablet:pt-8 desktop:gap-y-24"><nav class="relative flex w-full flex-col items-center tablet:w-auto"><div class="w-full px-gutter py-2 shadow-bottom tablet:py-4 tablet:shadow-none desktop:px-pageMargin desktop:py-4"><span class="font-semibold text-muted">More<!-- --> </span><a class="text-accent" href="/reviews/">Reviews</a></div><ul class="w-full tablet:grid tablet:grid-cols-[repeat(4,minmax(78px,248px))] tablet:gap-8 tablet:px-gutter desktop:grid-cols-[repeat(4,1fr)] desktop:gap-x-16 desktop:px-pageMargin desktop:pt-2"><li class="flex flex-row items-center gap-x-4 px-gutter py-4 even:bg-subtle tablet:flex-col tablet:items-start tablet:p-0 even:tablet:bg-unset"><a href="/reviews/is-this-anything-by-jerry-seinfeld/" class="min-w-20 max-w-20 shrink-0 tablet:max-w-poster safari-border-radius-fix overflow-hidden"><img srcSet="/_image?/content%2Fassets%2Fcovers%2Fis-this-anything-by-jerry-seinfeld.png%3ForigWidth%3D500%26origHeight%3D750%26origFormat%3Dpng&amp;w=62&amp;q=80&amp;f=avif 62w, /_image?/content%2Fassets%2Fcovers%2Fis-this-anything-by-jerry-seinfeld.png%3ForigWidth%3D500%26origHeight%3D750%26origFormat%3Dpng&amp;w=124&amp;q=80&amp;f=avif 124w, /_image?/content%2Fassets%2Fcovers%2Fis-this-anything-by-jerry-seinfeld.png%3ForigWidth%3D500%26origHeight%3D750%26origFormat%3Dpng&amp;w=248&amp;q=80&amp;f=avif 248w, /_image?/content%2Fassets%2Fcovers%2Fis-this-anything-by-jerry-seinfeld.png%3ForigWidth%3D500%26origHeight%3D750%26origFormat%3Dpng&amp;w=496&amp;q=80&amp;f=avif 496w" src="/_image?/content%2Fassets%2Fcovers%2Fis-this-anything-by-jerry-seinfeld.png%3ForigWidth%3D500%26origHeight%3D750%26origFormat%3Dpng&amp;w=248&amp;h=372&amp;q=80&amp;f=avif" alt="A cover for Is This Anything? by Jerry Seinfeld" height="372" width="248" class="aspect-[0.66666667]" loading="lazy" decoding="async" style="aspect-ratio:0.66666667"/></a><div class="tablet:spacer-y-2"></div><div class="flex grow flex-col tablet:w-full tablet:items-center"><div class="tablet:spacer-y-1"></div><a href="/reviews/is-this-anything-by-jerry-seinfeld/" class="block text-md leading-5 text-accent tablet:text-center tablet:text-base tablet:leading-5 desktop:text-md">Is This Anything?</a><div class="spacer-y-1 tablet:spacer-y-2"></div><div class="text-base leading-5 text-muted text-left tablet:text-center">Jerry Seinfeld</div><div class="spacer-y-3"></div><div class="text-sm leading-4 tracking-0.5px text-subtle text-left tablet:text-center"><span>2020<!-- --> | </span>Nonfiction</div><div class="spacer-y-3"></div><picture><source srcSet="/svg/3-stars-dark.svg" media="(prefers-color-scheme: dark)"/><img src="/svg/3-stars.svg" alt="C: 3 stars (out of 5)" height="16" width="80"/></picture><div class="spacer-y-2"></div></div></li><li class="flex flex-row items-center gap-x-4 px-gutter py-4 even:bg-subtle tablet:flex-col tablet:items-start tablet:p-0 even:tablet:bg-unset"><a href="/reviews/less-than-zero-by-bret-easton-ellis/" class="min-w-20 max-w-20 shrink-0 tablet:max-w-poster safari-border-radius-fix overflow-hidden"><img srcSet="/_image?/content%2Fassets%2Fcovers%2Fless-than-zero-by-bret-easton-ellis.png%3ForigWidth%3D500%26origHeight%3D750%26origFormat%3Dpng&amp;w=62&amp;q=80&amp;f=avif 62w, /_image?/content%2Fassets%2Fcovers%2Fless-than-zero-by-bret-easton-ellis.png%3ForigWidth%3D500%26origHeight%3D750%26origFormat%3Dpng&amp;w=124&amp;q=80&amp;f=avif 124w, /_image?/content%2Fassets%2Fcovers%2Fless-than-zero-by-bret-easton-ellis.png%3ForigWidth%3D500%26origHeight%3D750%26origFormat%3Dpng&amp;w=248&amp;q=80&amp;f=avif 248w, /_image?/content%2Fassets%2Fcovers%2Fless-than-zero-by-bret-easton-ellis.png%3ForigWidth%3D500%26origHeight%3D750%26origFormat%3Dpng&amp;w=496&amp;q=80&amp;f=avif 496w" src="/_image?/content%2Fassets%2Fcovers%2Fless-than-zero-by-bret-easton-ellis.png%3ForigWidth%3D500%26origHeight%3D750%26origFormat%3Dpng&amp;w=248&amp;h=372&amp;q=80&amp;f=avif" alt="A cover for Less Than Zero by Bret Easton Ellis" height="372" width="248" class="aspect-[0.66666667]" loading="lazy" decoding="async" style="aspect-ratio:0.66666667"/></a><div class="tablet:spacer-y-2"></div><div class="flex grow flex-col tablet:w-full tablet:items-center"><div class="tablet:spacer-y-1"></div><a href="/reviews/less-than-zero-by-bret-easton-ellis/" class="block text-md leading-5 text-accent tablet:text-center tablet:text-base tablet:leading-5 desktop:text-md">Less Than Zero</a><div class="spacer-y-1 tablet:spacer-y-2"></div><div class="text-base leading-5 text-muted text-left tablet:text-center">Bret Easton Ellis</div><div class="spacer-y-3"></div><div class="text-sm leading-4 tracking-0.5px text-subtle text-left tablet:text-center"><span>1985<!-- --> | </span>Novel</div><div class="spacer-y-3"></div><picture><source srcSet="/svg/4-stars-dark.svg" media="(prefers-color-scheme: dark)"/><img src="/svg/4-stars.svg" alt="B+: 4 stars (out of 5)" height="16" width="80"/></picture><div class="spacer-y-2"></div></div></li><li class="flex flex-row items-center gap-x-4 px-gutter py-4 even:bg-subtle tablet:flex-col tablet:items-start tablet:p-0 even:tablet:bg-unset"><a href="/reviews/living-with-a-seal-by-jesse-itzler/" class="min-w-20 max-w-20 shrink-0 tablet:max-w-poster safari-border-radius-fix overflow-hidden"><img srcSet="/_image?/content%2Fassets%2Fcovers%2Fliving-with-a-seal-by-jesse-itzler.png%3ForigWidth%3D500%26origHeight%3D750%26origFormat%3Dpng&amp;w=62&amp;q=80&amp;f=avif 62w, /_image?/content%2Fassets%2Fcovers%2Fliving-with-a-seal-by-jesse-itzler.png%3ForigWidth%3D500%26origHeight%3D750%26origFormat%3Dpng&amp;w=124&amp;q=80&amp;f=avif 124w, /_image?/content%2Fassets%2Fcovers%2Fliving-with-a-seal-by-jesse-itzler.png%3ForigWidth%3D500%26origHeight%3D750%26origFormat%3Dpng&amp;w=248&amp;q=80&amp;f=avif 248w, /_image?/content%2Fassets%2Fcovers%2Fliving-with-a-seal-by-jesse-itzler.png%3ForigWidth%3D500%26origHeight%3D750%26origFormat%3Dpng&amp;w=496&amp;q=80&amp;f=avif 496w" src="/_image?/content%2Fassets%2Fcovers%2Fliving-with-a-seal-by-jesse-itzler.png%3ForigWidth%3D500%26origHeight%3D750%26origFormat%3Dpng&amp;w=248&amp;h=372&amp;q=80&amp;f=avif" alt="A cover for Living with a SEAL: 31 Days Training with the Toughest Man on the Planet by Jesse Itzler" height="372" width="248" class="aspect-[0.66666667]" loading="lazy" decoding="async" style="aspect-ratio:0.66666667"/></a><div class="tablet:spacer-y-2"></div><div class="flex grow flex-col tablet:w-full tablet:items-center"><div class="tablet:spacer-y-1"></div><a href="/reviews/living-with-a-seal-by-jesse-itzler/" class="block text-md leading-5 text-accent tablet:text-center tablet:text-base tablet:leading-5 desktop:text-md">Living with a SEAL</a><div class="spacer-y-1 tablet:spacer-y-2"></div><div class="text-base leading-5 text-muted text-left tablet:text-center">Jesse Itzler</div><div class="spacer-y-3"></div><div class="text-sm leading-4 tracking-0.5px text-subtle text-left tablet:text-center"><span>2015<!-- --> | </span>Nonfiction</div><div class="spacer-y-3"></div><div class="spacer-y-2"></div></div></li><li class="flex flex-row items-center gap-x-4 px-gutter py-4 even:bg-subtle tablet:flex-col tablet:items-start tablet:p-0 even:tablet:bg-unset"><a href="/reviews/mandala-by-philip-fracassi/" class="min-w-20 max-w-20 shrink-0 tablet:max-w-poster safari-border-radius-fix overflow-hidden"><img srcSet="/_image?/content%2Fassets%2Fcovers%2Fbehold-the-void-by-philip-fracassi.png%3ForigWidth%3D500%26origHeight%3D750%26origFormat%3Dpng&amp;w=62&amp;q=80&amp;f=avif 62w, /_image?/content%2Fassets%2Fcovers%2Fbehold-the-void-by-philip-fracassi.png%3ForigWidth%3D500%26origHeight%3D750%26origFormat%3Dpng&amp;w=124&amp;q=80&amp;f=avif 124w, /_image?/content%2Fassets%2Fcovers%2Fbehold-the-void-by-philip-fracassi.png%3ForigWidth%3D500%26origHeight%3D750%26origFormat%3Dpng&amp;w=248&amp;q=80&amp;f=avif 248w, /_image?/content%2Fassets%2Fcovers%2Fbehold-the-void-by-philip-fracassi.png%3ForigWidth%3D500%26origHeight%3D750%26origFormat%3Dpng&amp;w=496&amp;q=80&amp;f=avif 496w" src="/_image?/content%2Fassets%2Fcovers%2Fbehold-the-void-by-philip-fracassi.png%3ForigWidth%3D500%26origHeight%3D750%26origFormat%3Dpng&amp;w=248&amp;h=372&amp;q=80&amp;f=avif" alt="A cover for Behold the Void by Philip Fracassi" height="372" width="248" class="aspect-[0.66666667]" loading="lazy" decoding="async" style="aspect-ratio:0.66666667"/></a><div class="tablet:spacer-y-2"></div><div class="flex grow flex-col tablet:w-full tablet:items-center"><div class="tablet:spacer-y-1"></div><a href="/reviews/mandala-by-philip-fracassi/" class="block text-md leading-5 text-accent tablet:text-center tablet:text-base tablet:leading-5 desktop:text-md">Mandala</a><div class="spacer-y-1 tablet:spacer-y-2"></div><div class="text-base leading-5 text-muted text-left tablet:text-center">Philip Fracassi</div><div class="spacer-y-3"></div><div class="text-sm leading-4 tracking-0.5px text-subtle text-left tablet:text-center"><span>2017<!-- --> | </span>Novella</div><div class="spacer-y-3"></div><picture><source srcSet="/svg/4-stars-dark.svg" media="(prefers-color-scheme: dark)"/><img src="/svg/4-stars.svg" alt="B+: 4 stars (out of 5)" height="16" width="80"/></picture><div class="spacer-y-2"></div></div></li><li class="col-span-full block px-gutter py-4 text-right shadow-bottom tablet:absolute tablet:right-0 tablet:top-0 tablet:shadow-none desktop:right-[var(--gutter-width)]"><a href="/reviews/" class="text-accent">All<!-- --> <span class="inline tablet:hidden desktop:inline">Reviews</span> <!-- -->→</a></li></ul></nav></div><script type="application/ld+json">{"@context":"http://schema.org","@type":"Review","itemReviewed":{"@type":"Book","name":"Live and Let Die","image":"/_image?/content%2Fassets%2Fcovers%2Flive-and-let-die-by-ian-fleming.png%3ForigWidth%3D500%26origHeight%3D750%26origFormat%3Dpng&w=1200&h=630&q=80&f=jpeg"},"reviewRating":{"@type":"Rating","ratingValue":2},"author":{"@type":"Person","name":"Frank Showalter"}}</script></main>  </div><footer class="flex flex-col items-center gap-y-6 bg-[url(&#x27;/assets/ripnotcomingsoon.avif&#x27;)] px-pageMargin py-8 text-inverse"><ul class="flex w-full flex-wrap justify-center gap-x-4 gap-y-2 text-inverse tablet:gap-x-6 max:w-auto"><li class="block whitespace-nowrap tracking-0.5px"><a class="text-inverse" href="/">Home</a></li><li class="block whitespace-nowrap tracking-0.5px"><a class="text-inherit" href="/how-i-grade/">How I Grade</a></li><li class="block whitespace-nowrap tracking-0.5px"><a class="text-inherit" href="/reviews/">Reviews</a></li><li class="block whitespace-nowrap tracking-0.5px"><a class="text-inherit" href="/readings/">Reading Log</a></li><li class="block whitespace-nowrap tracking-0.5px"><a class="text-inherit" href="/authors/">Authors</a></li><li class="block whitespace-nowrap tracking-0.5px"><a class="text-inherit" href="/shelf/">Shelf</a></li></ul><p class="text-sm font-light leading-4">All images used in accordance with the<!-- --> <a href="http://www.copyright.gov/title17/92chap1.html#107" class="text-inherit">Fair Use Law.</a></p><a href="#top" class="sr-only">To the top ↑</a></footer></div></div> </html>