<!DOCTYPE html><html lang="en"> <head><meta charset="UTF-8"><meta name="viewport" content="width=device-width"><link rel="icon" href="/favicon.ico" sizes="48x48"><link rel="icon" href="/favicon.svg" sizes="any" type="image/svg+xml"><link rel="apple-touch-icon" href="/apple-touch-icon.png"><link rel="manifest" href="/site.webmanifest"><link rel="sitemap" href="/sitemap-index.xml"><meta name="description" content="&#38;#9733;&#38;#9733;&#38;#189; In a small California town, the Haunted Palace cinema specializes in horror films. Between showings of The Hills Have Eyes and The Texas Chainsaw Massacre, they play exclusive shorts featuring madman Otto Schreck. But unbeknownst to the audience, the horrific murders in these grainy films are real.
"><meta name="og:image" content="/_image?/content%2Fassets%2Fcovers%2Fout-are-the-lights-and-other-tales-by-richard-laymon.png%3ForigWidth%3D500%26origHeight%3D750%26origFormat%3Dpng&#38;w=1200&#38;h=630&#38;q=80&#38;f=jpeg"><meta property="og:url" content="https://www.franksbooklog.com//"><meta property="og:type" content="article"><meta property="og:title" content="Out Are the Lights by Richard Laymon"><meta property="og:description" content="&#38;#9733;&#38;#9733;&#38;#189; In a small California town, the Haunted Palace cinema specializes in horror films. Between showings of The Hills Have Eyes and The Texas Chainsaw Massacre, they play exclusive shorts featuring madman Otto Schreck. But unbeknownst to the audience, the horrific murders in these grainy films are real.
"><title>Out Are the Lights by Richard Laymon | Frank&#39;s Book Log</title></head>  <div><a href="#content" class="absolute left-1/2 top-0.5 z-50 mx-auto bg-subtle px-6 py-2 text-center text-accent [transform:translate(-50%,calc(-100%_-_2px))] focus:[transform:translate(-50%,0%)]">Skip to content</a><div class="image-filter mx-auto min-h-4 w-full max-w-canvas bg-[url(&#x27;/assets/ripnotcomingsoon.avif&#x27;)] desktop:sticky desktop:top-0 desktop:z-40"></div><div class="mx-auto flex min-h-full max-w-canvas flex-col bg-default"><header class="flex flex-col items-center gap-6 bg-default px-pageMargin py-6 text-center shadow-bottom desktop:sticky desktop:top-4 desktop:z-40 desktop:flex-row desktop:justify-between desktop:gap-8 desktop:py-8 desktop:text-left"><div class="items-inherit justify-items-inherit flex flex-col"><h1 class="whitespace-nowrap text-[1.5625rem] font-normal leading-8"><a class="text-default" href="/">Frank&#x27;s Book Log</a></h1><p class="w-full text-sm italic leading-4 text-muted desktop:pl-px">Literature is a relative term.</p></div><div class="w-full max-w-prose desktop:order-4 desktop:w-44"><form action="https://www.google.com/search" accept-charset="UTF-8" method="get" role="search" class="mx-auto w-full max-w-[512px] overflow-hidden rounded shadow-all"><label for="search" class="flex overflow-hidden"><span class="sr-only">Search</span><input type="text" name="q" id="search" placeholder="Search..." class="min-w-0 grow border-0 bg-subtle px-4 py-2 text-base font-light leading-6 text-default"/><input type="hidden" name="q" value="site:www.franksbooklog.com"/><button type="submit" value="Search" aria-label="Search" class="border-0 border-l border-default bg-subtle px-3 py-1"><svg class="size-4 fill-subtle" viewBox="0 0 16 16"><path fill-rule="evenodd" d="M10.442 10.442a1 1 0 011.415 0l3.85 3.85a1 1 0 01-1.414 1.415l-3.85-3.85a1 1 0 010-1.415z"></path><path fill-rule="evenodd" d="M6.5 12a5.5 5.5 0 100-11 5.5 5.5 0 000 11zM13 6.5a6.5 6.5 0 11-13 0 6.5 6.5 0 0113 0z"></path></svg></button></label></form></div><nav class="w-full desktop:w-auto"><ul class="flex flex-wrap justify-center gap-x-4 gap-y-2 text-accent tablet:gap-x-6 desktop:flex-nowrap desktop:justify-start"><li class="block whitespace-nowrap tracking-0.5px"><a class="text-muted" href="/">Home</a></li><li class="block whitespace-nowrap tracking-0.5px"><a class="text-inherit" href="/how-i-grade/">How I Grade</a></li><li class="block whitespace-nowrap tracking-0.5px"><a class="text-inherit" href="/reviews/">Reviews</a></li><li class="block whitespace-nowrap tracking-0.5px"><a class="text-inherit" href="/readings/">Reading Log</a></li><li class="block whitespace-nowrap tracking-0.5px"><a class="text-inherit" href="/authors/">Authors</a></li><li class="block whitespace-nowrap tracking-0.5px"><a class="text-inherit" href="/shelf/">Shelf</a></li></ul></nav></header><div class="grow" id="content">  <main id="top" class="flex flex-col items-center pt-6 desktop:pt-12"><header class="flex w-full flex-col items-center px-pageMargin"><div class="text-center"><h1 class="text-[2rem] font-normal leading-none desktop:text-[2.25rem]">Out Are the Lights</h1></div><div class="spacer-y-2"></div><div class="text-center text-md text-muted">by<!-- --> <div class="inline-block text-accent"><a href="/reviews/authors/richard-laymon/">Richard Laymon</a></div></div><div class="spacer-y-2 desktop:spacer-y-4"></div><div class="uppercase tracking-1px text-subtle"><span class="tracking-0.25px">1982</span> | <!-- -->Novel</div><div class="spacer-y-8"></div><div class="relative flex h-[340px] w-full max-w-popout flex-col items-center"><div class="cover-clip-path absolute inset-0 overflow-hidden"><div style="background-color:var(--bg-default);background-image:linear-gradient(90deg, rgba(var(--bg-default-rgb),1) 0%, rgba(var(--bg-default-rgb),var(--bg-default-alpha)) 30%, rgba(var(--bg-default-rgb),0) 50%, rgba(var(--bg-default-rgb),var(--bg-default-alpha)) 70%, rgba(var(--bg-default-rgb),1) 100%), url(/_image?/content%2Fassets%2Fcovers%2Fout-are-the-lights-and-other-tales-by-richard-laymon.png%3ForigWidth%3D500%26origHeight%3D750%26origFormat%3Dpng&amp;w=248&amp;h=372&amp;q=80&amp;f=avif)" class="absolute left-[-5%] top-[-5%] size-[110%] bg-default bg-cover bg-center"></div><div class="absolute size-full backdrop-blur"></div></div><div class="relative -top-4 z-10 h-[372px] shadow-[0_5px_20px_rgba(49,46,42,0.22)]"><img srcSet="/_image?/content%2Fassets%2Fcovers%2Fout-are-the-lights-and-other-tales-by-richard-laymon.png%3ForigWidth%3D500%26origHeight%3D750%26origFormat%3Dpng&amp;w=248&amp;q=80&amp;f=avif 1x, /_image?/content%2Fassets%2Fcovers%2Fout-are-the-lights-and-other-tales-by-richard-laymon.png%3ForigWidth%3D500%26origHeight%3D750%26origFormat%3Dpng&amp;w=496&amp;q=80&amp;f=avif 2x" src="/_image?/content%2Fassets%2Fcovers%2Fout-are-the-lights-and-other-tales-by-richard-laymon.png%3ForigWidth%3D500%26origHeight%3D750%26origFormat%3Dpng&amp;w=248&amp;h=372&amp;q=80&amp;f=avif" alt="A cover for Out Are the Lights and Other Tales by Richard Laymon" width="248" height="372" class="safari-border-radius-fix shadow-[0_5px_20px_rgba(49,46,42,0.22)]" loading="eager" decoding="async" style="aspect-ratio:0.66666667"/></div></div><div class="spacer-y-12"></div><picture><source srcSet="/svg/2-half-stars-dark.svg" media="(prefers-color-scheme: dark)"/><img src="/svg/2-half-stars.svg" alt="C-: 2.5 stars (out of 5)" height="32" width="160"/></picture><div class="flex flex-col items-center tracking-0.5px text-subtle"><span>on</span> <!-- -->Tue, Oct 11, 2022</div><div class="spacer-y-8"></div></header><div class="flex flex-col px-pageMargin desktop:px-gutter"><div class="rendered-markdown font-light text-md/7 tracking-0.3px tablet:text-xl/8 max-w-prose"><p>In a small California town, the Haunted Palace cinema specializes in horror films. Between showings of <em>The Hills Have Eyes</em> and <em>The Texas Chainsaw Massacre</em>, they play exclusive shorts featuring madman Otto Schreck. But unbeknownst to the audience, the horrific murders in these grainy films are real.</p>
<!-- end -->
<p>Laymon’s third published novel juggles multiple disparate points of view. There’s deaf author Connie and her live-in boyfriend Dal. Dal’s heading out for a movie at the Haunted Palace. Connie hates horror movies, so he’s going by himself. Connie, insecure, resents him for leaving her alone. Her suspicions have merit, as Dal drives past the theater to rendezvous with Elizabeth, a woman he met earlier that day.</p>
<p>Cut to the Haunted Palace, where we meet Pete Harvey, a private investigator, and his date Brit. They watch the movie and the attached Schreck short. Despite the dubbed voice, Brit thinks she recognizes one victim as Tina, her former roommate.</p>
<p>Meanwhile, Connie, frustrated and nervous, walks down to the neighborhood Seven-Eleven. Feeling invigorated, she continues into town, where a carful of men assault her. Connie fights back, flooring the would-be assailants, and steals their car, which she torches in a deserted parking lot.</p>
<p>The next day, Brit phones Tina but gets Freya, Tina’s roommate. Freya tries to put Britt off, but Britt persists, drives out, and shows up on Freya’s doorstep.</p>
<p>I’ll stop there. There are more characters, but we don’t get inside their heads. Laymon does proffer POVs for the characters in the short films, which he treats like flash fiction stories.</p>
<p>Despite this large cast, Laymon maintains a brisk narrative momentum via his usual use of simple sentences and action-based description.</p>
<blockquote>
<p>He parked. He climbed from his car. He walked toward the door. He reached toward the lighted doorbell button.</p>
</blockquote>
<p>Notice how he introduces the door and doorbell with action.</p>
<p>Another example:</p>
<blockquote>
<p>She drove forward. The road curved into a thickly wooded area. She stopped at a metal gate, opened its padlock, and swung the gate wide. After driving through, she shut the gate and snapped its lock into place.</p>
</blockquote>
<p>Laymon also shows a deft hand crafting action sequences. Consider this scene:</p>
<blockquote>
<p>Shovel clutched to her chest, she threw herself head over heels, hit the grass, twisted around and jammed the handle to the ground. Schreck, unable to stop, ran against the shovel blade. The shaft jerked in Connie’s hands. She yanked it, throwing Schreck overhead. He hit the ground and rolled. She rushed him. She raised the shovel high and crashed it down on the back of his head.</p>
</blockquote>
<p>Despite this craft, <em>Out Are the Lights</em> feels disjointed, as though Laymon struggled between writing a much longer, darker book, and this shorter—almost novella length—EC Comics style story with its poetic justice ending.</p>
<p>Said ending surprises with its abrupt arrival, and would have torpedoed a longer read. Would a different structure have helped? Several short stories featuring overlapping characters interspersed with the Schreck shorts and a wraparound narrative? Maybe. I’m curious to read what Laymon says about this work when I get to his autobiography, <em>A Writer’s Tale</em>.</p></div></div><div class="spacer-y-20"></div><div class="w-full max-w-popout"><h2 class="px-gutter text-md font-normal text-subtle shadow-bottom">Reading History<div class="spacer-y-2"></div></h2><ul><li class="grid auto-rows-auto grid-cols-[16px_1ch_1fr] px-gutter pt-4 even:bg-subtle"><div class="mt-1"><svg width="1em" height="1em" viewBox="0 0 16 16" class="fill-subtle mr-[1ch] min-h-4 min-w-4" xmlns="http://www.w3.org/2000/svg"><title>Watched on</title><path fill-rule="evenodd" d="M14 2H2a1 1 0 0 0-1 1v11a1 1 0 0 0 1 1h12a1 1 0 0 0 1-1V3a1 1 0 0 0-1-1zM2 1a2 2 0 0 0-2 2v11a2 2 0 0 0 2 2h12a2 2 0 0 0 2-2V3a2 2 0 0 0-2-2H2z"></path><path fill-rule="evenodd" d="M14 2H2a1 1 0 0 0-1 1v1h14V3a1 1 0 0 0-1-1zM2 1a2 2 0 0 0-2 2v2h16V3a2 2 0 0 0-2-2H2z"></path><path fill-rule="evenodd" d="M3.5 0a.5.5 0 0 1 .5.5V1a.5.5 0 0 1-1 0V.5a.5.5 0 0 1 .5-.5zm9 0a.5.5 0 0 1 .5.5V1a.5.5 0 0 1-1 0V.5a.5.5 0 0 1 .5-.5z"></path></svg> </div><div class="col-start-3"><span class="inline-block text-default">Tue, Oct 11, 2022</span> <span class="font-light text-muted"><span>via</span> <span>Kindle</span></span> <span class="text-sm font-light leading-none text-subtle">(<span class="rendered-markdown font-light text-sm leading-none"><span><em>Out Are the Lights and Other Tales</em>, Headline, 1993</span></span>)</span></div><div class="col-start-3 row-start-2"><details class="font-light text-subtle"><summary>Read over<!-- --> <!-- -->18<!-- --> Days</summary><ol class="-ml-gutter grid w-full grid-cols-[auto_1fr_auto] items-center pt-2"><li class="contents *:odd:bg-subtle"><div class="whitespace-nowrap px-gutter leading-10">24 Sept 2022</div><div class="h-10 w-full"><div class="progress-bar-bg leading-[38px]" style="--bar-percent:7.000000000000001%"> </div></div><div class="px-gutter text-right leading-10">7%</div></li><li class="contents *:odd:bg-subtle"><div class="whitespace-nowrap px-gutter leading-10">25 Sept 2022</div><div class="h-10 w-full"><div class="progress-bar-bg leading-[38px]" style="--bar-percent:20%"> </div></div><div class="px-gutter text-right leading-10">20%</div></li><li class="contents *:odd:bg-subtle"><div class="whitespace-nowrap px-gutter leading-10">1 Oct 2022</div><div class="h-10 w-full"><div class="progress-bar-bg leading-[38px]" style="--bar-percent:26%"> </div></div><div class="px-gutter text-right leading-10">26%</div></li><li class="contents *:odd:bg-subtle"><div class="whitespace-nowrap px-gutter leading-10">2 Oct 2022</div><div class="h-10 w-full"><div class="progress-bar-bg leading-[38px]" style="--bar-percent:36%"> </div></div><div class="px-gutter text-right leading-10">36%</div></li><li class="contents *:odd:bg-subtle"><div class="whitespace-nowrap px-gutter leading-10">7 Oct 2022</div><div class="h-10 w-full"><div class="progress-bar-bg leading-[38px]" style="--bar-percent:43%"> </div></div><div class="px-gutter text-right leading-10">43%</div></li><li class="contents *:odd:bg-subtle"><div class="whitespace-nowrap px-gutter leading-10">8 Oct 2022</div><div class="h-10 w-full"><div class="progress-bar-bg leading-[38px]" style="--bar-percent:72%"> </div></div><div class="px-gutter text-right leading-10">72%</div></li><li class="contents *:odd:bg-subtle"><div class="whitespace-nowrap px-gutter leading-10">9 Oct 2022</div><div class="h-10 w-full"><div class="progress-bar-bg leading-[38px]" style="--bar-percent:87%"> </div></div><div class="px-gutter text-right leading-10">87%</div></li><li class="contents *:odd:bg-subtle"><div class="whitespace-nowrap px-gutter leading-10">11 Oct 2022</div><div class="h-10 w-full"><div class="progress-bar-bg leading-[38px]" style="--bar-percent:100%"> </div></div><div class="px-gutter text-right leading-10">Finished</div></li></ol></details></div><div class="col-span-3 col-start-1 row-start-3 pt-4"></div></li></ul></div><div class="spacer-y-32"></div><div class="flex w-full flex-col items-center gap-y-12 bg-default tablet:bg-subtle tablet:pb-32 tablet:pt-8 desktop:gap-y-24"><nav class="relative flex w-full flex-col items-center tablet:w-auto"><div class="w-full px-gutter py-2 shadow-bottom tablet:py-4 tablet:shadow-none desktop:px-pageMargin desktop:py-4"><span class="font-semibold text-muted">More<!-- --> </span><a class="text-accent" href="/reviews/">Reviews</a></div><ul class="w-full tablet:grid tablet:grid-cols-[repeat(4,minmax(78px,248px))] tablet:gap-8 tablet:px-gutter desktop:grid-cols-[repeat(4,1fr)] desktop:gap-x-16 desktop:px-pageMargin desktop:pt-2"><li class="flex flex-row items-center gap-x-4 px-gutter py-4 even:bg-subtle tablet:flex-col tablet:items-start tablet:p-0 even:tablet:bg-unset"><a href="/reviews/mother-by-philip-fracassi/" class="min-w-20 max-w-20 shrink-0 tablet:max-w-poster safari-border-radius-fix overflow-hidden"><img srcSet="/_image?/content%2Fassets%2Fcovers%2Fbehold-the-void-by-philip-fracassi.png%3ForigWidth%3D500%26origHeight%3D750%26origFormat%3Dpng&amp;w=62&amp;q=80&amp;f=avif 62w, /_image?/content%2Fassets%2Fcovers%2Fbehold-the-void-by-philip-fracassi.png%3ForigWidth%3D500%26origHeight%3D750%26origFormat%3Dpng&amp;w=124&amp;q=80&amp;f=avif 124w, /_image?/content%2Fassets%2Fcovers%2Fbehold-the-void-by-philip-fracassi.png%3ForigWidth%3D500%26origHeight%3D750%26origFormat%3Dpng&amp;w=248&amp;q=80&amp;f=avif 248w, /_image?/content%2Fassets%2Fcovers%2Fbehold-the-void-by-philip-fracassi.png%3ForigWidth%3D500%26origHeight%3D750%26origFormat%3Dpng&amp;w=496&amp;q=80&amp;f=avif 496w" src="/_image?/content%2Fassets%2Fcovers%2Fbehold-the-void-by-philip-fracassi.png%3ForigWidth%3D500%26origHeight%3D750%26origFormat%3Dpng&amp;w=248&amp;h=372&amp;q=80&amp;f=avif" alt="A cover for Behold the Void by Philip Fracassi" height="372" width="248" class="aspect-[0.66666667]" loading="lazy" decoding="async" style="aspect-ratio:0.66666667"/></a><div class="tablet:spacer-y-2"></div><div class="flex grow flex-col tablet:w-full tablet:items-center"><div class="tablet:spacer-y-1"></div><a href="/reviews/mother-by-philip-fracassi/" class="block text-md leading-5 text-accent tablet:text-center tablet:text-base tablet:leading-5 desktop:text-md">Mother</a><div class="spacer-y-1 tablet:spacer-y-2"></div><div class="text-base leading-5 text-muted text-left tablet:text-center">Philip Fracassi</div><div class="spacer-y-3"></div><div class="text-sm leading-4 tracking-0.5px text-subtle text-left tablet:text-center"><span>2015<!-- --> | </span>Short Story</div><div class="spacer-y-3"></div><picture><source srcSet="/svg/3-half-stars-dark.svg" media="(prefers-color-scheme: dark)"/><img src="/svg/3-half-stars.svg" alt="B-: 3.5 stars (out of 5)" height="16" width="80"/></picture><div class="spacer-y-2"></div></div></li><li class="flex flex-row items-center gap-x-4 px-gutter py-4 even:bg-subtle tablet:flex-col tablet:items-start tablet:p-0 even:tablet:bg-unset"><a href="/reviews/on-writing-by-stephen-king/" class="min-w-20 max-w-20 shrink-0 tablet:max-w-poster safari-border-radius-fix overflow-hidden"><img srcSet="/_image?/content%2Fassets%2Fcovers%2Fon-writing-by-stephen-king.png%3ForigWidth%3D500%26origHeight%3D750%26origFormat%3Dpng&amp;w=62&amp;q=80&amp;f=avif 62w, /_image?/content%2Fassets%2Fcovers%2Fon-writing-by-stephen-king.png%3ForigWidth%3D500%26origHeight%3D750%26origFormat%3Dpng&amp;w=124&amp;q=80&amp;f=avif 124w, /_image?/content%2Fassets%2Fcovers%2Fon-writing-by-stephen-king.png%3ForigWidth%3D500%26origHeight%3D750%26origFormat%3Dpng&amp;w=248&amp;q=80&amp;f=avif 248w, /_image?/content%2Fassets%2Fcovers%2Fon-writing-by-stephen-king.png%3ForigWidth%3D500%26origHeight%3D750%26origFormat%3Dpng&amp;w=496&amp;q=80&amp;f=avif 496w" src="/_image?/content%2Fassets%2Fcovers%2Fon-writing-by-stephen-king.png%3ForigWidth%3D500%26origHeight%3D750%26origFormat%3Dpng&amp;w=248&amp;h=372&amp;q=80&amp;f=avif" alt="A cover for On Writing: A Memoir of the Craft by Stephen King" height="372" width="248" class="aspect-[0.66666667]" loading="lazy" decoding="async" style="aspect-ratio:0.66666667"/></a><div class="tablet:spacer-y-2"></div><div class="flex grow flex-col tablet:w-full tablet:items-center"><div class="tablet:spacer-y-1"></div><a href="/reviews/on-writing-by-stephen-king/" class="block text-md leading-5 text-accent tablet:text-center tablet:text-base tablet:leading-5 desktop:text-md">On Writing</a><div class="spacer-y-1 tablet:spacer-y-2"></div><div class="text-base leading-5 text-muted text-left tablet:text-center">Stephen King</div><div class="spacer-y-3"></div><div class="text-sm leading-4 tracking-0.5px text-subtle text-left tablet:text-center"><span>2000<!-- --> | </span>Nonfiction</div><div class="spacer-y-3"></div><picture><source srcSet="/svg/4-half-stars-dark.svg" media="(prefers-color-scheme: dark)"/><img src="/svg/4-half-stars.svg" alt="A-: 4.5 stars (out of 5)" height="16" width="80"/></picture><div class="spacer-y-2"></div></div></li><li class="flex flex-row items-center gap-x-4 px-gutter py-4 even:bg-subtle tablet:flex-col tablet:items-start tablet:p-0 even:tablet:bg-unset"><a href="/reviews/the-postman-always-rings-twice-by-james-m-cain/" class="min-w-20 max-w-20 shrink-0 tablet:max-w-poster safari-border-radius-fix overflow-hidden"><img srcSet="/_image?/content%2Fassets%2Fcovers%2Fthe-postman-always-rings-twice-by-james-m-cain.png%3ForigWidth%3D500%26origHeight%3D750%26origFormat%3Dpng&amp;w=62&amp;q=80&amp;f=avif 62w, /_image?/content%2Fassets%2Fcovers%2Fthe-postman-always-rings-twice-by-james-m-cain.png%3ForigWidth%3D500%26origHeight%3D750%26origFormat%3Dpng&amp;w=124&amp;q=80&amp;f=avif 124w, /_image?/content%2Fassets%2Fcovers%2Fthe-postman-always-rings-twice-by-james-m-cain.png%3ForigWidth%3D500%26origHeight%3D750%26origFormat%3Dpng&amp;w=248&amp;q=80&amp;f=avif 248w, /_image?/content%2Fassets%2Fcovers%2Fthe-postman-always-rings-twice-by-james-m-cain.png%3ForigWidth%3D500%26origHeight%3D750%26origFormat%3Dpng&amp;w=496&amp;q=80&amp;f=avif 496w" src="/_image?/content%2Fassets%2Fcovers%2Fthe-postman-always-rings-twice-by-james-m-cain.png%3ForigWidth%3D500%26origHeight%3D750%26origFormat%3Dpng&amp;w=248&amp;h=372&amp;q=80&amp;f=avif" alt="A cover for The Postman Always Rings Twice by James M. Cain" height="372" width="248" class="aspect-[0.66666667]" loading="lazy" decoding="async" style="aspect-ratio:0.66666667"/></a><div class="tablet:spacer-y-2"></div><div class="flex grow flex-col tablet:w-full tablet:items-center"><div class="tablet:spacer-y-1"></div><a href="/reviews/the-postman-always-rings-twice-by-james-m-cain/" class="block text-md leading-5 text-accent tablet:text-center tablet:text-base tablet:leading-5 desktop:text-md">The Postman Always Rings Twice</a><div class="spacer-y-1 tablet:spacer-y-2"></div><div class="text-base leading-5 text-muted text-left tablet:text-center">James M. Cain</div><div class="spacer-y-3"></div><div class="text-sm leading-4 tracking-0.5px text-subtle text-left tablet:text-center"><span>1934<!-- --> | </span>Novel</div><div class="spacer-y-3"></div><picture><source srcSet="/svg/4-stars-dark.svg" media="(prefers-color-scheme: dark)"/><img src="/svg/4-stars.svg" alt="B+: 4 stars (out of 5)" height="16" width="80"/></picture><div class="spacer-y-2"></div></div></li><li class="flex flex-row items-center gap-x-4 px-gutter py-4 even:bg-subtle tablet:flex-col tablet:items-start tablet:p-0 even:tablet:bg-unset"><a href="/reviews/record-play-pause-by-stephen-morris/" class="min-w-20 max-w-20 shrink-0 tablet:max-w-poster safari-border-radius-fix overflow-hidden"><img srcSet="/_image?/content%2Fassets%2Fcovers%2Frecord-play-pause-by-stephen-morris.png%3ForigWidth%3D500%26origHeight%3D750%26origFormat%3Dpng&amp;w=62&amp;q=80&amp;f=avif 62w, /_image?/content%2Fassets%2Fcovers%2Frecord-play-pause-by-stephen-morris.png%3ForigWidth%3D500%26origHeight%3D750%26origFormat%3Dpng&amp;w=124&amp;q=80&amp;f=avif 124w, /_image?/content%2Fassets%2Fcovers%2Frecord-play-pause-by-stephen-morris.png%3ForigWidth%3D500%26origHeight%3D750%26origFormat%3Dpng&amp;w=248&amp;q=80&amp;f=avif 248w, /_image?/content%2Fassets%2Fcovers%2Frecord-play-pause-by-stephen-morris.png%3ForigWidth%3D500%26origHeight%3D750%26origFormat%3Dpng&amp;w=496&amp;q=80&amp;f=avif 496w" src="/_image?/content%2Fassets%2Fcovers%2Frecord-play-pause-by-stephen-morris.png%3ForigWidth%3D500%26origHeight%3D750%26origFormat%3Dpng&amp;w=248&amp;h=372&amp;q=80&amp;f=avif" alt="A cover for Record Play Pause by Stephen Morris" height="372" width="248" class="aspect-[0.66666667]" loading="lazy" decoding="async" style="aspect-ratio:0.66666667"/></a><div class="tablet:spacer-y-2"></div><div class="flex grow flex-col tablet:w-full tablet:items-center"><div class="tablet:spacer-y-1"></div><a href="/reviews/record-play-pause-by-stephen-morris/" class="block text-md leading-5 text-accent tablet:text-center tablet:text-base tablet:leading-5 desktop:text-md">Record Play Pause</a><div class="spacer-y-1 tablet:spacer-y-2"></div><div class="text-base leading-5 text-muted text-left tablet:text-center">Stephen Morris</div><div class="spacer-y-3"></div><div class="text-sm leading-4 tracking-0.5px text-subtle text-left tablet:text-center"><span>2019<!-- --> | </span>Nonfiction</div><div class="spacer-y-3"></div><picture><source srcSet="/svg/5-stars-dark.svg" media="(prefers-color-scheme: dark)"/><img src="/svg/5-stars.svg" alt="A: 5 stars (out of 5)" height="16" width="80"/></picture><div class="spacer-y-2"></div></div></li><li class="col-span-full block px-gutter py-4 text-right shadow-bottom tablet:absolute tablet:right-0 tablet:top-0 tablet:shadow-none desktop:right-[var(--gutter-width)]"><a href="/reviews/" class="text-accent">All<!-- --> <span class="inline tablet:hidden desktop:inline">Reviews</span> <!-- -->→</a></li></ul></nav></div><script type="application/ld+json">{"@context":"http://schema.org","@type":"Review","itemReviewed":{"@type":"Book","name":"Out Are the Lights","image":"/_image?/content%2Fassets%2Fcovers%2Fout-are-the-lights-and-other-tales-by-richard-laymon.png%3ForigWidth%3D500%26origHeight%3D750%26origFormat%3Dpng&w=1200&h=630&q=80&f=jpeg"},"reviewRating":{"@type":"Rating","ratingValue":3},"author":{"@type":"Person","name":"Frank Showalter"}}</script></main>  </div><footer class="flex flex-col items-center gap-y-6 bg-[url(&#x27;/assets/ripnotcomingsoon.avif&#x27;)] px-pageMargin py-8 text-inverse"><ul class="flex w-full flex-wrap justify-center gap-x-4 gap-y-2 text-inverse tablet:gap-x-6 max:w-auto"><li class="block whitespace-nowrap tracking-0.5px"><a class="text-inverse" href="/">Home</a></li><li class="block whitespace-nowrap tracking-0.5px"><a class="text-inherit" href="/how-i-grade/">How I Grade</a></li><li class="block whitespace-nowrap tracking-0.5px"><a class="text-inherit" href="/reviews/">Reviews</a></li><li class="block whitespace-nowrap tracking-0.5px"><a class="text-inherit" href="/readings/">Reading Log</a></li><li class="block whitespace-nowrap tracking-0.5px"><a class="text-inherit" href="/authors/">Authors</a></li><li class="block whitespace-nowrap tracking-0.5px"><a class="text-inherit" href="/shelf/">Shelf</a></li></ul><p class="text-sm font-light leading-4">All images used in accordance with the<!-- --> <a href="http://www.copyright.gov/title17/92chap1.html#107" class="text-inherit">Fair Use Law.</a></p><a href="#top" class="sr-only">To the top ↑</a></footer></div></div> </html>