<!DOCTYPE html><html lang="en"> <head><meta charset="UTF-8"><meta name="viewport" content="width=device-width"><link rel="icon" href="/favicon.ico" sizes="48x48"><link rel="icon" href="/favicon.svg" sizes="any" type="image/svg+xml"><link rel="apple-touch-icon" href="/apple-touch-icon.png"><link rel="manifest" href="/site.webmanifest"><link rel="sitemap" href="/sitemap-index.xml"><meta name="description" content="&#38;#9733;&#38;#9733;&#38;#9733;&#38;#9733;&#38;#9733; Warm, witty, self-deprecating and self-aware, drummer Stephen Morris’s first volume of memoirs chronicles his formative years in the Manchester suburb of Macclesfield through joining Joy Division, its end, and the early days of New Order.
"><meta name="og:image" content="/_image?/content%2Fassets%2Fcovers%2Frecord-play-pause-by-stephen-morris.png%3ForigWidth%3D500%26origHeight%3D750%26origFormat%3Dpng&#38;w=1200&#38;h=630&#38;q=80&#38;f=jpeg"><meta property="og:url" content="https://www.franksbooklog.com//"><meta property="og:type" content="article"><meta property="og:title" content="Record Play Pause by Stephen Morris"><meta property="og:description" content="&#38;#9733;&#38;#9733;&#38;#9733;&#38;#9733;&#38;#9733; Warm, witty, self-deprecating and self-aware, drummer Stephen Morris’s first volume of memoirs chronicles his formative years in the Manchester suburb of Macclesfield through joining Joy Division, its end, and the early days of New Order.
"><title>Record Play Pause by Stephen Morris | Frank&#39;s Book Log</title></head>  <div><a href="#content" class="absolute left-1/2 top-0.5 z-50 mx-auto bg-subtle px-6 py-2 text-center text-accent [transform:translate(-50%,calc(-100%_-_2px))] focus:[transform:translate(-50%,0%)]">Skip to content</a><div class="image-filter mx-auto min-h-4 w-full max-w-canvas bg-[url(&#x27;/assets/ripnotcomingsoon.avif&#x27;)] desktop:sticky desktop:top-0 desktop:z-40"></div><div class="mx-auto flex min-h-full max-w-canvas flex-col bg-default"><header class="flex flex-col items-center gap-6 bg-default px-pageMargin py-6 text-center shadow-bottom desktop:sticky desktop:top-4 desktop:z-40 desktop:flex-row desktop:justify-between desktop:gap-8 desktop:py-8 desktop:text-left"><div class="items-inherit justify-items-inherit flex flex-col"><h1 class="whitespace-nowrap text-[1.5625rem] font-normal leading-8"><a class="text-default" href="/">Frank&#x27;s Book Log</a></h1><p class="w-full text-sm italic leading-4 text-muted desktop:pl-px">Literature is a relative term.</p></div><div class="w-full max-w-prose desktop:order-4 desktop:w-44"><form action="https://www.google.com/search" accept-charset="UTF-8" method="get" role="search" class="mx-auto w-full max-w-[512px] overflow-hidden rounded shadow-all"><label for="search" class="flex overflow-hidden"><span class="sr-only">Search</span><input type="text" name="q" id="search" placeholder="Search..." class="min-w-0 grow border-0 bg-subtle px-4 py-2 text-base font-light leading-6 text-default"/><input type="hidden" name="q" value="site:www.franksbooklog.com"/><button type="submit" value="Search" aria-label="Search" class="border-0 border-l border-default bg-subtle px-3 py-1"><svg class="size-4 fill-subtle" viewBox="0 0 16 16"><path fill-rule="evenodd" d="M10.442 10.442a1 1 0 011.415 0l3.85 3.85a1 1 0 01-1.414 1.415l-3.85-3.85a1 1 0 010-1.415z"></path><path fill-rule="evenodd" d="M6.5 12a5.5 5.5 0 100-11 5.5 5.5 0 000 11zM13 6.5a6.5 6.5 0 11-13 0 6.5 6.5 0 0113 0z"></path></svg></button></label></form></div><nav class="w-full desktop:w-auto"><ul class="flex flex-wrap justify-center gap-x-4 gap-y-2 text-accent tablet:gap-x-6 desktop:flex-nowrap desktop:justify-start"><li class="block whitespace-nowrap tracking-0.5px"><a class="text-muted" href="/">Home</a></li><li class="block whitespace-nowrap tracking-0.5px"><a class="text-inherit" href="/how-i-grade/">How I Grade</a></li><li class="block whitespace-nowrap tracking-0.5px"><a class="text-inherit" href="/reviews/">Reviews</a></li><li class="block whitespace-nowrap tracking-0.5px"><a class="text-inherit" href="/readings/">Reading Log</a></li><li class="block whitespace-nowrap tracking-0.5px"><a class="text-inherit" href="/authors/">Authors</a></li><li class="block whitespace-nowrap tracking-0.5px"><a class="text-inherit" href="/shelf/">Shelf</a></li></ul></nav></header><div class="grow" id="content">  <main id="top" class="flex flex-col items-center pt-6 desktop:pt-12"><header class="flex w-full flex-col items-center px-pageMargin"><div class="text-center"><h1 class="text-[2rem] font-normal leading-none desktop:text-[2.25rem]">Record Play Pause</h1></div><div class="spacer-y-2"></div><div class="text-center text-md text-muted">by<!-- --> <div class="inline-block text-accent"><a href="/reviews/authors/stephen-morris/">Stephen Morris</a></div></div><div class="spacer-y-2 desktop:spacer-y-4"></div><div class="uppercase tracking-1px text-subtle"><span class="tracking-0.25px">2019</span> | <!-- -->Nonfiction</div><div class="spacer-y-8"></div><div class="relative flex h-[340px] w-full max-w-popout flex-col items-center"><div class="cover-clip-path absolute inset-0 overflow-hidden"><div style="background-color:var(--bg-default);background-image:linear-gradient(90deg, rgba(var(--bg-default-rgb),1) 0%, rgba(var(--bg-default-rgb),var(--bg-default-alpha)) 30%, rgba(var(--bg-default-rgb),0) 50%, rgba(var(--bg-default-rgb),var(--bg-default-alpha)) 70%, rgba(var(--bg-default-rgb),1) 100%), url(/_image?/content%2Fassets%2Fcovers%2Frecord-play-pause-by-stephen-morris.png%3ForigWidth%3D500%26origHeight%3D750%26origFormat%3Dpng&amp;w=248&amp;h=372&amp;q=80&amp;f=avif)" class="absolute left-[-5%] top-[-5%] size-[110%] bg-default bg-cover bg-center"></div><div class="absolute size-full backdrop-blur"></div></div><div class="relative -top-4 z-10 h-[372px] shadow-[0_5px_20px_rgba(49,46,42,0.22)]"><img srcSet="/_image?/content%2Fassets%2Fcovers%2Frecord-play-pause-by-stephen-morris.png%3ForigWidth%3D500%26origHeight%3D750%26origFormat%3Dpng&amp;w=248&amp;q=80&amp;f=avif 1x, /_image?/content%2Fassets%2Fcovers%2Frecord-play-pause-by-stephen-morris.png%3ForigWidth%3D500%26origHeight%3D750%26origFormat%3Dpng&amp;w=496&amp;q=80&amp;f=avif 2x" src="/_image?/content%2Fassets%2Fcovers%2Frecord-play-pause-by-stephen-morris.png%3ForigWidth%3D500%26origHeight%3D750%26origFormat%3Dpng&amp;w=248&amp;h=372&amp;q=80&amp;f=avif" alt="A cover for Record Play Pause by Stephen Morris" width="248" height="372" class="safari-border-radius-fix shadow-[0_5px_20px_rgba(49,46,42,0.22)]" loading="eager" decoding="async" style="aspect-ratio:0.66666667"/></div></div><div class="spacer-y-12"></div><picture><source srcSet="/svg/5-stars-dark.svg" media="(prefers-color-scheme: dark)"/><img src="/svg/5-stars.svg" alt="A: 5 stars (out of 5)" height="32" width="160"/></picture><div class="flex flex-col items-center tracking-0.5px text-subtle"><span>on</span> <!-- -->Sat, Nov 11, 2023</div><div class="spacer-y-8"></div></header><div class="flex flex-col px-pageMargin desktop:px-gutter"><div class="rendered-markdown font-light text-md/7 tracking-0.3px tablet:text-xl/8 max-w-prose"><p>Warm, witty, self-deprecating and self-aware, drummer Stephen Morris’s first volume of memoirs chronicles his formative years in the Manchester suburb of Macclesfield through joining Joy Division, its end, and the early days of New Order.</p>
<!-- end -->
<p>Morris proves an outstanding raconteur. Close enough to proffer a first-person account, but devoid of the ego typical in rock memoirs. He establishes his self-deprecating tone early, enlivening the otherwise dry story of his childhood, with a commentary on his early introduction to music via the clarinet.</p>
<blockquote>
<p>I think my dad liked the idea of this music tuition more than me. He was a firm believer that knowing how to play an instrument was a benefit. The next thing I knew I was signed up for clarinet lessons. I felt a little bit railroaded. Given the choice, I would’ve had another go at the guitar, but that class was heavily oversubscribed. Everyone always wants to be the next Hendrix or Clapton, and so did I. You could look cool strumming a guitar. The clarinet is a lovely-sounding instrument but it would not make me look cool. It would make me look like a dick.</p>
</blockquote>
<p>Late-seventies Britain birthed many bands, and Morris’s story helps explain why. A generation born into the rubble of World War II comes of age seeing with a national angst. The middle class flight to the new suburbs leaves them without the distractions of a big city, but the country’s small size means every small town’s lone live-music hall is within driving distance. The combination led to many teens forming bands, spending countless hours practicing and gigging, learning their way into their trade. English boredom births a cultural phenomenon.</p>
<p>And so, after an adolescence notable for a penchant for drugs, alcohol and insubordination, Morris stumbles into Joy Division (then known as Warsaw) by answering a handwritten ad from lead singer Ian Curtis in a Macclesfield music shop’s window.</p>
<p>Despite the hours the Warsaw bandmates spend together, Morris remains on the fringe. Consider how he learns of guitarist Bernard Sumner’s wedding. It’s Morris’s twenty-first birthday, and he asks Ian if he’d fancy going out for drinks.</p>
<blockquote>
<p>‘Oh no, I’m still worn out. I had to be Barney’s bestman. What a palaver. I’m knackered.’</p>
<p>Was I hearing things, ‘“best man”?’</p>
<p>‘Yes, him and Sue have got married.’</p>
</blockquote>
<p>Morris proves self-aware enough to recognize his place in the group. Bassist Peter “Hooky” Hook was adversarial, impulsive, and aggressive. Sumner, more reserved and analytical, Ian, torn between the two extremes. And Morris? He had a car.</p>
<blockquote>
<p>It was the fact that we were all different that made the band what it was. I was a wimp. But a wimp with wheels.</p>
</blockquote>
<p>And lest you worry Morris might view the now near-mythic Joy Division years through nostalgia-tinted glasses, he includes a deadpan anecdote where, one boring Sunday afternoon, the band members shut a helmeted and gloved Ian into one of their new foam-lined flight cases, then pushed him down the steep stairs at speed.</p>
<blockquote>
<p>It was a Poundland version of Evel Knievel jumping the Grand Canyon. These were the lengths we would have to go to to get inspiration for some of our most sombre and profound works.</p>
</blockquote>
<p>As this first volume nears its close, Joy Division begins its ascent. Gigging increases.</p>
<blockquote>
<p>Like much in life, there is a hierarchy that exists in bands. It may not have been there at the inception, but believe me it will develop like algae on a pond. As a rule of thumb, I have found this usually equates to the individual band member in question’s proximity to the audience.</p>
</blockquote>
<p>After Ian’s suicide, the band struggles to find their way forward, lacking both a lyricist and a vocalist. They record two songs of Ian’s, one of which (“In a Lonely Place”) begins New Order’s penchant for naming songs after movies.</p>
<p>I always wondered about this, and Morris confides the title came from a poster they swiped from a gig in Berlin that served as wallpaper in their rehearsal room. Said poster also list forthcoming attractions that would become the source of future song titles, such as “Cries and Whispers”.</p>
<p>The audiobook, read by Morris, proves superior to the written work, as it affords Morris the timing and inflection absent on the page. He’s an engaging, enthusiastic storyteller, conveying a sense of wonderment at the ride that’s been his life.</p></div></div><div class="spacer-y-20"></div><div class="w-full max-w-popout"><h2 class="px-gutter text-md font-normal text-subtle shadow-bottom">Reading History<div class="spacer-y-2"></div></h2><ul><li class="grid auto-rows-auto grid-cols-[16px_1ch_1fr] px-gutter pt-4 even:bg-subtle"><div class="mt-1"><svg width="1em" height="1em" viewBox="0 0 16 16" class="fill-subtle mr-[1ch] min-h-4 min-w-4" xmlns="http://www.w3.org/2000/svg"><title>Watched on</title><path fill-rule="evenodd" d="M14 2H2a1 1 0 0 0-1 1v11a1 1 0 0 0 1 1h12a1 1 0 0 0 1-1V3a1 1 0 0 0-1-1zM2 1a2 2 0 0 0-2 2v11a2 2 0 0 0 2 2h12a2 2 0 0 0 2-2V3a2 2 0 0 0-2-2H2z"></path><path fill-rule="evenodd" d="M14 2H2a1 1 0 0 0-1 1v1h14V3a1 1 0 0 0-1-1zM2 1a2 2 0 0 0-2 2v2h16V3a2 2 0 0 0-2-2H2z"></path><path fill-rule="evenodd" d="M3.5 0a.5.5 0 0 1 .5.5V1a.5.5 0 0 1-1 0V.5a.5.5 0 0 1 .5-.5zm9 0a.5.5 0 0 1 .5.5V1a.5.5 0 0 1-1 0V.5a.5.5 0 0 1 .5-.5z"></path></svg> </div><div class="col-start-3"><span class="inline-block text-default">Sat, Nov 11, 2023</span> <span class="font-light text-muted"><span>via</span> <span>Audible</span></span> <span class="text-sm font-light leading-none text-subtle">(<span class="rendered-markdown font-light text-sm leading-none"><span>Read by Stephen Morris</span></span>)</span></div><div class="col-start-3 row-start-2"><details class="font-light text-subtle"><summary>Listened to over<!-- --> <!-- -->6<!-- --> Days</summary><ol class="-ml-gutter grid w-full grid-cols-[auto_1fr_auto] items-center pt-2"><li class="contents *:odd:bg-subtle"><div class="whitespace-nowrap px-gutter leading-10">6 Nov 2023</div><div class="h-10 w-full"><div class="progress-bar-bg leading-[38px]" style="--bar-percent:43%"> </div></div><div class="px-gutter text-right leading-10">43%</div></li><li class="contents *:odd:bg-subtle"><div class="whitespace-nowrap px-gutter leading-10">8 Nov 2023</div><div class="h-10 w-full"><div class="progress-bar-bg leading-[38px]" style="--bar-percent:49%"> </div></div><div class="px-gutter text-right leading-10">49%</div></li><li class="contents *:odd:bg-subtle"><div class="whitespace-nowrap px-gutter leading-10">10 Nov 2023</div><div class="h-10 w-full"><div class="progress-bar-bg leading-[38px]" style="--bar-percent:77%"> </div></div><div class="px-gutter text-right leading-10">77%</div></li><li class="contents *:odd:bg-subtle"><div class="whitespace-nowrap px-gutter leading-10">11 Nov 2023</div><div class="h-10 w-full"><div class="progress-bar-bg leading-[38px]" style="--bar-percent:100%"> </div></div><div class="px-gutter text-right leading-10">Finished</div></li></ol></details></div><div class="col-span-3 col-start-1 row-start-3 pt-4"></div></li></ul></div><div class="spacer-y-32"></div><div class="flex w-full flex-col items-center gap-y-12 bg-default tablet:bg-subtle tablet:pb-32 tablet:pt-8 desktop:gap-y-24"><nav class="relative flex w-full flex-col items-center tablet:w-auto"><div class="w-full px-gutter py-2 shadow-bottom tablet:py-4 tablet:shadow-none desktop:px-pageMargin desktop:py-4"><span class="font-semibold text-muted">More<!-- --> </span><a class="text-accent" href="/reviews/">Reviews</a></div><ul class="w-full tablet:grid tablet:grid-cols-[repeat(4,minmax(78px,248px))] tablet:gap-8 tablet:px-gutter desktop:grid-cols-[repeat(4,1fr)] desktop:gap-x-16 desktop:px-pageMargin desktop:pt-2"><li class="flex flex-row items-center gap-x-4 px-gutter py-4 even:bg-subtle tablet:flex-col tablet:items-start tablet:p-0 even:tablet:bg-unset"><a href="/reviews/out-are-the-lights-by-richard-laymon/" class="min-w-20 max-w-20 shrink-0 tablet:max-w-poster safari-border-radius-fix overflow-hidden"><img srcSet="/_image?/content%2Fassets%2Fcovers%2Fout-are-the-lights-and-other-tales-by-richard-laymon.png%3ForigWidth%3D500%26origHeight%3D750%26origFormat%3Dpng&amp;w=62&amp;q=80&amp;f=avif 62w, /_image?/content%2Fassets%2Fcovers%2Fout-are-the-lights-and-other-tales-by-richard-laymon.png%3ForigWidth%3D500%26origHeight%3D750%26origFormat%3Dpng&amp;w=124&amp;q=80&amp;f=avif 124w, /_image?/content%2Fassets%2Fcovers%2Fout-are-the-lights-and-other-tales-by-richard-laymon.png%3ForigWidth%3D500%26origHeight%3D750%26origFormat%3Dpng&amp;w=248&amp;q=80&amp;f=avif 248w, /_image?/content%2Fassets%2Fcovers%2Fout-are-the-lights-and-other-tales-by-richard-laymon.png%3ForigWidth%3D500%26origHeight%3D750%26origFormat%3Dpng&amp;w=496&amp;q=80&amp;f=avif 496w" src="/_image?/content%2Fassets%2Fcovers%2Fout-are-the-lights-and-other-tales-by-richard-laymon.png%3ForigWidth%3D500%26origHeight%3D750%26origFormat%3Dpng&amp;w=248&amp;h=372&amp;q=80&amp;f=avif" alt="A cover for Out Are the Lights and Other Tales by Richard Laymon" height="372" width="248" class="aspect-[0.66666667]" loading="lazy" decoding="async" style="aspect-ratio:0.66666667"/></a><div class="tablet:spacer-y-2"></div><div class="flex grow flex-col tablet:w-full tablet:items-center"><div class="tablet:spacer-y-1"></div><a href="/reviews/out-are-the-lights-by-richard-laymon/" class="block text-md leading-5 text-accent tablet:text-center tablet:text-base tablet:leading-5 desktop:text-md">Out Are the Lights</a><div class="spacer-y-1 tablet:spacer-y-2"></div><div class="text-base leading-5 text-muted text-left tablet:text-center">Richard Laymon</div><div class="spacer-y-3"></div><div class="text-sm leading-4 tracking-0.5px text-subtle text-left tablet:text-center"><span>1982<!-- --> | </span>Novel</div><div class="spacer-y-3"></div><picture><source srcSet="/svg/2-half-stars-dark.svg" media="(prefers-color-scheme: dark)"/><img src="/svg/2-half-stars.svg" alt="C-: 2.5 stars (out of 5)" height="16" width="80"/></picture><div class="spacer-y-2"></div></div></li><li class="flex flex-row items-center gap-x-4 px-gutter py-4 even:bg-subtle tablet:flex-col tablet:items-start tablet:p-0 even:tablet:bg-unset"><a href="/reviews/the-postman-always-rings-twice-by-james-m-cain/" class="min-w-20 max-w-20 shrink-0 tablet:max-w-poster safari-border-radius-fix overflow-hidden"><img srcSet="/_image?/content%2Fassets%2Fcovers%2Fthe-postman-always-rings-twice-by-james-m-cain.png%3ForigWidth%3D500%26origHeight%3D750%26origFormat%3Dpng&amp;w=62&amp;q=80&amp;f=avif 62w, /_image?/content%2Fassets%2Fcovers%2Fthe-postman-always-rings-twice-by-james-m-cain.png%3ForigWidth%3D500%26origHeight%3D750%26origFormat%3Dpng&amp;w=124&amp;q=80&amp;f=avif 124w, /_image?/content%2Fassets%2Fcovers%2Fthe-postman-always-rings-twice-by-james-m-cain.png%3ForigWidth%3D500%26origHeight%3D750%26origFormat%3Dpng&amp;w=248&amp;q=80&amp;f=avif 248w, /_image?/content%2Fassets%2Fcovers%2Fthe-postman-always-rings-twice-by-james-m-cain.png%3ForigWidth%3D500%26origHeight%3D750%26origFormat%3Dpng&amp;w=496&amp;q=80&amp;f=avif 496w" src="/_image?/content%2Fassets%2Fcovers%2Fthe-postman-always-rings-twice-by-james-m-cain.png%3ForigWidth%3D500%26origHeight%3D750%26origFormat%3Dpng&amp;w=248&amp;h=372&amp;q=80&amp;f=avif" alt="A cover for The Postman Always Rings Twice by James M. Cain" height="372" width="248" class="aspect-[0.66666667]" loading="lazy" decoding="async" style="aspect-ratio:0.66666667"/></a><div class="tablet:spacer-y-2"></div><div class="flex grow flex-col tablet:w-full tablet:items-center"><div class="tablet:spacer-y-1"></div><a href="/reviews/the-postman-always-rings-twice-by-james-m-cain/" class="block text-md leading-5 text-accent tablet:text-center tablet:text-base tablet:leading-5 desktop:text-md">The Postman Always Rings Twice</a><div class="spacer-y-1 tablet:spacer-y-2"></div><div class="text-base leading-5 text-muted text-left tablet:text-center">James M. Cain</div><div class="spacer-y-3"></div><div class="text-sm leading-4 tracking-0.5px text-subtle text-left tablet:text-center"><span>1934<!-- --> | </span>Novel</div><div class="spacer-y-3"></div><picture><source srcSet="/svg/4-stars-dark.svg" media="(prefers-color-scheme: dark)"/><img src="/svg/4-stars.svg" alt="B+: 4 stars (out of 5)" height="16" width="80"/></picture><div class="spacer-y-2"></div></div></li><li class="flex flex-row items-center gap-x-4 px-gutter py-4 even:bg-subtle tablet:flex-col tablet:items-start tablet:p-0 even:tablet:bg-unset"><a href="/reviews/the-rise-of-theodore-roosevelt-by-edmund-morris/" class="min-w-20 max-w-20 shrink-0 tablet:max-w-poster safari-border-radius-fix overflow-hidden"><img srcSet="/_image?/content%2Fassets%2Fcovers%2Fthe-rise-of-theodore-roosevelt-by-edmund-morris.png%3ForigWidth%3D500%26origHeight%3D750%26origFormat%3Dpng&amp;w=62&amp;q=80&amp;f=avif 62w, /_image?/content%2Fassets%2Fcovers%2Fthe-rise-of-theodore-roosevelt-by-edmund-morris.png%3ForigWidth%3D500%26origHeight%3D750%26origFormat%3Dpng&amp;w=124&amp;q=80&amp;f=avif 124w, /_image?/content%2Fassets%2Fcovers%2Fthe-rise-of-theodore-roosevelt-by-edmund-morris.png%3ForigWidth%3D500%26origHeight%3D750%26origFormat%3Dpng&amp;w=248&amp;q=80&amp;f=avif 248w, /_image?/content%2Fassets%2Fcovers%2Fthe-rise-of-theodore-roosevelt-by-edmund-morris.png%3ForigWidth%3D500%26origHeight%3D750%26origFormat%3Dpng&amp;w=496&amp;q=80&amp;f=avif 496w" src="/_image?/content%2Fassets%2Fcovers%2Fthe-rise-of-theodore-roosevelt-by-edmund-morris.png%3ForigWidth%3D500%26origHeight%3D750%26origFormat%3Dpng&amp;w=248&amp;h=372&amp;q=80&amp;f=avif" alt="A cover for The Rise of Theodore Roosevelt by Edmund Morris" height="372" width="248" class="aspect-[0.66666667]" loading="lazy" decoding="async" style="aspect-ratio:0.66666667"/></a><div class="tablet:spacer-y-2"></div><div class="flex grow flex-col tablet:w-full tablet:items-center"><div class="tablet:spacer-y-1"></div><a href="/reviews/the-rise-of-theodore-roosevelt-by-edmund-morris/" class="block text-md leading-5 text-accent tablet:text-center tablet:text-base tablet:leading-5 desktop:text-md">The Rise of Theodore Roosevelt</a><div class="spacer-y-1 tablet:spacer-y-2"></div><div class="text-base leading-5 text-muted text-left tablet:text-center">Edmund Morris</div><div class="spacer-y-3"></div><div class="text-sm leading-4 tracking-0.5px text-subtle text-left tablet:text-center"><span>1979<!-- --> | </span>Nonfiction</div><div class="spacer-y-3"></div><picture><source srcSet="/svg/4-half-stars-dark.svg" media="(prefers-color-scheme: dark)"/><img src="/svg/4-half-stars.svg" alt="A-: 4.5 stars (out of 5)" height="16" width="80"/></picture><div class="spacer-y-2"></div></div></li><li class="flex flex-row items-center gap-x-4 px-gutter py-4 even:bg-subtle tablet:flex-col tablet:items-start tablet:p-0 even:tablet:bg-unset"><a href="/reviews/roadside-pickup-by-richard-laymon/" class="min-w-20 max-w-20 shrink-0 tablet:max-w-poster safari-border-radius-fix overflow-hidden"><img srcSet="/_image?/content%2Fassets%2Fcovers%2Fshort-stories-volume-one-by-richard-laymon.png%3ForigWidth%3D500%26origHeight%3D750%26origFormat%3Dpng&amp;w=62&amp;q=80&amp;f=avif 62w, /_image?/content%2Fassets%2Fcovers%2Fshort-stories-volume-one-by-richard-laymon.png%3ForigWidth%3D500%26origHeight%3D750%26origFormat%3Dpng&amp;w=124&amp;q=80&amp;f=avif 124w, /_image?/content%2Fassets%2Fcovers%2Fshort-stories-volume-one-by-richard-laymon.png%3ForigWidth%3D500%26origHeight%3D750%26origFormat%3Dpng&amp;w=248&amp;q=80&amp;f=avif 248w, /_image?/content%2Fassets%2Fcovers%2Fshort-stories-volume-one-by-richard-laymon.png%3ForigWidth%3D500%26origHeight%3D750%26origFormat%3Dpng&amp;w=496&amp;q=80&amp;f=avif 496w" src="/_image?/content%2Fassets%2Fcovers%2Fshort-stories-volume-one-by-richard-laymon.png%3ForigWidth%3D500%26origHeight%3D750%26origFormat%3Dpng&amp;w=248&amp;h=372&amp;q=80&amp;f=avif" alt="A cover for Short Stories: Volume One: The Mystery and Men&#x27;s Magazines by Richard Laymon" height="372" width="248" class="aspect-[0.66666667]" loading="lazy" decoding="async" style="aspect-ratio:0.66666667"/></a><div class="tablet:spacer-y-2"></div><div class="flex grow flex-col tablet:w-full tablet:items-center"><div class="tablet:spacer-y-1"></div><a href="/reviews/roadside-pickup-by-richard-laymon/" class="block text-md leading-5 text-accent tablet:text-center tablet:text-base tablet:leading-5 desktop:text-md">Roadside Pickup</a><div class="spacer-y-1 tablet:spacer-y-2"></div><div class="text-base leading-5 text-muted text-left tablet:text-center">Richard Laymon</div><div class="spacer-y-3"></div><div class="text-sm leading-4 tracking-0.5px text-subtle text-left tablet:text-center"><span>1974<!-- --> | </span>Short Story</div><div class="spacer-y-3"></div><picture><source srcSet="/svg/2-half-stars-dark.svg" media="(prefers-color-scheme: dark)"/><img src="/svg/2-half-stars.svg" alt="C-: 2.5 stars (out of 5)" height="16" width="80"/></picture><div class="spacer-y-2"></div></div></li><li class="col-span-full block px-gutter py-4 text-right shadow-bottom tablet:absolute tablet:right-0 tablet:top-0 tablet:shadow-none desktop:right-[var(--gutter-width)]"><a href="/reviews/" class="text-accent">All<!-- --> <span class="inline tablet:hidden desktop:inline">Reviews</span> <!-- -->→</a></li></ul></nav></div><script type="application/ld+json">{"@context":"http://schema.org","@type":"Review","itemReviewed":{"@type":"Book","name":"Record Play Pause","image":"/_image?/content%2Fassets%2Fcovers%2Frecord-play-pause-by-stephen-morris.png%3ForigWidth%3D500%26origHeight%3D750%26origFormat%3Dpng&w=1200&h=630&q=80&f=jpeg"},"reviewRating":{"@type":"Rating","ratingValue":5},"author":{"@type":"Person","name":"Frank Showalter"}}</script></main>  </div><footer class="flex flex-col items-center gap-y-6 bg-[url(&#x27;/assets/ripnotcomingsoon.avif&#x27;)] px-pageMargin py-8 text-inverse"><ul class="flex w-full flex-wrap justify-center gap-x-4 gap-y-2 text-inverse tablet:gap-x-6 max:w-auto"><li class="block whitespace-nowrap tracking-0.5px"><a class="text-inverse" href="/">Home</a></li><li class="block whitespace-nowrap tracking-0.5px"><a class="text-inherit" href="/how-i-grade/">How I Grade</a></li><li class="block whitespace-nowrap tracking-0.5px"><a class="text-inherit" href="/reviews/">Reviews</a></li><li class="block whitespace-nowrap tracking-0.5px"><a class="text-inherit" href="/readings/">Reading Log</a></li><li class="block whitespace-nowrap tracking-0.5px"><a class="text-inherit" href="/authors/">Authors</a></li><li class="block whitespace-nowrap tracking-0.5px"><a class="text-inherit" href="/shelf/">Shelf</a></li></ul><p class="text-sm font-light leading-4">All images used in accordance with the<!-- --> <a href="http://www.copyright.gov/title17/92chap1.html#107" class="text-inherit">Fair Use Law.</a></p><a href="#top" class="sr-only">To the top ↑</a></footer></div></div> </html>