<!DOCTYPE html><html lang="en"> <head><meta charset="UTF-8"><meta name="viewport" content="width=device-width"><link rel="icon" href="/favicon.ico" sizes="48x48"><link rel="icon" href="/favicon.svg" sizes="any" type="image/svg+xml"><link rel="apple-touch-icon" href="/apple-touch-icon.png"><link rel="manifest" href="/site.webmanifest"><link rel="sitemap" href="/sitemap-index.xml"><meta name="description" content="&#38;#9733;&#38;#9733;&#38;#9733;&#38;#9733; How to describe The Cipher? The plot concerns Nicholas, an aimless twenty-something drifting through life, who discovers a mysterious hole inside a disused storage room in his derelict apartment building. Weird things ensue.
"><meta name="og:image"><meta property="og:url" content="https://www.franksbooklog.com//"><meta property="og:type" content="article"><meta property="og:title" content="The Cipher by Kathe Koja"><meta property="og:description" content="&#38;#9733;&#38;#9733;&#38;#9733;&#38;#9733; How to describe The Cipher? The plot concerns Nicholas, an aimless twenty-something drifting through life, who discovers a mysterious hole inside a disused storage room in his derelict apartment building. Weird things ensue.
"><title>The Cipher by Kathe Koja | Frank&#39;s Book Log</title></head>  <div><a href="#content" class="absolute left-1/2 top-0.5 z-50 mx-auto bg-subtle px-6 py-2 text-center text-accent [transform:translate(-50%,calc(-100%_-_2px))] focus:[transform:translate(-50%,0%)]">Skip to content</a><div class="image-filter mx-auto min-h-4 w-full max-w-canvas bg-[url(&#x27;/assets/ripnotcomingsoon.avif&#x27;)] desktop:sticky desktop:top-0 desktop:z-40"></div><div class="mx-auto flex min-h-full max-w-canvas flex-col bg-default"><header class="flex flex-col items-center gap-6 bg-default px-pageMargin py-6 text-center shadow-bottom desktop:sticky desktop:top-4 desktop:z-40 desktop:flex-row desktop:justify-between desktop:gap-8 desktop:py-8 desktop:text-left"><div class="items-inherit justify-items-inherit flex flex-col"><h1 class="whitespace-nowrap text-[1.5625rem] font-normal leading-8"><a class="text-default" href="/">Frank&#x27;s Book Log</a></h1><p class="w-full text-sm italic leading-4 text-muted desktop:pl-px">Literature is a relative term.</p></div><div class="w-full max-w-prose desktop:order-4 desktop:w-44"><form action="https://www.google.com/search" accept-charset="UTF-8" method="get" role="search" class="mx-auto w-full max-w-[512px] overflow-hidden rounded shadow-all"><label for="search" class="flex overflow-hidden"><span class="sr-only">Search</span><input type="text" name="q" id="search" placeholder="Search..." class="min-w-0 grow border-0 bg-subtle px-4 py-2 text-base font-light leading-6 text-default"/><input type="hidden" name="q" value="site:www.franksbooklog.com"/><button type="submit" value="Search" aria-label="Search" class="border-0 border-l border-default bg-subtle px-3 py-1"><svg class="size-4 fill-subtle" viewBox="0 0 16 16"><path fill-rule="evenodd" d="M10.442 10.442a1 1 0 011.415 0l3.85 3.85a1 1 0 01-1.414 1.415l-3.85-3.85a1 1 0 010-1.415z"></path><path fill-rule="evenodd" d="M6.5 12a5.5 5.5 0 100-11 5.5 5.5 0 000 11zM13 6.5a6.5 6.5 0 11-13 0 6.5 6.5 0 0113 0z"></path></svg></button></label></form></div><nav class="w-full desktop:w-auto"><ul class="flex flex-wrap justify-center gap-x-4 gap-y-2 text-accent tablet:gap-x-6 desktop:flex-nowrap desktop:justify-start"><li class="block whitespace-nowrap tracking-0.5px"><a class="text-muted" href="/">Home</a></li><li class="block whitespace-nowrap tracking-0.5px"><a class="text-inherit" href="/how-i-grade/">How I Grade</a></li><li class="block whitespace-nowrap tracking-0.5px"><a class="text-inherit" href="/reviews/">Reviews</a></li><li class="block whitespace-nowrap tracking-0.5px"><a class="text-inherit" href="/readings/">Reading Log</a></li><li class="block whitespace-nowrap tracking-0.5px"><a class="text-inherit" href="/authors/">Authors</a></li><li class="block whitespace-nowrap tracking-0.5px"><a class="text-inherit" href="/shelf/">Shelf</a></li></ul></nav></header><div class="grow" id="content">  <main id="top" class="flex flex-col items-center pt-6 desktop:pt-12"><header class="flex w-full flex-col items-center px-pageMargin"><div class="text-center"><h1 class="text-[2rem] font-normal leading-none desktop:text-[2.25rem]">The Cipher</h1></div><div class="spacer-y-2"></div><div class="text-center text-md text-muted">by<!-- --> <div class="inline-block text-accent"><a href="/reviews/authors/kathe-koja/">Kathe Koja</a></div></div><div class="spacer-y-2 desktop:spacer-y-4"></div><div class="uppercase tracking-1px text-subtle"><span class="tracking-0.25px">1991</span> | <!-- -->Novel</div><div class="spacer-y-8"></div><div class="relative flex h-[340px] w-full max-w-popout flex-col items-center"><div class="cover-clip-path absolute inset-0 overflow-hidden"><div style="background-color:var(--bg-default);background-image:linear-gradient(90deg, rgba(var(--bg-default-rgb),1) 0%, rgba(var(--bg-default-rgb),var(--bg-default-alpha)) 30%, rgba(var(--bg-default-rgb),0) 50%, rgba(var(--bg-default-rgb),var(--bg-default-alpha)) 70%, rgba(var(--bg-default-rgb),1) 100%), url(/_image?/content%2Fassets%2Fcovers%2Fthe-cipher-by-kathe-koja.png%3ForigWidth%3D500%26origHeight%3D750%26origFormat%3Dpng&amp;w=248&amp;h=372&amp;q=80&amp;f=avif)" class="absolute left-[-5%] top-[-5%] size-[110%] bg-default bg-cover bg-center"></div><div class="absolute size-full backdrop-blur"></div></div><div class="relative -top-4 z-10 h-[372px] shadow-[0_5px_20px_rgba(49,46,42,0.22)]"><img srcSet="/_image?/content%2Fassets%2Fcovers%2Fthe-cipher-by-kathe-koja.png%3ForigWidth%3D500%26origHeight%3D750%26origFormat%3Dpng&amp;w=248&amp;q=80&amp;f=avif 1x, /_image?/content%2Fassets%2Fcovers%2Fthe-cipher-by-kathe-koja.png%3ForigWidth%3D500%26origHeight%3D750%26origFormat%3Dpng&amp;w=496&amp;q=80&amp;f=avif 2x" src="/_image?/content%2Fassets%2Fcovers%2Fthe-cipher-by-kathe-koja.png%3ForigWidth%3D500%26origHeight%3D750%26origFormat%3Dpng&amp;w=248&amp;h=372&amp;q=80&amp;f=avif" alt="A cover for The Cipher by Kathe Koja" width="248" height="372" class="safari-border-radius-fix shadow-[0_5px_20px_rgba(49,46,42,0.22)]" loading="eager" decoding="async" style="aspect-ratio:0.66666667"/></div></div><div class="spacer-y-12"></div><picture><source srcSet="/svg/4-stars-dark.svg" media="(prefers-color-scheme: dark)"/><img src="/svg/4-stars.svg" alt="B: 4 stars (out of 5)" height="32" width="160"/></picture><div class="flex flex-col items-center tracking-0.5px text-subtle"><span>on</span> <!-- -->Sun, Jan 29, 2023</div><div class="spacer-y-8"></div></header><div class="flex flex-col px-pageMargin desktop:px-gutter"><div class="rendered-markdown font-light text-md/7 tracking-0.3px tablet:text-xl/8 max-w-prose"><p>How to describe <em>The Cipher</em>? The plot concerns Nicholas, an aimless twenty-something drifting through life, who discovers a mysterious hole inside a disused storage room in his derelict apartment building. Weird things ensue.</p>
<!-- end -->
<p>But this doesn’t convey a sense of the book’s dichotomy. Sometimes brilliant, sometimes frustrating, often both. Bear with me.</p>
<p>Author Kathe Koja sets the story in an unnamed American city. A city big enough to support an underground art scene, sprawling enough for cars, and far enough north that blizzards aren’t uncommon. Think Detroit or somewhere in the Rust Belt. This setting proves an ever-present character, like Raymond Chandler’s Los Angeles.</p>
<blockquote>
<p>I cursed my way into the shower, glad as I drove breakfastless to work beneath trees bare as telephone poles and signs for things I never did or would.</p>
</blockquote>
<p>We’ll revisit the Chandler comparison later. Let’s continue with the atmosphere. Published in 1991, the book foreshadows the 90s grunge scene. Everything feels grimy.</p>
<blockquote>
<p>Especially that night: detritus smeared all over, puddles of spilled beer and toppled ashtrays and some crusted cheeselike stain on the shower curtain that even I, drunk as I was (and I was), couldn’t bear to look at.</p>
</blockquote>
<p>And when Nicholas discovers the hole—the Funhole—as he calls it, Koja crafts the perfect stream-of-consciousness to illustrate its unsettling opaqueness when they try throwing something into it.</p>
<blockquote>
<p>(an asphalt rock plucked from the parking lot, not too big and not too small; it made no sound, no sound at all, can you imagine how spooky that is?).</p>
</blockquote>
<p>I can imagine.</p>
<p>Accompanying Nicholas in his discovery is Nakota, the object of his unrequited love. Nakota is everything Nicholas is not: assertive, driven, confident, manipulative. Nicholas proves self-aware enough to recognize his plight, but incapable of effecting change.</p>
<blockquote>
<p>Skid and drift, that was me and the way I lived my life, foolish, hopeless, irredeemable, a broom-closet hellhole my epiphany, my one true love a woman who had never come close to loving me, even on my best days, her best days, this woman my lover now again in what was at most a terminal waste of time. Ah God, the happy hells I can create, you too, all of us. Even Nakota. We are all our worst best friends. Don’t agree? Go fuck yourself.</p>
</blockquote>
<p>Here the book falters. Koja paints Nakota with vivid detail, but never shows us what Nicholas sees in her. Instead, Koja relies on shared experience. We’ve all known someone like Nakota. Part of growing up is learning to steer clear of her type. Had I read this as a teen, I could have empathized with Nicholas. But middle-aged, it’s hard to place myself in that emotional state.</p>
<p>Which ties to the book’s biggest shortcoming. Nicholas proves an uncompelling protagonist. He is the titular cipher, with no agency and no ambition. He has no friends, works in a video store, lives in a studio tenement, and subsists on beer. Though his body undergoes dramatic and unsettling changes, he lacks a corresponding emotional arc. Again, had I read this as a teenager, Nicholas’s angst may have resonated. But, as is, I found myself frustrated. The stilted plotting relies on other characters to move it forward.</p>
<p>Don’t let my frustrations dissuade you. The book entertains. Returning to the Raymond Chandler comparison, Koja proffers several memorable lines reminiscent of Chandler’s cynicism.</p>
<p>For example, when Nicholas experiences a rare moment of clarity:</p>
<blockquote>
<p>I had been purely and unarguably right. An odd feeling. Not pleasant. You can get used to being wrong all the time; it takes all the responsibility out of things.</p>
</blockquote>
<p>And lines reminiscent of Chandler’s deft similes.</p>
<blockquote>
<p>My instant coffee tasted like the devil’s asshole.</p>
</blockquote>
<p>This ever-present wit tempers the angst. Consider this scene where Nicholas wonders how long he’ll have to endure the Funhole’s machinations. Until when?</p>
<blockquote>
<p>Until you’re assumed in a pillar of cloud, until all the blood in your body turns to gold, until you go crazy from your own dumb solitude and throw yourself in a grand suicidal gesture not down the hole but out a friendly window?</p>
<p>What a melodramatic asshole I was turning out to be.</p>
</blockquote>
<p>Koja introduces more characters to jump-start the finale, including Malcolm, a pretentious celeb in the local underground art scene.</p>
<blockquote>
<p>He fell into step with me, or rather linked his ironic amble to my perpetual slouch. I bet he even shaved ironically.</p>
</blockquote>
<p>I pictured him as a young Malcolm McDowell.</p>
<p>Koja also throws off a bit of bad comedy that nonetheless elicited a guffaw.</p>
<blockquote>
<p>Dave was even moved to crack a joke, something about the superrealists who froze to death when they went to the drive-in to see CLOSED FOR WINTER.</p>
</blockquote>
<p>As the story pushes toward its conclusion, Koja ramps up the body horror, proffering lines reminiscent of Clive Barker:</p>
<blockquote>
<p>All bodies are, in some sense; engines driven by the health or disease of their owners, jackets of flesh that are the physical sum of their wearers.</p>
</blockquote>
<p>But, as Nicholas says, “Speculation becomes meaningless when it never blossoms.” And so Koja allows it to blossom. The result didn’t floor me, but at least justified the time invested.</p>
<p>As a debut novel, <em>The Cipher</em> impresses. It’s not without flaws, but the sheer originality, combined with the dry wit and existential horror, left me eager to read more of Koja’s work.</p></div></div><div class="spacer-y-20"></div><div class="w-full max-w-popout"><h2 class="px-gutter text-md font-normal text-subtle shadow-bottom">Reading History<div class="spacer-y-2"></div></h2><ul><li class="grid auto-rows-auto grid-cols-[16px_1ch_1fr] px-gutter pt-4 even:bg-subtle"><div class="mt-1"><svg width="1em" height="1em" viewBox="0 0 16 16" class="fill-subtle mr-[1ch] min-h-4 min-w-4" xmlns="http://www.w3.org/2000/svg"><title>Watched on</title><path fill-rule="evenodd" d="M14 2H2a1 1 0 0 0-1 1v11a1 1 0 0 0 1 1h12a1 1 0 0 0 1-1V3a1 1 0 0 0-1-1zM2 1a2 2 0 0 0-2 2v11a2 2 0 0 0 2 2h12a2 2 0 0 0 2-2V3a2 2 0 0 0-2-2H2z"></path><path fill-rule="evenodd" d="M14 2H2a1 1 0 0 0-1 1v1h14V3a1 1 0 0 0-1-1zM2 1a2 2 0 0 0-2 2v2h16V3a2 2 0 0 0-2-2H2z"></path><path fill-rule="evenodd" d="M3.5 0a.5.5 0 0 1 .5.5V1a.5.5 0 0 1-1 0V.5a.5.5 0 0 1 .5-.5zm9 0a.5.5 0 0 1 .5.5V1a.5.5 0 0 1-1 0V.5a.5.5 0 0 1 .5-.5z"></path></svg> </div><div class="col-start-3"><span class="inline-block text-default">Sun, Jan 29, 2023</span> <span class="font-light text-muted"><span>via</span> <span>Kindle</span></span> <span class="text-sm font-light leading-none text-subtle">(<span class="rendered-markdown font-light text-sm leading-none"><span>Roadswell Editions, 2012</span></span>)</span></div><div class="col-start-3 row-start-2"><details class="font-light text-subtle"><summary>Read over<!-- --> <!-- -->8<!-- --> Days</summary><ol class="-ml-gutter grid w-full grid-cols-[auto_1fr_auto] items-center pt-2"><li class="contents *:odd:bg-subtle"><div class="whitespace-nowrap px-gutter leading-10">22 Jan 2023</div><div class="h-10 w-full"><div class="progress-bar-bg leading-[38px]" style="--bar-percent:14.000000000000002%"> </div></div><div class="px-gutter text-right leading-10">14%</div></li><li class="contents *:odd:bg-subtle"><div class="whitespace-nowrap px-gutter leading-10">23 Jan 2023</div><div class="h-10 w-full"><div class="progress-bar-bg leading-[38px]" style="--bar-percent:21%"> </div></div><div class="px-gutter text-right leading-10">21%</div></li><li class="contents *:odd:bg-subtle"><div class="whitespace-nowrap px-gutter leading-10">24 Jan 2023</div><div class="h-10 w-full"><div class="progress-bar-bg leading-[38px]" style="--bar-percent:33%"> </div></div><div class="px-gutter text-right leading-10">33%</div></li><li class="contents *:odd:bg-subtle"><div class="whitespace-nowrap px-gutter leading-10">25 Jan 2023</div><div class="h-10 w-full"><div class="progress-bar-bg leading-[38px]" style="--bar-percent:42%"> </div></div><div class="px-gutter text-right leading-10">42%</div></li><li class="contents *:odd:bg-subtle"><div class="whitespace-nowrap px-gutter leading-10">26 Jan 2023</div><div class="h-10 w-full"><div class="progress-bar-bg leading-[38px]" style="--bar-percent:51%"> </div></div><div class="px-gutter text-right leading-10">51%</div></li><li class="contents *:odd:bg-subtle"><div class="whitespace-nowrap px-gutter leading-10">27 Jan 2023</div><div class="h-10 w-full"><div class="progress-bar-bg leading-[38px]" style="--bar-percent:59%"> </div></div><div class="px-gutter text-right leading-10">59%</div></li><li class="contents *:odd:bg-subtle"><div class="whitespace-nowrap px-gutter leading-10">28 Jan 2023</div><div class="h-10 w-full"><div class="progress-bar-bg leading-[38px]" style="--bar-percent:76%"> </div></div><div class="px-gutter text-right leading-10">76%</div></li><li class="contents *:odd:bg-subtle"><div class="whitespace-nowrap px-gutter leading-10">29 Jan 2023</div><div class="h-10 w-full"><div class="progress-bar-bg leading-[38px]" style="--bar-percent:100%"> </div></div><div class="px-gutter text-right leading-10">Finished</div></li></ol></details></div><div class="col-span-3 col-start-1 row-start-3 pt-4"></div></li></ul></div><div class="spacer-y-32"></div><div class="flex w-full flex-col items-center gap-y-12 bg-default tablet:bg-subtle tablet:pb-32 tablet:pt-8 desktop:gap-y-24"><nav class="relative flex w-full flex-col items-center tablet:w-auto"><div class="w-full px-gutter py-2 shadow-bottom tablet:py-4 tablet:shadow-none desktop:px-pageMargin desktop:py-4"><span class="font-semibold text-muted">More<!-- --> </span><a class="text-accent" href="/reviews/">Reviews</a></div><ul class="w-full tablet:grid tablet:grid-cols-[repeat(4,minmax(78px,248px))] tablet:gap-8 tablet:px-gutter desktop:grid-cols-[repeat(4,1fr)] desktop:gap-x-16 desktop:px-pageMargin desktop:pt-2"><li class="flex flex-row items-center gap-x-4 px-gutter py-4 even:bg-subtle tablet:flex-col tablet:items-start tablet:p-0 even:tablet:bg-unset"><a href="/reviews/the-cellar-by-richard-laymon/" class="min-w-20 max-w-20 shrink-0 tablet:max-w-poster safari-border-radius-fix overflow-hidden"><img srcSet="/_image?/content%2Fassets%2Fcovers%2Fthe-cellar-by-richard-laymon.png%3ForigWidth%3D500%26origHeight%3D750%26origFormat%3Dpng&amp;w=62&amp;q=80&amp;f=avif 62w, /_image?/content%2Fassets%2Fcovers%2Fthe-cellar-by-richard-laymon.png%3ForigWidth%3D500%26origHeight%3D750%26origFormat%3Dpng&amp;w=124&amp;q=80&amp;f=avif 124w, /_image?/content%2Fassets%2Fcovers%2Fthe-cellar-by-richard-laymon.png%3ForigWidth%3D500%26origHeight%3D750%26origFormat%3Dpng&amp;w=248&amp;q=80&amp;f=avif 248w, /_image?/content%2Fassets%2Fcovers%2Fthe-cellar-by-richard-laymon.png%3ForigWidth%3D500%26origHeight%3D750%26origFormat%3Dpng&amp;w=496&amp;q=80&amp;f=avif 496w" src="/_image?/content%2Fassets%2Fcovers%2Fthe-cellar-by-richard-laymon.png%3ForigWidth%3D500%26origHeight%3D750%26origFormat%3Dpng&amp;w=248&amp;h=372&amp;q=80&amp;f=avif" alt="A cover for The Cellar by Richard Laymon" title="The Cellar" authors="[object Object]" height="372" width="248" class="aspect-[0.66666667]" loading="lazy" decoding="async" style="aspect-ratio:0.66666667"/></a><div class="tablet:spacer-y-2"></div><div class="flex grow flex-col tablet:w-full tablet:items-center"><div class="tablet:spacer-y-1"></div><a href="/reviews/the-cellar-by-richard-laymon/" class="block text-md leading-5 text-accent tablet:text-center tablet:text-base tablet:leading-5 desktop:text-md">The Cellar</a><div class="spacer-y-1 tablet:spacer-y-2"></div><div class="text-base leading-5 text-muted text-left tablet:text-center">Richard Laymon</div><div class="spacer-y-3"></div><div class="text-sm leading-4 tracking-0.5px text-subtle text-left tablet:text-center"><span>1980<!-- --> | </span>Novel</div><div class="spacer-y-3"></div><picture><source srcSet="/svg/3-stars-dark.svg" media="(prefers-color-scheme: dark)"/><img src="/svg/3-stars.svg" alt="C+: 3 stars (out of 5)" height="16" width="80"/></picture><div class="spacer-y-2"></div></div></li><li class="flex flex-row items-center gap-x-4 px-gutter py-4 even:bg-subtle tablet:flex-col tablet:items-start tablet:p-0 even:tablet:bg-unset"><a href="/reviews/churchill-by-andrew-roberts/" class="min-w-20 max-w-20 shrink-0 tablet:max-w-poster safari-border-radius-fix overflow-hidden"><img srcSet="/_image?/content%2Fassets%2Fcovers%2Fchurchill-by-andrew-roberts.png%3ForigWidth%3D500%26origHeight%3D750%26origFormat%3Dpng&amp;w=62&amp;q=80&amp;f=avif 62w, /_image?/content%2Fassets%2Fcovers%2Fchurchill-by-andrew-roberts.png%3ForigWidth%3D500%26origHeight%3D750%26origFormat%3Dpng&amp;w=124&amp;q=80&amp;f=avif 124w, /_image?/content%2Fassets%2Fcovers%2Fchurchill-by-andrew-roberts.png%3ForigWidth%3D500%26origHeight%3D750%26origFormat%3Dpng&amp;w=248&amp;q=80&amp;f=avif 248w, /_image?/content%2Fassets%2Fcovers%2Fchurchill-by-andrew-roberts.png%3ForigWidth%3D500%26origHeight%3D750%26origFormat%3Dpng&amp;w=496&amp;q=80&amp;f=avif 496w" src="/_image?/content%2Fassets%2Fcovers%2Fchurchill-by-andrew-roberts.png%3ForigWidth%3D500%26origHeight%3D750%26origFormat%3Dpng&amp;w=248&amp;h=372&amp;q=80&amp;f=avif" alt="A cover for Churchill: Walking with Destiny by Andrew Roberts" title="Churchill" authors="[object Object]" height="372" width="248" class="aspect-[0.66666667]" loading="lazy" decoding="async" style="aspect-ratio:0.66666667"/></a><div class="tablet:spacer-y-2"></div><div class="flex grow flex-col tablet:w-full tablet:items-center"><div class="tablet:spacer-y-1"></div><a href="/reviews/churchill-by-andrew-roberts/" class="block text-md leading-5 text-accent tablet:text-center tablet:text-base tablet:leading-5 desktop:text-md">Churchill</a><div class="spacer-y-1 tablet:spacer-y-2"></div><div class="text-base leading-5 text-muted text-left tablet:text-center">Andrew Roberts</div><div class="spacer-y-3"></div><div class="text-sm leading-4 tracking-0.5px text-subtle text-left tablet:text-center"><span>2018<!-- --> | </span>Nonfiction</div><div class="spacer-y-3"></div><picture><source srcSet="/svg/4-half-stars-dark.svg" media="(prefers-color-scheme: dark)"/><img src="/svg/4-half-stars.svg" alt="A-: 4.5 stars (out of 5)" height="16" width="80"/></picture><div class="spacer-y-2"></div></div></li><li class="flex flex-row items-center gap-x-4 px-gutter py-4 even:bg-subtle tablet:flex-col tablet:items-start tablet:p-0 even:tablet:bg-unset"><a href="/reviews/coffin-by-philip-fracassi/" class="min-w-20 max-w-20 shrink-0 tablet:max-w-poster safari-border-radius-fix overflow-hidden"><img srcSet="/_image?/content%2Fassets%2Fcovers%2Fbehold-the-void-by-philip-fracassi.png%3ForigWidth%3D500%26origHeight%3D750%26origFormat%3Dpng&amp;w=62&amp;q=80&amp;f=avif 62w, /_image?/content%2Fassets%2Fcovers%2Fbehold-the-void-by-philip-fracassi.png%3ForigWidth%3D500%26origHeight%3D750%26origFormat%3Dpng&amp;w=124&amp;q=80&amp;f=avif 124w, /_image?/content%2Fassets%2Fcovers%2Fbehold-the-void-by-philip-fracassi.png%3ForigWidth%3D500%26origHeight%3D750%26origFormat%3Dpng&amp;w=248&amp;q=80&amp;f=avif 248w, /_image?/content%2Fassets%2Fcovers%2Fbehold-the-void-by-philip-fracassi.png%3ForigWidth%3D500%26origHeight%3D750%26origFormat%3Dpng&amp;w=496&amp;q=80&amp;f=avif 496w" src="/_image?/content%2Fassets%2Fcovers%2Fbehold-the-void-by-philip-fracassi.png%3ForigWidth%3D500%26origHeight%3D750%26origFormat%3Dpng&amp;w=248&amp;h=372&amp;q=80&amp;f=avif" alt="A cover for Behold the Void by Philip Fracassi" title="Coffin" authors="[object Object]" height="372" width="248" class="aspect-[0.66666667]" loading="lazy" decoding="async" style="aspect-ratio:0.66666667"/></a><div class="tablet:spacer-y-2"></div><div class="flex grow flex-col tablet:w-full tablet:items-center"><div class="tablet:spacer-y-1"></div><a href="/reviews/coffin-by-philip-fracassi/" class="block text-md leading-5 text-accent tablet:text-center tablet:text-base tablet:leading-5 desktop:text-md">Coffin</a><div class="spacer-y-1 tablet:spacer-y-2"></div><div class="text-base leading-5 text-muted text-left tablet:text-center">Philip Fracassi</div><div class="spacer-y-3"></div><div class="text-sm leading-4 tracking-0.5px text-subtle text-left tablet:text-center"><span>2017<!-- --> | </span>Short Story</div><div class="spacer-y-3"></div><picture><source srcSet="/svg/3-stars-dark.svg" media="(prefers-color-scheme: dark)"/><img src="/svg/3-stars.svg" alt="C+: 3 stars (out of 5)" height="16" width="80"/></picture><div class="spacer-y-2"></div></div></li><li class="flex flex-row items-center gap-x-4 px-gutter py-4 even:bg-subtle tablet:flex-col tablet:items-start tablet:p-0 even:tablet:bg-unset"><a href="/reviews/consider-this-by-chuck-palahniuk/" class="min-w-20 max-w-20 shrink-0 tablet:max-w-poster safari-border-radius-fix overflow-hidden"><img srcSet="/_image?/content%2Fassets%2Fcovers%2Fconsider-this-by-chuck-palahniuk.png%3ForigWidth%3D500%26origHeight%3D750%26origFormat%3Dpng&amp;w=62&amp;q=80&amp;f=avif 62w, /_image?/content%2Fassets%2Fcovers%2Fconsider-this-by-chuck-palahniuk.png%3ForigWidth%3D500%26origHeight%3D750%26origFormat%3Dpng&amp;w=124&amp;q=80&amp;f=avif 124w, /_image?/content%2Fassets%2Fcovers%2Fconsider-this-by-chuck-palahniuk.png%3ForigWidth%3D500%26origHeight%3D750%26origFormat%3Dpng&amp;w=248&amp;q=80&amp;f=avif 248w, /_image?/content%2Fassets%2Fcovers%2Fconsider-this-by-chuck-palahniuk.png%3ForigWidth%3D500%26origHeight%3D750%26origFormat%3Dpng&amp;w=496&amp;q=80&amp;f=avif 496w" src="/_image?/content%2Fassets%2Fcovers%2Fconsider-this-by-chuck-palahniuk.png%3ForigWidth%3D500%26origHeight%3D750%26origFormat%3Dpng&amp;w=248&amp;h=372&amp;q=80&amp;f=avif" alt="A cover for Consider This: Moments in My Writing Life After Which Everything Was Different by Chuck Palahniuk" title="Consider This" authors="[object Object]" height="372" width="248" class="aspect-[0.66666667]" loading="lazy" decoding="async" style="aspect-ratio:0.66666667"/></a><div class="tablet:spacer-y-2"></div><div class="flex grow flex-col tablet:w-full tablet:items-center"><div class="tablet:spacer-y-1"></div><a href="/reviews/consider-this-by-chuck-palahniuk/" class="block text-md leading-5 text-accent tablet:text-center tablet:text-base tablet:leading-5 desktop:text-md">Consider This</a><div class="spacer-y-1 tablet:spacer-y-2"></div><div class="text-base leading-5 text-muted text-left tablet:text-center">Chuck Palahniuk</div><div class="spacer-y-3"></div><div class="text-sm leading-4 tracking-0.5px text-subtle text-left tablet:text-center"><span>2020<!-- --> | </span>Nonfiction</div><div class="spacer-y-3"></div><picture><source srcSet="/svg/4-stars-dark.svg" media="(prefers-color-scheme: dark)"/><img src="/svg/4-stars.svg" alt="B: 4 stars (out of 5)" height="16" width="80"/></picture><div class="spacer-y-2"></div></div></li><li class="col-span-full block px-gutter py-4 text-right shadow-bottom tablet:absolute tablet:right-0 tablet:top-0 tablet:shadow-none desktop:right-[var(--gutter-width)]"><a href="/reviews/" class="text-accent">All<!-- --> <span class="inline tablet:hidden desktop:inline">Reviews</span> <!-- -->→</a></li></ul></nav></div><script type="application/ld+json">{"@context":"http://schema.org","@type":"Review","itemReviewed":{"@type":"Book","name":"The Cipher","image":"/_image?/content%2Fassets%2Fcovers%2Fthe-cipher-by-kathe-koja.png%3ForigWidth%3D500%26origHeight%3D750%26origFormat%3Dpng&w=1200&h=630&q=80&f=jpeg"},"reviewRating":{"@type":"Rating","ratingValue":4},"author":{"@type":"Person","name":"Frank Showalter"}}</script></main>  </div><footer class="flex flex-col items-center gap-y-6 bg-[url(&#x27;/assets/ripnotcomingsoon.avif&#x27;)] px-pageMargin py-8 text-inverse"><ul class="flex w-full flex-wrap justify-center gap-x-4 gap-y-2 text-inverse tablet:gap-x-6 max:w-auto"><li class="block whitespace-nowrap tracking-0.5px"><a class="text-inverse" href="/">Home</a></li><li class="block whitespace-nowrap tracking-0.5px"><a class="text-inherit" href="/how-i-grade/">How I Grade</a></li><li class="block whitespace-nowrap tracking-0.5px"><a class="text-inherit" href="/reviews/">Reviews</a></li><li class="block whitespace-nowrap tracking-0.5px"><a class="text-inherit" href="/readings/">Reading Log</a></li><li class="block whitespace-nowrap tracking-0.5px"><a class="text-inherit" href="/authors/">Authors</a></li><li class="block whitespace-nowrap tracking-0.5px"><a class="text-inherit" href="/shelf/">Shelf</a></li></ul><p class="text-sm font-light leading-4">All images used in accordance with the<!-- --> <a href="http://www.copyright.gov/title17/92chap1.html#107" class="text-inherit">Fair Use Law.</a></p><a href="#top" class="sr-only">To the top ↑</a></footer></div></div> </html>